<?xml version="1.0" encoding="ISO-8859-1" ?>
<link_info>
   <banner>TI ARM Linker PC v18.12.4.LTS</banner>
   <copyright>Copyright (c) 1996-2018 Texas Instruments Incorporated</copyright>
   <link_time>0x5e3bd597</link_time>
   <link_errors>0x0</link_errors>
   <output_file>lab3.out</output_file>
   <entry_point>
      <name>_c_int00_noargs</name>
      <address>0x20007dd1</address>
   </entry_point>
   <input_file_list>
      <input_file id="fl-2">
         <path>.\</path>
         <kind>object</kind>
         <file>Adafruit_GFX.obj</file>
         <name>Adafruit_GFX.obj</name>
      </input_file>
      <input_file id="fl-3">
         <path>.\</path>
         <kind>object</kind>
         <file>Adafruit_OLED.obj</file>
         <name>Adafruit_OLED.obj</name>
      </input_file>
      <input_file id="fl-4">
         <path>.\</path>
         <kind>object</kind>
         <file>main.obj</file>
         <name>main.obj</name>
      </input_file>
      <input_file id="fl-5">
         <path>.\</path>
         <kind>object</kind>
         <file>pinmux.obj</file>
         <name>pinmux.obj</name>
      </input_file>
      <input_file id="fl-6">
         <path>.\</path>
         <kind>object</kind>
         <file>startup_ccs.obj</file>
         <name>startup_ccs.obj</name>
      </input_file>
      <input_file id="fl-7">
         <path>.\</path>
         <kind>object</kind>
         <file>timer_if.obj</file>
         <name>timer_if.obj</name>
      </input_file>
      <input_file id="fl-8">
         <path>.\</path>
         <kind>object</kind>
         <file>uart_if.obj</file>
         <name>uart_if.obj</name>
      </input_file>
      <input_file id="fl-d">
         <kind>object</kind>
         <file>&lt;internal&gt;</file>
         <name>&lt;internal&gt;</name>
      </input_file>
      <input_file id="fl-c3">
         <path>C:\ti\ccs930\ccs\tools\compiler\ti-cgt-arm_18.12.4.LTS\lib\</path>
         <kind>archive</kind>
         <file>rtsv7M4_T_le_eabi.lib</file>
         <name>vsnprintf.c.obj</name>
      </input_file>
      <input_file id="fl-c4">
         <path>C:\ti\ccs930\ccs\tools\compiler\ti-cgt-arm_18.12.4.LTS\lib\</path>
         <kind>archive</kind>
         <file>rtsv7M4_T_le_eabi.lib</file>
         <name>memcpy_t2.asm.obj</name>
      </input_file>
      <input_file id="fl-c5">
         <path>C:\ti\ccs930\ccs\tools\compiler\ti-cgt-arm_18.12.4.LTS\lib\</path>
         <kind>archive</kind>
         <file>rtsv7M4_T_le_eabi.lib</file>
         <name>memset_t2.asm.obj</name>
      </input_file>
      <input_file id="fl-c6">
         <path>C:\ti\ccs930\ccs\tools\compiler\ti-cgt-arm_18.12.4.LTS\lib\</path>
         <kind>archive</kind>
         <file>rtsv7M4_T_le_eabi.lib</file>
         <name>copy_zero_init.c.obj</name>
      </input_file>
      <input_file id="fl-c7">
         <path>C:\ti\ccs930\ccs\tools\compiler\ti-cgt-arm_18.12.4.LTS\lib\</path>
         <kind>archive</kind>
         <file>rtsv7M4_T_le_eabi.lib</file>
         <name>copy_decompress_none.c.obj</name>
      </input_file>
      <input_file id="fl-c8">
         <path>C:\ti\ccs930\ccs\tools\compiler\ti-cgt-arm_18.12.4.LTS\lib\</path>
         <kind>archive</kind>
         <file>rtsv7M4_T_le_eabi.lib</file>
         <name>copy_decompress_lzss.c.obj</name>
      </input_file>
      <input_file id="fl-c9">
         <path>C:\ti\ccs930\ccs\tools\compiler\ti-cgt-arm_18.12.4.LTS\lib\</path>
         <kind>archive</kind>
         <file>rtsv7M4_T_le_eabi.lib</file>
         <name>memmov.c.obj</name>
      </input_file>
      <input_file id="fl-ca">
         <path>C:\ti\ccs930\ccs\tools\compiler\ti-cgt-arm_18.12.4.LTS\lib\</path>
         <kind>archive</kind>
         <file>rtsv7M4_T_le_eabi.lib</file>
         <name>memory.c.obj</name>
      </input_file>
      <input_file id="fl-cb">
         <path>C:\ti\ccs930\ccs\tools\compiler\ti-cgt-arm_18.12.4.LTS\lib\</path>
         <kind>archive</kind>
         <file>rtsv7M4_T_le_eabi.lib</file>
         <name>strcpy.c.obj</name>
      </input_file>
      <input_file id="fl-cc">
         <path>C:\ti\ccs930\ccs\tools\compiler\ti-cgt-arm_18.12.4.LTS\lib\</path>
         <kind>archive</kind>
         <file>rtsv7M4_T_le_eabi.lib</file>
         <name>strlen.c.obj</name>
      </input_file>
      <input_file id="fl-cd">
         <path>C:\ti\ccs930\ccs\tools\compiler\ti-cgt-arm_18.12.4.LTS\lib\</path>
         <kind>archive</kind>
         <file>rtsv7M4_T_le_eabi.lib</file>
         <name>strstr.c.obj</name>
      </input_file>
      <input_file id="fl-ce">
         <path>C:\ti\ccs930\ccs\tools\compiler\ti-cgt-arm_18.12.4.LTS\lib\</path>
         <kind>archive</kind>
         <file>rtsv7M4_T_le_eabi.lib</file>
         <name>boot_cortex_m.c.obj</name>
      </input_file>
      <input_file id="fl-cf">
         <path>C:\ti\ccs930\ccs\tools\compiler\ti-cgt-arm_18.12.4.LTS\lib\</path>
         <kind>archive</kind>
         <file>rtsv7M4_T_le_eabi.lib</file>
         <name>_printfi.c.obj</name>
      </input_file>
      <input_file id="fl-d0">
         <path>C:\ti\ccs930\ccs\tools\compiler\ti-cgt-arm_18.12.4.LTS\lib\</path>
         <kind>archive</kind>
         <file>rtsv7M4_T_le_eabi.lib</file>
         <name>fd_add_t2.asm.obj</name>
      </input_file>
      <input_file id="fl-d1">
         <path>C:\ti\ccs930\ccs\tools\compiler\ti-cgt-arm_18.12.4.LTS\lib\</path>
         <kind>archive</kind>
         <file>rtsv7M4_T_le_eabi.lib</file>
         <name>fd_cmp_t2.asm.obj</name>
      </input_file>
      <input_file id="fl-d2">
         <path>C:\ti\ccs930\ccs\tools\compiler\ti-cgt-arm_18.12.4.LTS\lib\</path>
         <kind>archive</kind>
         <file>rtsv7M4_T_le_eabi.lib</file>
         <name>fd_div_t2.asm.obj</name>
      </input_file>
      <input_file id="fl-d3">
         <path>C:\ti\ccs930\ccs\tools\compiler\ti-cgt-arm_18.12.4.LTS\lib\</path>
         <kind>archive</kind>
         <file>rtsv7M4_T_le_eabi.lib</file>
         <name>fd_mul_t2.asm.obj</name>
      </input_file>
      <input_file id="fl-d4">
         <path>C:\ti\ccs930\ccs\tools\compiler\ti-cgt-arm_18.12.4.LTS\lib\</path>
         <kind>archive</kind>
         <file>rtsv7M4_T_le_eabi.lib</file>
         <name>fd_toi_t2.asm.obj</name>
      </input_file>
      <input_file id="fl-d5">
         <path>C:\ti\ccs930\ccs\tools\compiler\ti-cgt-arm_18.12.4.LTS\lib\</path>
         <kind>archive</kind>
         <file>rtsv7M4_T_le_eabi.lib</file>
         <name>i_tofd_t2.asm.obj</name>
      </input_file>
      <input_file id="fl-d6">
         <path>C:\ti\ccs930\ccs\tools\compiler\ti-cgt-arm_18.12.4.LTS\lib\</path>
         <kind>archive</kind>
         <file>rtsv7M4_T_le_eabi.lib</file>
         <name>ull_div_t2.asm.obj</name>
      </input_file>
      <input_file id="fl-d7">
         <path>C:\ti\ccs930\ccs\tools\compiler\ti-cgt-arm_18.12.4.LTS\lib\</path>
         <kind>archive</kind>
         <file>rtsv7M4_T_le_eabi.lib</file>
         <name>autoinit.c.obj</name>
      </input_file>
      <input_file id="fl-d8">
         <path>C:\ti\ccs930\ccs\tools\compiler\ti-cgt-arm_18.12.4.LTS\lib\</path>
         <kind>archive</kind>
         <file>rtsv7M4_T_le_eabi.lib</file>
         <name>pre_init.c.obj</name>
      </input_file>
      <input_file id="fl-d9">
         <path>C:\ti\ccs930\ccs\tools\compiler\ti-cgt-arm_18.12.4.LTS\lib\</path>
         <kind>archive</kind>
         <file>rtsv7M4_T_le_eabi.lib</file>
         <name>cpy_tbl.c.obj</name>
      </input_file>
      <input_file id="fl-da">
         <path>C:\ti\ccs930\ccs\tools\compiler\ti-cgt-arm_18.12.4.LTS\lib\</path>
         <kind>archive</kind>
         <file>rtsv7M4_T_le_eabi.lib</file>
         <name>exit.c.obj</name>
      </input_file>
      <input_file id="fl-db">
         <path>C:\ti\ccs930\ccs\tools\compiler\ti-cgt-arm_18.12.4.LTS\lib\</path>
         <kind>archive</kind>
         <file>rtsv7M4_T_le_eabi.lib</file>
         <name>_lock.c.obj</name>
      </input_file>
      <input_file id="fl-dc">
         <path>C:\ti\ccs930\ccs\tools\compiler\ti-cgt-arm_18.12.4.LTS\lib\</path>
         <kind>archive</kind>
         <file>rtsv7M4_T_le_eabi.lib</file>
         <name>args_main.c.obj</name>
      </input_file>
      <input_file id="fl-dd">
         <path>C:\ti\ccs930\ccs\tools\compiler\ti-cgt-arm_18.12.4.LTS\lib\</path>
         <kind>archive</kind>
         <file>rtsv7M4_T_le_eabi.lib</file>
         <name>atoi.c.obj</name>
      </input_file>
      <input_file id="fl-de">
         <path>C:\ti\ccs930\ccs\tools\compiler\ti-cgt-arm_18.12.4.LTS\lib\</path>
         <kind>archive</kind>
         <file>rtsv7M4_T_le_eabi.lib</file>
         <name>ctype.c.obj</name>
      </input_file>
      <input_file id="fl-df">
         <path>C:\ti\ccs930\ccs\tools\compiler\ti-cgt-arm_18.12.4.LTS\lib\</path>
         <kind>archive</kind>
         <file>rtsv7M4_T_le_eabi.lib</file>
         <name>ltoa.c.obj</name>
      </input_file>
      <input_file id="fl-e0">
         <path>C:\ti\ccs930\ccs\tools\compiler\ti-cgt-arm_18.12.4.LTS\lib\</path>
         <kind>archive</kind>
         <file>rtsv7M4_T_le_eabi.lib</file>
         <name>memccpy.c.obj</name>
      </input_file>
      <input_file id="fl-e1">
         <path>C:\ti\ccs930\ccs\tools\compiler\ti-cgt-arm_18.12.4.LTS\lib\</path>
         <kind>archive</kind>
         <file>rtsv7M4_T_le_eabi.lib</file>
         <name>strchr.c.obj</name>
      </input_file>
      <input_file id="fl-e2">
         <path>C:\ti\ccs930\ccs\tools\compiler\ti-cgt-arm_18.12.4.LTS\lib\</path>
         <kind>archive</kind>
         <file>rtsv7M4_T_le_eabi.lib</file>
         <name>errno.c.obj</name>
      </input_file>
      <input_file id="fl-e3">
         <path>C:\ti\ccs930\ccs\tools\compiler\ti-cgt-arm_18.12.4.LTS\lib\</path>
         <kind>archive</kind>
         <file>rtsv7M4_T_le_eabi.lib</file>
         <name>wcslen.c.obj</name>
      </input_file>
      <input_file id="fl-e4">
         <path>C:\ti\ccs930\ccs\tools\compiler\ti-cgt-arm_18.12.4.LTS\lib\</path>
         <kind>archive</kind>
         <file>rtsv7M4_T_le_eabi.lib</file>
         <name>s_frexp.c.obj</name>
      </input_file>
      <input_file id="fl-e5">
         <path>C:\ti\ccs930\ccs\tools\compiler\ti-cgt-arm_18.12.4.LTS\lib\</path>
         <kind>archive</kind>
         <file>rtsv7M4_T_le_eabi.lib</file>
         <name>s_scalbn.c.obj</name>
      </input_file>
      <input_file id="fl-e6">
         <path>C:\ti\ccs930\ccs\tools\compiler\ti-cgt-arm_18.12.4.LTS\lib\</path>
         <kind>archive</kind>
         <file>rtsv7M4_T_le_eabi.lib</file>
         <name>div0.asm.obj</name>
      </input_file>
      <input_file id="fl-e7">
         <path>C:\ti\ccs930\ccs\tools\compiler\ti-cgt-arm_18.12.4.LTS\lib\</path>
         <kind>archive</kind>
         <file>rtsv7M4_T_le_eabi.lib</file>
         <name>s_copysign.c.obj</name>
      </input_file>
      <input_file id="fl-e8">
         <path>C:\ti\CC3200SDK_1.5.0\cc3200-sdk\driverlib\ccs\Release\</path>
         <kind>archive</kind>
         <file>driverlib.a</file>
         <name>gpio.obj</name>
      </input_file>
      <input_file id="fl-e9">
         <path>C:\ti\CC3200SDK_1.5.0\cc3200-sdk\driverlib\ccs\Release\</path>
         <kind>archive</kind>
         <file>driverlib.a</file>
         <name>interrupt.obj</name>
      </input_file>
      <input_file id="fl-ea">
         <path>C:\ti\CC3200SDK_1.5.0\cc3200-sdk\driverlib\ccs\Release\</path>
         <kind>archive</kind>
         <file>driverlib.a</file>
         <name>pin.obj</name>
      </input_file>
      <input_file id="fl-eb">
         <path>C:\ti\CC3200SDK_1.5.0\cc3200-sdk\driverlib\ccs\Release\</path>
         <kind>archive</kind>
         <file>driverlib.a</file>
         <name>prcm.obj</name>
      </input_file>
      <input_file id="fl-ec">
         <path>C:\ti\CC3200SDK_1.5.0\cc3200-sdk\driverlib\ccs\Release\</path>
         <kind>archive</kind>
         <file>driverlib.a</file>
         <name>spi.obj</name>
      </input_file>
      <input_file id="fl-ed">
         <path>C:\ti\CC3200SDK_1.5.0\cc3200-sdk\driverlib\ccs\Release\</path>
         <kind>archive</kind>
         <file>driverlib.a</file>
         <name>timer.obj</name>
      </input_file>
      <input_file id="fl-ee">
         <path>C:\ti\CC3200SDK_1.5.0\cc3200-sdk\driverlib\ccs\Release\</path>
         <kind>archive</kind>
         <file>driverlib.a</file>
         <name>uart.obj</name>
      </input_file>
      <input_file id="fl-ef">
         <path>C:\ti\CC3200SDK_1.5.0\cc3200-sdk\driverlib\ccs\Release\</path>
         <kind>archive</kind>
         <file>driverlib.a</file>
         <name>utils.obj</name>
      </input_file>
      <input_file id="fl-f0">
         <path>C:\ti\CC3200SDK_1.5.0\cc3200-sdk\driverlib\ccs\Release\</path>
         <kind>archive</kind>
         <file>driverlib.a</file>
         <name>cpu.obj</name>
      </input_file>
      <input_file id="fl-f1">
         <path>C:\ti\CC3200SDK_1.5.0\cc3200-sdk\driverlib\ccs\Release\</path>
         <kind>archive</kind>
         <file>driverlib.a</file>
         <name>flash.obj</name>
      </input_file>
   </input_file_list>
   <object_component_list>
      <object_component id="oc-f">
         <name>.intvecs</name>
         <load_address>0x20004000</load_address>
         <run_address>0x20004000</run_address>
         <size>0x400</size>
         <input_file_ref idref="fl-6"/>
      </object_component>
      <object_component id="oc-32f">
         <name>.text:__TI_printfi</name>
         <load_address>0x20004400</load_address>
         <run_address>0x20004400</run_address>
         <size>0xa4e</size>
         <input_file_ref idref="fl-cf"/>
      </object_component>
      <object_component id="oc-3c3">
         <name>.text:IntDefaultHandler</name>
         <load_address>0x20004e4e</load_address>
         <run_address>0x20004e4e</run_address>
         <size>0x2</size>
         <input_file_ref idref="fl-e9"/>
      </object_component>
      <object_component id="oc-94">
         <name>.text</name>
         <load_address>0x20004e50</load_address>
         <run_address>0x20004e50</run_address>
         <size>0xa48</size>
         <input_file_ref idref="fl-4"/>
      </object_component>
      <object_component id="oc-e0">
         <name>.text</name>
         <load_address>0x20005898</load_address>
         <run_address>0x20005898</run_address>
         <size>0x280</size>
         <input_file_ref idref="fl-8"/>
      </object_component>
      <object_component id="oc-3ef">
         <name>.text:_pconv_a</name>
         <load_address>0x20005b18</load_address>
         <run_address>0x20005b18</run_address>
         <size>0x268</size>
         <input_file_ref idref="fl-cf"/>
      </object_component>
      <object_component id="oc-3dd">
         <name>.text:_pconv_g</name>
         <load_address>0x20005d80</load_address>
         <run_address>0x20005d80</run_address>
         <size>0x1cc</size>
         <input_file_ref idref="fl-cf"/>
      </object_component>
      <object_component id="oc-463">
         <name>.text</name>
         <load_address>0x20005f4c</load_address>
         <run_address>0x20005f4c</run_address>
         <size>0x1b6</size>
         <input_file_ref idref="fl-d0"/>
      </object_component>
      <object_component id="oc-39c">
         <name>.text:_nop</name>
         <load_address>0x20006102</load_address>
         <run_address>0x20006102</run_address>
         <size>0x2</size>
         <input_file_ref idref="fl-db"/>
      </object_component>
      <object_component id="oc-d4">
         <name>.text</name>
         <load_address>0x20006104</load_address>
         <run_address>0x20006104</run_address>
         <size>0x198</size>
         <input_file_ref idref="fl-7"/>
      </object_component>
      <object_component id="oc-12d">
         <name>.text:PRCMCC3200MCUInit</name>
         <load_address>0x2000629c</load_address>
         <run_address>0x2000629c</run_address>
         <size>0x178</size>
         <input_file_ref idref="fl-eb"/>
      </object_component>
      <object_component id="oc-3e9">
         <name>.text:_pconv_e</name>
         <load_address>0x20006414</load_address>
         <run_address>0x20006414</run_address>
         <size>0x13c</size>
         <input_file_ref idref="fl-cf"/>
      </object_component>
      <object_component id="oc-175">
         <name>.text</name>
         <load_address>0x20006550</load_address>
         <run_address>0x20006550</run_address>
         <size>0x138</size>
         <input_file_ref idref="fl-5"/>
      </object_component>
      <object_component id="oc-449">
         <name>.text</name>
         <load_address>0x20006688</load_address>
         <run_address>0x20006688</run_address>
         <size>0x136</size>
         <input_file_ref idref="fl-d2"/>
      </object_component>
      <object_component id="oc-4b7">
         <name>.text</name>
         <load_address>0x200067be</load_address>
         <run_address>0x200067be</run_address>
         <size>0x2</size>
         <input_file_ref idref="fl-e6"/>
      </object_component>
      <object_component id="oc-475">
         <name>.text:fcvt</name>
         <load_address>0x200067c0</load_address>
         <run_address>0x200067c0</run_address>
         <size>0x120</size>
         <input_file_ref idref="fl-cf"/>
      </object_component>
      <object_component id="oc-2ad">
         <name>.text:aligned_alloc</name>
         <load_address>0x200068e0</load_address>
         <run_address>0x200068e0</run_address>
         <size>0x118</size>
         <input_file_ref idref="fl-ca"/>
      </object_component>
      <object_component id="oc-444">
         <name>.text</name>
         <load_address>0x200069f8</load_address>
         <run_address>0x200069f8</run_address>
         <size>0xfc</size>
         <input_file_ref idref="fl-d3"/>
      </object_component>
      <object_component id="oc-248">
         <name>.text:realloc</name>
         <load_address>0x20006af4</load_address>
         <run_address>0x20006af4</run_address>
         <size>0xe8</size>
         <input_file_ref idref="fl-ca"/>
      </object_component>
      <object_component id="oc-24e">
         <name>.text:free</name>
         <load_address>0x20006bdc</load_address>
         <run_address>0x20006bdc</run_address>
         <size>0xe4</size>
         <input_file_ref idref="fl-ca"/>
      </object_component>
      <object_component id="oc-489">
         <name>.text:scalbn</name>
         <load_address>0x20006cc0</load_address>
         <run_address>0x20006cc0</run_address>
         <size>0xd0</size>
         <input_file_ref idref="fl-e5"/>
      </object_component>
      <object_component id="oc-3d2">
         <name>.text:_ltostr</name>
         <load_address>0x20006d90</load_address>
         <run_address>0x20006d90</run_address>
         <size>0xb1</size>
         <input_file_ref idref="fl-cf"/>
      </object_component>
      <object_component id="oc-312">
         <name>.text:IntDisable</name>
         <load_address>0x20006e44</load_address>
         <run_address>0x20006e44</run_address>
         <size>0xa8</size>
         <input_file_ref idref="fl-e9"/>
      </object_component>
      <object_component id="oc-127">
         <name>.text:IntEnable</name>
         <load_address>0x20006eec</load_address>
         <run_address>0x20006eec</run_address>
         <size>0xa8</size>
         <input_file_ref idref="fl-e9"/>
      </object_component>
      <object_component id="oc-15c">
         <name>.text:SPIConfigSetExpClk</name>
         <load_address>0x20006f94</load_address>
         <run_address>0x20006f94</run_address>
         <size>0xa0</size>
         <input_file_ref idref="fl-ec"/>
      </object_component>
      <object_component id="oc-3a">
         <name>.text</name>
         <load_address>0x20007034</load_address>
         <run_address>0x20007034</run_address>
         <size>0x9c</size>
         <input_file_ref idref="fl-c4"/>
      </object_component>
      <object_component id="oc-43d">
         <name>.text</name>
         <load_address>0x200070d0</load_address>
         <run_address>0x200070d0</run_address>
         <size>0x96</size>
         <input_file_ref idref="fl-d6"/>
      </object_component>
      <object_component id="oc-156">
         <name>.text:PRCMPeripheralClockGet</name>
         <load_address>0x20007168</load_address>
         <run_address>0x20007168</run_address>
         <size>0x94</size>
         <input_file_ref idref="fl-eb"/>
      </object_component>
      <object_component id="oc-38c">
         <name>.text:PinConfigSet</name>
         <load_address>0x200071fc</load_address>
         <run_address>0x200071fc</run_address>
         <size>0x88</size>
         <input_file_ref idref="fl-ea"/>
      </object_component>
      <object_component id="oc-3d8">
         <name>.text:__aeabi_cdcmple</name>
         <load_address>0x20007284</load_address>
         <run_address>0x20007284</run_address>
         <size>0x86</size>
         <input_file_ref idref="fl-d1"/>
      </object_component>
      <object_component id="oc-44e">
         <name>.text:__aeabi_cdrcmple</name>
         <load_address>0x2000730a</load_address>
         <run_address>0x2000730a</run_address>
         <size>0x86</size>
         <input_file_ref idref="fl-d1"/>
      </object_component>
      <object_component id="oc-181">
         <name>.text:GPIOIntTypeSet</name>
         <load_address>0x20007390</load_address>
         <run_address>0x20007390</run_address>
         <size>0x82</size>
         <input_file_ref idref="fl-e8"/>
      </object_component>
      <object_component id="oc-88">
         <name>.text</name>
         <load_address>0x20007412</load_address>
         <run_address>0x20007412</run_address>
         <size>0x7a</size>
         <input_file_ref idref="fl-c5"/>
      </object_component>
      <object_component id="oc-22a">
         <name>.text:UARTConfigSetExpClk</name>
         <load_address>0x2000748c</load_address>
         <run_address>0x2000748c</run_address>
         <size>0x76</size>
         <input_file_ref idref="fl-ee"/>
      </object_component>
      <object_component id="oc-1f7">
         <name>.text:TimerIntRegister</name>
         <load_address>0x20007504</load_address>
         <run_address>0x20007504</run_address>
         <size>0x70</size>
         <input_file_ref idref="fl-ed"/>
      </object_component>
      <object_component id="oc-358">
         <name>.text:split</name>
         <load_address>0x20007574</load_address>
         <run_address>0x20007574</run_address>
         <size>0x70</size>
         <input_file_ref idref="fl-ca"/>
      </object_component>
      <object_component id="oc-46e">
         <name>.text:_mcpy</name>
         <load_address>0x200075e4</load_address>
         <run_address>0x200075e4</run_address>
         <size>0x6e</size>
         <input_file_ref idref="fl-cf"/>
      </object_component>
      <object_component id="oc-21b">
         <name>.text:TimerIntUnregister</name>
         <load_address>0x20007654</load_address>
         <run_address>0x20007654</run_address>
         <size>0x68</size>
         <input_file_ref idref="fl-ed"/>
      </object_component>
      <object_component id="oc-12">
         <name>.text:decompress:lzss:__TI_decompress_lzss</name>
         <load_address>0x200076bc</load_address>
         <run_address>0x200076bc</run_address>
         <size>0x68</size>
         <input_file_ref idref="fl-c8"/>
      </object_component>
      <object_component id="oc-483">
         <name>.text:frexp</name>
         <load_address>0x20007724</load_address>
         <run_address>0x20007724</run_address>
         <size>0x5c</size>
         <input_file_ref idref="fl-e4"/>
      </object_component>
      <object_component id="oc-14a">
         <name>.text:PRCMPeripheralReset</name>
         <load_address>0x20007780</load_address>
         <run_address>0x20007780</run_address>
         <size>0x58</size>
         <input_file_ref idref="fl-eb"/>
      </object_component>
      <object_component id="oc-3e3">
         <name>.text:_pconv_f</name>
         <load_address>0x200077d8</load_address>
         <run_address>0x200077d8</run_address>
         <size>0x56</size>
         <input_file_ref idref="fl-cf"/>
      </object_component>
      <object_component id="oc-1f1">
         <name>.text:IntPrioritySet</name>
         <load_address>0x20007830</load_address>
         <run_address>0x20007830</run_address>
         <size>0x54</size>
         <input_file_ref idref="fl-e9"/>
      </object_component>
      <object_component id="oc-458">
         <name>.text:ltoa</name>
         <load_address>0x20007884</load_address>
         <run_address>0x20007884</run_address>
         <size>0x54</size>
         <input_file_ref idref="fl-df"/>
      </object_component>
      <object_component id="oc-468">
         <name>.text:_ecpy</name>
         <load_address>0x200078d8</load_address>
         <run_address>0x200078d8</run_address>
         <size>0x52</size>
         <input_file_ref idref="fl-cf"/>
      </object_component>
      <object_component id="oc-3cc">
         <name>.text:atoi</name>
         <load_address>0x2000792c</load_address>
         <run_address>0x2000792c</run_address>
         <size>0x4c</size>
         <input_file_ref idref="fl-dd"/>
      </object_component>
      <object_component id="oc-2d3">
         <name>.text:GPIOGetIntNumber</name>
         <load_address>0x20007978</load_address>
         <run_address>0x20007978</run_address>
         <size>0x48</size>
         <input_file_ref idref="fl-e8"/>
      </object_component>
      <object_component id="oc-453">
         <name>.text</name>
         <load_address>0x200079c0</load_address>
         <run_address>0x200079c0</run_address>
         <size>0x48</size>
         <input_file_ref idref="fl-d4"/>
      </object_component>
      <object_component id="oc-1e5">
         <name>.text:TimerConfigure</name>
         <load_address>0x20007a08</load_address>
         <run_address>0x20007a08</run_address>
         <size>0x44</size>
         <input_file_ref idref="fl-ed"/>
      </object_component>
      <object_component id="oc-1a5">
         <name>.text:__TI_auto_init_nobinit_nopinit:__TI_auto_init_nobinit_nopinit</name>
         <load_address>0x20007a4c</load_address>
         <run_address>0x20007a4c</run_address>
         <size>0x44</size>
         <input_file_ref idref="fl-d7"/>
      </object_component>
      <object_component id="oc-2b4">
         <name>.text:PinModeSet</name>
         <load_address>0x20007a90</load_address>
         <run_address>0x20007a90</run_address>
         <size>0x40</size>
         <input_file_ref idref="fl-ea"/>
      </object_component>
      <object_component id="oc-230">
         <name>.text:vsnprintf</name>
         <load_address>0x20007ad0</load_address>
         <run_address>0x20007ad0</run_address>
         <size>0x40</size>
         <input_file_ref idref="fl-c3"/>
      </object_component>
      <object_component id="oc-47b">
         <name>.text:_fcpy</name>
         <load_address>0x20007b10</load_address>
         <run_address>0x20007b10</run_address>
         <size>0x3e</size>
         <input_file_ref idref="fl-cf"/>
      </object_component>
      <object_component id="oc-1df">
         <name>.text:PRCMPeripheralClkEnable</name>
         <load_address>0x20007b50</load_address>
         <run_address>0x20007b50</run_address>
         <size>0x3c</size>
         <input_file_ref idref="fl-eb"/>
      </object_component>
      <object_component id="oc-2c0">
         <name>.text:GPIODirModeSet</name>
         <load_address>0x20007b8c</load_address>
         <run_address>0x20007b8c</run_address>
         <size>0x36</size>
         <input_file_ref idref="fl-e8"/>
      </object_component>
      <object_component id="oc-fe">
         <name>.text:strstr</name>
         <load_address>0x20007bc2</load_address>
         <run_address>0x20007bc2</run_address>
         <size>0x34</size>
         <input_file_ref idref="fl-cd"/>
      </object_component>
      <object_component id="oc-2ba">
         <name>.text:PinTypeGPIO</name>
         <load_address>0x20007bf6</load_address>
         <run_address>0x20007bf6</run_address>
         <size>0x30</size>
         <input_file_ref idref="fl-ea"/>
      </object_component>
      <object_component id="oc-322">
         <name>.text:UARTDisable</name>
         <load_address>0x20007c28</load_address>
         <run_address>0x20007c28</run_address>
         <size>0x30</size>
         <input_file_ref idref="fl-ee"/>
      </object_component>
      <object_component id="oc-335">
         <name>.text:_outs</name>
         <load_address>0x20007c58</load_address>
         <run_address>0x20007c58</run_address>
         <size>0x30</size>
         <input_file_ref idref="fl-c3"/>
      </object_component>
      <object_component id="oc-45e">
         <name>.text</name>
         <load_address>0x20007c88</load_address>
         <run_address>0x20007c88</run_address>
         <size>0x2e</size>
         <input_file_ref idref="fl-d5"/>
      </object_component>
      <object_component id="oc-287">
         <name>.text:PRCMSysResetCauseGet</name>
         <load_address>0x20007cb8</load_address>
         <run_address>0x20007cb8</run_address>
         <size>0x2c</size>
         <input_file_ref idref="fl-eb"/>
      </object_component>
      <object_component id="oc-133">
         <name>.text:TimerLoadSet</name>
         <load_address>0x20007ce4</load_address>
         <run_address>0x20007ce4</run_address>
         <size>0x2a</size>
         <input_file_ref idref="fl-ed"/>
      </object_component>
      <object_component id="oc-1eb">
         <name>.text:TimerPrescaleSet</name>
         <load_address>0x20007d0e</load_address>
         <run_address>0x20007d0e</run_address>
         <size>0x2a</size>
         <input_file_ref idref="fl-ed"/>
      </object_component>
      <object_component id="oc-299">
         <name>.text:PRCMPeripheralClkDisable</name>
         <load_address>0x20007d38</load_address>
         <run_address>0x20007d38</run_address>
         <size>0x28</size>
         <input_file_ref idref="fl-eb"/>
      </object_component>
      <object_component id="oc-35f">
         <name>.text:free_list_insert</name>
         <load_address>0x20007d60</load_address>
         <run_address>0x20007d60</run_address>
         <size>0x28</size>
         <input_file_ref idref="fl-ca"/>
      </object_component>
      <object_component id="oc-318">
         <name>.text:IntUnregister</name>
         <load_address>0x20007d88</load_address>
         <run_address>0x20007d88</run_address>
         <size>0x24</size>
         <input_file_ref idref="fl-e9"/>
      </object_component>
      <object_component id="oc-328">
         <name>.text:UARTEnable</name>
         <load_address>0x20007dac</load_address>
         <run_address>0x20007dac</run_address>
         <size>0x24</size>
         <input_file_ref idref="fl-ee"/>
      </object_component>
      <object_component id="oc-58">
         <name>.text:_c_int00_noargs:_c_int00_noargs</name>
         <load_address>0x20007dd0</load_address>
         <run_address>0x20007dd0</run_address>
         <size>0x24</size>
         <input_file_ref idref="fl-ce"/>
      </object_component>
      <object_component id="oc-242">
         <name>.text:memmove</name>
         <load_address>0x20007df4</load_address>
         <run_address>0x20007df4</run_address>
         <size>0x24</size>
         <input_file_ref idref="fl-c9"/>
      </object_component>
      <object_component id="oc-c2">
         <name>.text:GPIOIntStatus</name>
         <load_address>0x20007e18</load_address>
         <run_address>0x20007e18</run_address>
         <size>0x22</size>
         <input_file_ref idref="fl-e8"/>
      </object_component>
      <object_component id="oc-150">
         <name>.text:SPIReset</name>
         <load_address>0x20007e3a</load_address>
         <run_address>0x20007e3a</run_address>
         <size>0x22</size>
         <input_file_ref idref="fl-ec"/>
      </object_component>
      <object_component id="oc-2d9">
         <name>.text:IntRegister</name>
         <load_address>0x20007e5c</load_address>
         <run_address>0x20007e5c</run_address>
         <size>0x20</size>
         <input_file_ref idref="fl-e9"/>
      </object_component>
      <object_component id="oc-17b">
         <name>.text:GPIOIntRegister</name>
         <load_address>0x20007e7c</load_address>
         <run_address>0x20007e7c</run_address>
         <size>0x1e</size>
         <input_file_ref idref="fl-e8"/>
      </object_component>
      <object_component id="oc-20f">
         <name>.text:TimerDisable</name>
         <load_address>0x20007e9a</load_address>
         <run_address>0x20007e9a</run_address>
         <size>0x1e</size>
         <input_file_ref idref="fl-ed"/>
      </object_component>
      <object_component id="oc-ce">
         <name>.text:TimerEnable</name>
         <load_address>0x20007eb8</load_address>
         <run_address>0x20007eb8</run_address>
         <size>0x1e</size>
         <input_file_ref idref="fl-ed"/>
      </object_component>
      <object_component id="oc-203">
         <name>.text:TimerIntStatus</name>
         <load_address>0x20007ed6</load_address>
         <run_address>0x20007ed6</run_address>
         <size>0x1e</size>
         <input_file_ref idref="fl-ed"/>
      </object_component>
      <object_component id="oc-f8">
         <name>.text:UARTCharPut</name>
         <load_address>0x20007ef4</load_address>
         <run_address>0x20007ef4</run_address>
         <size>0x1e</size>
         <input_file_ref idref="fl-ee"/>
      </object_component>
      <object_component id="oc-221">
         <name>.text:TimerValueGet</name>
         <load_address>0x20007f12</load_address>
         <run_address>0x20007f12</run_address>
         <size>0x1c</size>
         <input_file_ref idref="fl-ed"/>
      </object_component>
      <object_component id="oc-236">
         <name>.text:UARTCharGetNonBlocking</name>
         <load_address>0x20007f2e</load_address>
         <run_address>0x20007f2e</run_address>
         <size>0x1c</size>
         <input_file_ref idref="fl-ee"/>
      </object_component>
      <object_component id="oc-352">
         <name>.text:free_list_remove</name>
         <load_address>0x20007f4c</load_address>
         <run_address>0x20007f4c</run_address>
         <size>0x1c</size>
         <input_file_ref idref="fl-ca"/>
      </object_component>
      <object_component id="oc-3f5">
         <name>.text:memccpy</name>
         <load_address>0x20007f68</load_address>
         <run_address>0x20007f68</run_address>
         <size>0x1c</size>
         <input_file_ref idref="fl-e0"/>
      </object_component>
      <object_component id="oc-18d">
         <name>.text:GPIOIntDisable</name>
         <load_address>0x20007f84</load_address>
         <run_address>0x20007f84</run_address>
         <size>0x1a</size>
         <input_file_ref idref="fl-e8"/>
      </object_component>
      <object_component id="oc-187">
         <name>.text:GPIOIntEnable</name>
         <load_address>0x20007f9e</load_address>
         <run_address>0x20007f9e</run_address>
         <size>0x1a</size>
         <input_file_ref idref="fl-e8"/>
      </object_component>
      <object_component id="oc-2c6">
         <name>.text:PinTypeSPI</name>
         <load_address>0x20007fb8</load_address>
         <run_address>0x20007fb8</run_address>
         <size>0x1a</size>
         <input_file_ref idref="fl-ea"/>
      </object_component>
      <object_component id="oc-2cc">
         <name>.text:PinTypeUART</name>
         <load_address>0x20007fd2</load_address>
         <run_address>0x20007fd2</run_address>
         <size>0x1a</size>
         <input_file_ref idref="fl-ea"/>
      </object_component>
      <object_component id="oc-168">
         <name>.text:SPICSEnable</name>
         <load_address>0x20007fec</load_address>
         <run_address>0x20007fec</run_address>
         <size>0x18</size>
         <input_file_ref idref="fl-ec"/>
      </object_component>
      <object_component id="oc-162">
         <name>.text:SPIEnable</name>
         <load_address>0x20008004</load_address>
         <run_address>0x20008004</run_address>
         <size>0x18</size>
         <input_file_ref idref="fl-ec"/>
      </object_component>
      <object_component id="oc-215">
         <name>.text:TimerIntDisable</name>
         <load_address>0x2000801c</load_address>
         <run_address>0x2000801c</run_address>
         <size>0x18</size>
         <input_file_ref idref="fl-ed"/>
      </object_component>
      <object_component id="oc-1fd">
         <name>.text:TimerIntEnable</name>
         <load_address>0x20008034</load_address>
         <run_address>0x20008034</run_address>
         <size>0x18</size>
         <input_file_ref idref="fl-ed"/>
      </object_component>
      <object_component id="oc-ec">
         <name>.text:UARTCharsAvail</name>
         <load_address>0x2000804c</load_address>
         <run_address>0x2000804c</run_address>
         <size>0x18</size>
         <input_file_ref idref="fl-ee"/>
      </object_component>
      <object_component id="oc-da">
         <name>.text:UARTIntDisable</name>
         <load_address>0x20008064</load_address>
         <run_address>0x20008064</run_address>
         <size>0x18</size>
         <input_file_ref idref="fl-ee"/>
      </object_component>
      <object_component id="oc-f2">
         <name>.text:UARTIntEnable</name>
         <load_address>0x2000807c</load_address>
         <run_address>0x2000807c</run_address>
         <size>0x18</size>
         <input_file_ref idref="fl-ee"/>
      </object_component>
      <object_component id="oc-33b">
         <name>.text:_outc</name>
         <load_address>0x20008094</load_address>
         <run_address>0x20008094</run_address>
         <size>0x18</size>
         <input_file_ref idref="fl-c3"/>
      </object_component>
      <object_component id="oc-28d">
         <name>.text:PRCMHIBRegRead</name>
         <load_address>0x200080ac</load_address>
         <run_address>0x200080ac</run_address>
         <size>0x16</size>
         <input_file_ref idref="fl-eb"/>
      </object_component>
      <object_component id="oc-293">
         <name>.text:PRCMHIBRegWrite</name>
         <load_address>0x200080c2</load_address>
         <run_address>0x200080c2</run_address>
         <size>0x16</size>
         <input_file_ref idref="fl-eb"/>
      </object_component>
      <object_component id="oc-e6">
         <name>.text:UARTCharGet</name>
         <load_address>0x200080d8</load_address>
         <run_address>0x200080d8</run_address>
         <size>0x16</size>
         <input_file_ref idref="fl-ee"/>
      </object_component>
      <object_component id="oc-48f">
         <name>.text:strchr</name>
         <load_address>0x200080ee</load_address>
         <run_address>0x200080ee</run_address>
         <size>0x16</size>
         <input_file_ref idref="fl-e1"/>
      </object_component>
      <object_component id="oc-27c">
         <name>.text:CPUcpsie</name>
         <load_address>0x20008104</load_address>
         <run_address>0x20008104</run_address>
         <size>0x14</size>
         <input_file_ref idref="fl-f0"/>
      </object_component>
      <object_component id="oc-c8">
         <name>.text:GPIOIntClear</name>
         <load_address>0x20008118</load_address>
         <run_address>0x20008118</run_address>
         <size>0x14</size>
         <input_file_ref idref="fl-e8"/>
      </object_component>
      <object_component id="oc-11b">
         <name>.text:IntVTableBaseSet</name>
         <load_address>0x2000812c</load_address>
         <run_address>0x2000812c</run_address>
         <size>0x14</size>
         <input_file_ref idref="fl-e9"/>
      </object_component>
      <object_component id="oc-139">
         <name>.text:strcpy</name>
         <load_address>0x20008140</load_address>
         <run_address>0x20008140</run_address>
         <size>0x14</size>
         <input_file_ref idref="fl-cb"/>
      </object_component>
      <object_component id="oc-23c">
         <name>.text:strlen</name>
         <load_address>0x20008154</load_address>
         <run_address>0x20008154</run_address>
         <size>0x14</size>
         <input_file_ref idref="fl-cc"/>
      </object_component>
      <object_component id="oc-209">
         <name>.text:TimerIntClear</name>
         <load_address>0x20008168</load_address>
         <run_address>0x20008168</run_address>
         <size>0x12</size>
         <input_file_ref idref="fl-ed"/>
      </object_component>
      <object_component id="oc-3fb">
         <name>.text:wcslen</name>
         <load_address>0x2000817a</load_address>
         <run_address>0x2000817a</run_address>
         <size>0x12</size>
         <input_file_ref idref="fl-e3"/>
      </object_component>
      <object_component id="oc-18">
         <name>.text:decompress:none:__TI_decompress_none</name>
         <load_address>0x2000818c</load_address>
         <run_address>0x2000818c</run_address>
         <size>0xe</size>
         <input_file_ref idref="fl-c7"/>
      </object_component>
      <object_component id="oc-26">
         <name>.text</name>
         <load_address>0x2000819a</load_address>
         <run_address>0x2000819a</run_address>
         <size>0xe</size>
         <input_file_ref idref="fl-6"/>
      </object_component>
      <object_component id="oc-4d0">
         <name>.text:copysign</name>
         <load_address>0x200081a8</load_address>
         <run_address>0x200081a8</run_address>
         <size>0xc</size>
         <input_file_ref idref="fl-e7"/>
      </object_component>
      <object_component id="oc-4c">
         <name>.text:decompress:ZI:__TI_zero_init</name>
         <load_address>0x200081b4</load_address>
         <run_address>0x200081b4</run_address>
         <size>0xc</size>
         <input_file_ref idref="fl-c6"/>
      </object_component>
      <object_component id="oc-121">
         <name>.text:IntMasterEnable</name>
         <load_address>0x200081c0</load_address>
         <run_address>0x200081c0</run_address>
         <size>0xa</size>
         <input_file_ref idref="fl-e9"/>
      </object_component>
      <object_component id="oc-401">
         <name>.text:__aeabi_errno_addr</name>
         <load_address>0x200081cc</load_address>
         <run_address>0x200081cc</run_address>
         <size>0x8</size>
         <input_file_ref idref="fl-e2"/>
      </object_component>
      <object_component id="oc-16f">
         <name>.text:malloc</name>
         <load_address>0x200081d4</load_address>
         <run_address>0x200081d4</run_address>
         <size>0x8</size>
         <input_file_ref idref="fl-ca"/>
      </object_component>
      <object_component id="oc-119">
         <name>.text:UtilsDelay</name>
         <load_address>0x200081dc</load_address>
         <run_address>0x200081dc</run_address>
         <size>0x6</size>
         <input_file_ref idref="fl-ef"/>
      </object_component>
      <object_component id="oc-8e">
         <name>.text:_system_pre_init</name>
         <load_address>0x200081e2</load_address>
         <run_address>0x200081e2</run_address>
         <size>0x4</size>
         <input_file_ref idref="fl-d8"/>
      </object_component>
      <object_component id="oc-199">
         <name>.text:abort:abort</name>
         <load_address>0x200081e6</load_address>
         <run_address>0x200081e6</run_address>
         <size>0x4</size>
         <input_file_ref idref="fl-da"/>
      </object_component>
      <object_component id="oc-438">
         <name>.const:.string:_ctypes_</name>
         <load_address>0x200081ec</load_address>
         <run_address>0x200081ec</run_address>
         <size>0x101</size>
         <input_file_ref idref="fl-de"/>
      </object_component>
      <object_component id="oc-10f">
         <name>.const:.string:$P$T0$1</name>
         <load_address>0x200082ed</load_address>
         <run_address>0x200082ed</run_address>
         <size>0x1</size>
         <input_file_ref idref="fl-4"/>
      </object_component>
      <object_component id="oc-388">
         <name>.const:g_ulPinToPadMap</name>
         <load_address>0x200082f0</load_address>
         <run_address>0x200082f0</run_address>
         <size>0x100</size>
         <input_file_ref idref="fl-ea"/>
      </object_component>
      <object_component id="oc-307">
         <name>.const:g_pulRegs</name>
         <load_address>0x200083f0</load_address>
         <run_address>0x200083f0</run_address>
         <size>0xd4</size>
         <input_file_ref idref="fl-e9"/>
      </object_component>
      <object_component id="oc-2a3">
         <name>.const:PRCM_PeriphRegsList</name>
         <load_address>0x200084c4</load_address>
         <run_address>0x200084c4</run_address>
         <size>0xa8</size>
         <input_file_ref idref="fl-eb"/>
      </object_component>
      <object_component id="oc-3bf">
         <name>.const:g_pulDisRegs</name>
         <load_address>0x2000856c</load_address>
         <run_address>0x2000856c</run_address>
         <size>0x18</size>
         <input_file_ref idref="fl-e9"/>
      </object_component>
      <object_component id="oc-283">
         <name>.const:g_pulEnRegs</name>
         <load_address>0x20008584</load_address>
         <run_address>0x20008584</run_address>
         <size>0x18</size>
         <input_file_ref idref="fl-e9"/>
      </object_component>
      <object_component id="oc-526">
         <name>.cinit..data.load</name>
         <load_address>0x200085a0</load_address>
         <run_address>0x200085a0</run_address>
         <size>0x3b</size>
      </object_component>
      <object_component id="oc-524">
         <name>__TI_handler_table</name>
         <load_address>0x200085dc</load_address>
         <run_address>0x200085dc</run_address>
         <size>0xc</size>
      </object_component>
      <object_component id="oc-527">
         <name>.cinit..bss.load</name>
         <load_address>0x200085e8</load_address>
         <run_address>0x200085e8</run_address>
         <size>0x8</size>
      </object_component>
      <object_component id="oc-525">
         <name>__TI_cinit_table</name>
         <load_address>0x200085f0</load_address>
         <run_address>0x200085f0</run_address>
         <size>0x10</size>
      </object_component>
      <object_component id="oc-116">
         <name>.data</name>
         <load_address>0x2001dc70</load_address>
         <run_address>0x2001dc70</run_address>
         <size>0x4</size>
         <input_file_ref idref="fl-4"/>
      </object_component>
      <object_component id="oc-113">
         <name>.data:numPad</name>
         <load_address>0x2001dc38</load_address>
         <run_address>0x2001dc38</run_address>
         <size>0x28</size>
         <input_file_ref idref="fl-4"/>
      </object_component>
      <object_component id="oc-384">
         <name>.data:$O1$$</name>
         <load_address>0x2001dc68</load_address>
         <run_address>0x2001dc68</run_address>
         <size>0x8</size>
         <input_file_ref idref="fl-ca"/>
      </object_component>
      <object_component id="oc-2e8">
         <name>.data:$O1$$</name>
         <load_address>0x2001dc60</load_address>
         <run_address>0x2001dc60</run_address>
         <size>0x8</size>
         <input_file_ref idref="fl-db"/>
      </object_component>
      <object_component id="oc-49f">
         <name>.data</name>
         <load_address>0x2001dc74</load_address>
         <run_address>0x2001dc74</run_address>
         <size>0x4</size>
         <input_file_ref idref="fl-e2"/>
      </object_component>
      <object_component id="oc-254">
         <name>.bss</name>
         <uninitialized>true</uninitialized>
         <run_address>0x2001dc0c</run_address>
         <size>0x4</size>
         <input_file_ref idref="fl-8"/>
      </object_component>
      <object_component id="oc-104">
         <name>.common:bufferPos</name>
         <uninitialized>true</uninitialized>
         <run_address>0x2001dc14</run_address>
         <size>0x4</size>
      </object_component>
      <object_component id="oc-109">
         <name>.common:intHandlerFlag</name>
         <uninitialized>true</uninitialized>
         <run_address>0x2001dc34</run_address>
         <size>0x1</size>
      </object_component>
      <object_component id="oc-107">
         <name>.common:timerCount</name>
         <uninitialized>true</uninitialized>
         <run_address>0x2001dc30</run_address>
         <size>0x4</size>
      </object_component>
      <object_component id="oc-10c">
         <name>.common:buffer_Position</name>
         <uninitialized>true</uninitialized>
         <run_address>0x2001dc18</run_address>
         <size>0x4</size>
      </object_component>
      <object_component id="oc-10b">
         <name>.common:recv_buffer_Position</name>
         <uninitialized>true</uninitialized>
         <run_address>0x2001dc2c</run_address>
         <size>0x4</size>
      </object_component>
      <object_component id="oc-10d">
         <name>.common:buffer</name>
         <uninitialized>true</uninitialized>
         <run_address>0x2001dc10</run_address>
         <size>0x4</size>
      </object_component>
      <object_component id="oc-10a">
         <name>.common:recvBuffer</name>
         <uninitialized>true</uninitialized>
         <run_address>0x2001dc28</run_address>
         <size>0x4</size>
      </object_component>
      <object_component id="oc-108">
         <name>.common:arr</name>
         <uninitialized>true</uninitialized>
         <run_address>0x2001dbc0</run_address>
         <size>0x4c</size>
      </object_component>
      <object_component id="oc-13f">
         <name>.common:zero</name>
         <uninitialized>true</uninitialized>
         <run_address>0x2001db70</run_address>
         <size>0x50</size>
      </object_component>
      <object_component id="oc-140">
         <name>.common:one</name>
         <uninitialized>true</uninitialized>
         <run_address>0x2001d9e0</run_address>
         <size>0x50</size>
      </object_component>
      <object_component id="oc-141">
         <name>.common:two</name>
         <uninitialized>true</uninitialized>
         <run_address>0x2001db20</run_address>
         <size>0x50</size>
      </object_component>
      <object_component id="oc-142">
         <name>.common:three</name>
         <uninitialized>true</uninitialized>
         <run_address>0x2001dad0</run_address>
         <size>0x50</size>
      </object_component>
      <object_component id="oc-143">
         <name>.common:four</name>
         <uninitialized>true</uninitialized>
         <run_address>0x2001d8a0</run_address>
         <size>0x50</size>
      </object_component>
      <object_component id="oc-144">
         <name>.common:five</name>
         <uninitialized>true</uninitialized>
         <run_address>0x2001d850</run_address>
         <size>0x50</size>
      </object_component>
      <object_component id="oc-145">
         <name>.common:six</name>
         <uninitialized>true</uninitialized>
         <run_address>0x2001da80</run_address>
         <size>0x50</size>
      </object_component>
      <object_component id="oc-146">
         <name>.common:seven</name>
         <uninitialized>true</uninitialized>
         <run_address>0x2001da30</run_address>
         <size>0x50</size>
      </object_component>
      <object_component id="oc-147">
         <name>.common:eight</name>
         <uninitialized>true</uninitialized>
         <run_address>0x2001d800</run_address>
         <size>0x50</size>
      </object_component>
      <object_component id="oc-148">
         <name>.common:nine</name>
         <uninitialized>true</uninitialized>
         <run_address>0x2001d990</run_address>
         <size>0x50</size>
      </object_component>
      <object_component id="oc-149">
         <name>.common:last</name>
         <uninitialized>true</uninitialized>
         <run_address>0x2001d8f0</run_address>
         <size>0x50</size>
      </object_component>
      <object_component id="oc-16e">
         <name>.common:mute</name>
         <uninitialized>true</uninitialized>
         <run_address>0x2001d940</run_address>
         <size>0x50</size>
      </object_component>
      <object_component id="oc-11a">
         <name>.common:button</name>
         <uninitialized>true</uninitialized>
         <run_address>0x2001dc1c</run_address>
         <size>0x4</size>
      </object_component>
      <object_component id="oc-10e">
         <name>.common:prevButton</name>
         <uninitialized>true</uninitialized>
         <run_address>0x2001dc24</run_address>
         <size>0x4</size>
      </object_component>
      <object_component id="oc-112">
         <name>.common:numPresses</name>
         <uninitialized>true</uninitialized>
         <run_address>0x2001dc20</run_address>
         <size>0x4</size>
      </object_component>
      <object_component id="oc-20">
         <name>.sysmem</name>
         <uninitialized>true</uninitialized>
         <run_address>0x2001d000</run_address>
         <size>0x10</size>
         <input_file_ref idref="fl-ca"/>
      </object_component>
      <object_component id="oc-529">
         <name>.sysmem</name>
         <uninitialized>true</uninitialized>
         <run_address>0x2001d000</run_address>
         <size>0x0</size>
      </object_component>
      <object_component id="oc-23">
         <name>.stack</name>
         <uninitialized>true</uninitialized>
         <run_address>0x2003f800</run_address>
         <size>0x4</size>
         <input_file_ref idref="fl-ce"/>
      </object_component>
      <object_component id="oc-528">
         <name>.stack</name>
         <uninitialized>true</uninitialized>
         <run_address>0x2003f800</run_address>
         <size>0x0</size>
      </object_component>
      <object_component id="oc-35">
         <name>.debug_info</name>
         <load_address>0x0</load_address>
         <run_address>0x0</run_address>
         <size>0x84</size>
         <input_file_ref idref="fl-2"/>
      </object_component>
      <object_component id="oc-37f">
         <name>.debug_info</name>
         <load_address>0x84</load_address>
         <run_address>0x84</run_address>
         <size>0x62</size>
         <input_file_ref idref="fl-3"/>
      </object_component>
      <object_component id="oc-1d8">
         <name>.debug_info</name>
         <load_address>0xe6</load_address>
         <run_address>0xe6</run_address>
         <size>0x2c</size>
         <input_file_ref idref="fl-3"/>
      </object_component>
      <object_component id="oc-b9">
         <name>.debug_info</name>
         <load_address>0x112</load_address>
         <run_address>0x112</run_address>
         <size>0x2c</size>
         <input_file_ref idref="fl-3"/>
      </object_component>
      <object_component id="oc-105">
         <name>.debug_info</name>
         <load_address>0x13e</load_address>
         <run_address>0x13e</run_address>
         <size>0xbc9</size>
         <input_file_ref idref="fl-4"/>
      </object_component>
      <object_component id="oc-117">
         <name>.debug_info</name>
         <load_address>0xd07</load_address>
         <run_address>0xd07</run_address>
         <size>0xda</size>
         <input_file_ref idref="fl-4"/>
      </object_component>
      <object_component id="oc-114">
         <name>.debug_info</name>
         <load_address>0xde1</load_address>
         <run_address>0xde1</run_address>
         <size>0xcd</size>
         <input_file_ref idref="fl-4"/>
      </object_component>
      <object_component id="oc-110">
         <name>.debug_info</name>
         <load_address>0xeae</load_address>
         <run_address>0xeae</run_address>
         <size>0xce</size>
         <input_file_ref idref="fl-4"/>
      </object_component>
      <object_component id="oc-96">
         <name>.debug_info</name>
         <load_address>0xf7c</load_address>
         <run_address>0xf7c</run_address>
         <size>0xe89</size>
         <input_file_ref idref="fl-4"/>
      </object_component>
      <object_component id="oc-26b">
         <name>.debug_info</name>
         <load_address>0x1e05</load_address>
         <run_address>0x1e05</run_address>
         <size>0x26b</size>
         <input_file_ref idref="fl-4"/>
      </object_component>
      <object_component id="oc-194">
         <name>.debug_info</name>
         <load_address>0x2070</load_address>
         <run_address>0x2070</run_address>
         <size>0x8b</size>
         <input_file_ref idref="fl-4"/>
      </object_component>
      <object_component id="oc-36a">
         <name>.debug_info</name>
         <load_address>0x20fb</load_address>
         <run_address>0x20fb</run_address>
         <size>0x297</size>
         <input_file_ref idref="fl-4"/>
      </object_component>
      <object_component id="oc-270">
         <name>.debug_info</name>
         <load_address>0x2392</load_address>
         <run_address>0x2392</run_address>
         <size>0xcc</size>
         <input_file_ref idref="fl-4"/>
      </object_component>
      <object_component id="oc-259">
         <name>.debug_info</name>
         <load_address>0x245e</load_address>
         <run_address>0x245e</run_address>
         <size>0x2c</size>
         <input_file_ref idref="fl-4"/>
      </object_component>
      <object_component id="oc-176">
         <name>.debug_info</name>
         <load_address>0x248a</load_address>
         <run_address>0x248a</run_address>
         <size>0x3b3</size>
         <input_file_ref idref="fl-5"/>
      </object_component>
      <object_component id="oc-2e">
         <name>.debug_info</name>
         <load_address>0x283d</load_address>
         <run_address>0x283d</run_address>
         <size>0x18e</size>
         <input_file_ref idref="fl-6"/>
      </object_component>
      <object_component id="oc-10">
         <name>.debug_info</name>
         <load_address>0x29cb</load_address>
         <run_address>0x29cb</run_address>
         <size>0x10d</size>
         <input_file_ref idref="fl-6"/>
      </object_component>
      <object_component id="oc-28">
         <name>.debug_info</name>
         <load_address>0x2ad8</load_address>
         <run_address>0x2ad8</run_address>
         <size>0x42e</size>
         <input_file_ref idref="fl-6"/>
      </object_component>
      <object_component id="oc-228">
         <name>.debug_info</name>
         <load_address>0x2f06</load_address>
         <run_address>0x2f06</run_address>
         <size>0x453</size>
         <input_file_ref idref="fl-7"/>
      </object_component>
      <object_component id="oc-d6">
         <name>.debug_info</name>
         <load_address>0x3359</load_address>
         <run_address>0x3359</run_address>
         <size>0xa03</size>
         <input_file_ref idref="fl-7"/>
      </object_component>
      <object_component id="oc-258">
         <name>.debug_info</name>
         <load_address>0x3d5c</load_address>
         <run_address>0x3d5c</run_address>
         <size>0x3a6</size>
         <input_file_ref idref="fl-8"/>
      </object_component>
      <object_component id="oc-255">
         <name>.debug_info</name>
         <load_address>0x4102</load_address>
         <run_address>0x4102</run_address>
         <size>0xd7</size>
         <input_file_ref idref="fl-8"/>
      </object_component>
      <object_component id="oc-e1">
         <name>.debug_info</name>
         <load_address>0x41d9</load_address>
         <run_address>0x41d9</run_address>
         <size>0x63d</size>
         <input_file_ref idref="fl-8"/>
      </object_component>
      <object_component id="oc-25e">
         <name>.debug_info</name>
         <load_address>0x4816</load_address>
         <run_address>0x4816</run_address>
         <size>0x110</size>
         <input_file_ref idref="fl-8"/>
      </object_component>
      <object_component id="oc-342">
         <name>.debug_info</name>
         <load_address>0x4926</load_address>
         <run_address>0x4926</run_address>
         <size>0x211</size>
         <input_file_ref idref="fl-c3"/>
      </object_component>
      <object_component id="oc-231">
         <name>.debug_info</name>
         <load_address>0x4b37</load_address>
         <run_address>0x4b37</run_address>
         <size>0x207</size>
         <input_file_ref idref="fl-c3"/>
      </object_component>
      <object_component id="oc-336">
         <name>.debug_info</name>
         <load_address>0x4d3e</load_address>
         <run_address>0x4d3e</run_address>
         <size>0x1c5</size>
         <input_file_ref idref="fl-c3"/>
      </object_component>
      <object_component id="oc-33c">
         <name>.debug_info</name>
         <load_address>0x4f03</load_address>
         <run_address>0x4f03</run_address>
         <size>0x178</size>
         <input_file_ref idref="fl-c3"/>
      </object_component>
      <object_component id="oc-343">
         <name>.debug_info</name>
         <load_address>0x507b</load_address>
         <run_address>0x507b</run_address>
         <size>0x2c</size>
         <input_file_ref idref="fl-c3"/>
      </object_component>
      <object_component id="oc-348">
         <name>.debug_info</name>
         <load_address>0x50a7</load_address>
         <run_address>0x50a7</run_address>
         <size>0x69</size>
         <input_file_ref idref="fl-c3"/>
      </object_component>
      <object_component id="oc-3b">
         <name>.debug_info</name>
         <load_address>0x5110</load_address>
         <run_address>0x5110</run_address>
         <size>0x118</size>
         <input_file_ref idref="fl-c4"/>
      </object_component>
      <object_component id="oc-8b">
         <name>.debug_info</name>
         <load_address>0x5228</load_address>
         <run_address>0x5228</run_address>
         <size>0x146</size>
         <input_file_ref idref="fl-c5"/>
      </object_component>
      <object_component id="oc-87">
         <name>.debug_info</name>
         <load_address>0x536e</load_address>
         <run_address>0x536e</run_address>
         <size>0x1a5</size>
         <input_file_ref idref="fl-c6"/>
      </object_component>
      <object_component id="oc-4e">
         <name>.debug_info</name>
         <load_address>0x5513</load_address>
         <run_address>0x5513</run_address>
         <size>0x1b4</size>
         <input_file_ref idref="fl-c6"/>
      </object_component>
      <object_component id="oc-82">
         <name>.debug_info</name>
         <load_address>0x56c7</load_address>
         <run_address>0x56c7</run_address>
         <size>0x46</size>
         <input_file_ref idref="fl-c6"/>
      </object_component>
      <object_component id="oc-45">
         <name>.debug_info</name>
         <load_address>0x570d</load_address>
         <run_address>0x570d</run_address>
         <size>0x179</size>
         <input_file_ref idref="fl-c7"/>
      </object_component>
      <object_component id="oc-1a">
         <name>.debug_info</name>
         <load_address>0x5886</load_address>
         <run_address>0x5886</run_address>
         <size>0x1e9</size>
         <input_file_ref idref="fl-c7"/>
      </object_component>
      <object_component id="oc-40">
         <name>.debug_info</name>
         <load_address>0x5a6f</load_address>
         <run_address>0x5a6f</run_address>
         <size>0x46</size>
         <input_file_ref idref="fl-c7"/>
      </object_component>
      <object_component id="oc-7a">
         <name>.debug_info</name>
         <load_address>0x5ab5</load_address>
         <run_address>0x5ab5</run_address>
         <size>0x2c</size>
         <input_file_ref idref="fl-c7"/>
      </object_component>
      <object_component id="oc-78">
         <name>.debug_info</name>
         <load_address>0x5ae1</load_address>
         <run_address>0x5ae1</run_address>
         <size>0x16f</size>
         <input_file_ref idref="fl-c8"/>
      </object_component>
      <object_component id="oc-15">
         <name>.debug_info</name>
         <load_address>0x5c50</load_address>
         <run_address>0x5c50</run_address>
         <size>0x24f</size>
         <input_file_ref idref="fl-c8"/>
      </object_component>
      <object_component id="oc-30">
         <name>.debug_info</name>
         <load_address>0x5e9f</load_address>
         <run_address>0x5e9f</run_address>
         <size>0x60</size>
         <input_file_ref idref="fl-c8"/>
      </object_component>
      <object_component id="oc-b2">
         <name>.debug_info</name>
         <load_address>0x5eff</load_address>
         <run_address>0x5eff</run_address>
         <size>0x46</size>
         <input_file_ref idref="fl-c8"/>
      </object_component>
      <object_component id="oc-73">
         <name>.debug_info</name>
         <load_address>0x5f45</load_address>
         <run_address>0x5f45</run_address>
         <size>0x39</size>
         <input_file_ref idref="fl-c8"/>
      </object_component>
      <object_component id="oc-351">
         <name>.debug_info</name>
         <load_address>0x5f7e</load_address>
         <run_address>0x5f7e</run_address>
         <size>0x176</size>
         <input_file_ref idref="fl-c9"/>
      </object_component>
      <object_component id="oc-246">
         <name>.debug_info</name>
         <load_address>0x60f4</load_address>
         <run_address>0x60f4</run_address>
         <size>0x1b5</size>
         <input_file_ref idref="fl-c9"/>
      </object_component>
      <object_component id="oc-6c">
         <name>.debug_info</name>
         <load_address>0x62a9</load_address>
         <run_address>0x62a9</run_address>
         <size>0x283</size>
         <input_file_ref idref="fl-ca"/>
      </object_component>
      <object_component id="oc-21">
         <name>.debug_info</name>
         <load_address>0x652c</load_address>
         <run_address>0x652c</run_address>
         <size>0x10b</size>
         <input_file_ref idref="fl-ca"/>
      </object_component>
      <object_component id="oc-385">
         <name>.debug_info</name>
         <load_address>0x6637</load_address>
         <run_address>0x6637</run_address>
         <size>0x13e</size>
         <input_file_ref idref="fl-ca"/>
      </object_component>
      <object_component id="oc-170">
         <name>.debug_info</name>
         <load_address>0x6775</load_address>
         <run_address>0x6775</run_address>
         <size>0x167</size>
         <input_file_ref idref="fl-ca"/>
      </object_component>
      <object_component id="oc-353">
         <name>.debug_info</name>
         <load_address>0x68dc</load_address>
         <run_address>0x68dc</run_address>
         <size>0x18d</size>
         <input_file_ref idref="fl-ca"/>
      </object_component>
      <object_component id="oc-360">
         <name>.debug_info</name>
         <load_address>0x6a69</load_address>
         <run_address>0x6a69</run_address>
         <size>0x19e</size>
         <input_file_ref idref="fl-ca"/>
      </object_component>
      <object_component id="oc-24f">
         <name>.debug_info</name>
         <load_address>0x6c07</load_address>
         <run_address>0x6c07</run_address>
         <size>0x202</size>
         <input_file_ref idref="fl-ca"/>
      </object_component>
      <object_component id="oc-359">
         <name>.debug_info</name>
         <load_address>0x6e09</load_address>
         <run_address>0x6e09</run_address>
         <size>0x1da</size>
         <input_file_ref idref="fl-ca"/>
      </object_component>
      <object_component id="oc-249">
         <name>.debug_info</name>
         <load_address>0x6fe3</load_address>
         <run_address>0x6fe3</run_address>
         <size>0x26d</size>
         <input_file_ref idref="fl-ca"/>
      </object_component>
      <object_component id="oc-2b0">
         <name>.debug_info</name>
         <load_address>0x7250</load_address>
         <run_address>0x7250</run_address>
         <size>0x298</size>
         <input_file_ref idref="fl-ca"/>
      </object_component>
      <object_component id="oc-ad">
         <name>.debug_info</name>
         <load_address>0x74e8</load_address>
         <run_address>0x74e8</run_address>
         <size>0xb2</size>
         <input_file_ref idref="fl-ca"/>
      </object_component>
      <object_component id="oc-a8">
         <name>.debug_info</name>
         <load_address>0x759a</load_address>
         <run_address>0x759a</run_address>
         <size>0x2c</size>
         <input_file_ref idref="fl-ca"/>
      </object_component>
      <object_component id="oc-2a2">
         <name>.debug_info</name>
         <load_address>0x75c6</load_address>
         <run_address>0x75c6</run_address>
         <size>0x175</size>
         <input_file_ref idref="fl-cb"/>
      </object_component>
      <object_component id="oc-13b">
         <name>.debug_info</name>
         <load_address>0x773b</load_address>
         <run_address>0x773b</run_address>
         <size>0x247</size>
         <input_file_ref idref="fl-cb"/>
      </object_component>
      <object_component id="oc-34f">
         <name>.debug_info</name>
         <load_address>0x7982</load_address>
         <run_address>0x7982</run_address>
         <size>0x160</size>
         <input_file_ref idref="fl-cc"/>
      </object_component>
      <object_component id="oc-23e">
         <name>.debug_info</name>
         <load_address>0x7ae2</load_address>
         <run_address>0x7ae2</run_address>
         <size>0x240</size>
         <input_file_ref idref="fl-cc"/>
      </object_component>
      <object_component id="oc-268">
         <name>.debug_info</name>
         <load_address>0x7d22</load_address>
         <run_address>0x7d22</run_address>
         <size>0x166</size>
         <input_file_ref idref="fl-cd"/>
      </object_component>
      <object_component id="oc-101">
         <name>.debug_info</name>
         <load_address>0x7e88</load_address>
         <run_address>0x7e88</run_address>
         <size>0x1d0</size>
         <input_file_ref idref="fl-cd"/>
      </object_component>
      <object_component id="oc-24">
         <name>.debug_info</name>
         <load_address>0x8058</load_address>
         <run_address>0x8058</run_address>
         <size>0x10a</size>
         <input_file_ref idref="fl-ce"/>
      </object_component>
      <object_component id="oc-5a">
         <name>.debug_info</name>
         <load_address>0x8162</load_address>
         <run_address>0x8162</run_address>
         <size>0x1a8</size>
         <input_file_ref idref="fl-ce"/>
      </object_component>
      <object_component id="oc-408">
         <name>.debug_info</name>
         <load_address>0x830a</load_address>
         <run_address>0x830a</run_address>
         <size>0x44c</size>
         <input_file_ref idref="fl-cf"/>
      </object_component>
      <object_component id="oc-3d3">
         <name>.debug_info</name>
         <load_address>0x8756</load_address>
         <run_address>0x8756</run_address>
         <size>0x21d</size>
         <input_file_ref idref="fl-cf"/>
      </object_component>
      <object_component id="oc-469">
         <name>.debug_info</name>
         <load_address>0x8973</load_address>
         <run_address>0x8973</run_address>
         <size>0x1b2</size>
         <input_file_ref idref="fl-cf"/>
      </object_component>
      <object_component id="oc-46f">
         <name>.debug_info</name>
         <load_address>0x8b25</load_address>
         <run_address>0x8b25</run_address>
         <size>0x21a</size>
         <input_file_ref idref="fl-cf"/>
      </object_component>
      <object_component id="oc-3de">
         <name>.debug_info</name>
         <load_address>0x8d3f</load_address>
         <run_address>0x8d3f</run_address>
         <size>0x3b9</size>
         <input_file_ref idref="fl-cf"/>
      </object_component>
      <object_component id="oc-476">
         <name>.debug_info</name>
         <load_address>0x90f8</load_address>
         <run_address>0x90f8</run_address>
         <size>0x305</size>
         <input_file_ref idref="fl-cf"/>
      </object_component>
      <object_component id="oc-47c">
         <name>.debug_info</name>
         <load_address>0x93fd</load_address>
         <run_address>0x93fd</run_address>
         <size>0x214</size>
         <input_file_ref idref="fl-cf"/>
      </object_component>
      <object_component id="oc-3e4">
         <name>.debug_info</name>
         <load_address>0x9611</load_address>
         <run_address>0x9611</run_address>
         <size>0x227</size>
         <input_file_ref idref="fl-cf"/>
      </object_component>
      <object_component id="oc-3ea">
         <name>.debug_info</name>
         <load_address>0x9838</load_address>
         <run_address>0x9838</run_address>
         <size>0x302</size>
         <input_file_ref idref="fl-cf"/>
      </object_component>
      <object_component id="oc-3f0">
         <name>.debug_info</name>
         <load_address>0x9b3a</load_address>
         <run_address>0x9b3a</run_address>
         <size>0x4ae</size>
         <input_file_ref idref="fl-cf"/>
      </object_component>
      <object_component id="oc-330">
         <name>.debug_info</name>
         <load_address>0x9fe8</load_address>
         <run_address>0x9fe8</run_address>
         <size>0x5f3</size>
         <input_file_ref idref="fl-cf"/>
      </object_component>
      <object_component id="oc-409">
         <name>.debug_info</name>
         <load_address>0xa5db</load_address>
         <run_address>0xa5db</run_address>
         <size>0x86</size>
         <input_file_ref idref="fl-cf"/>
      </object_component>
      <object_component id="oc-4a6">
         <name>.debug_info</name>
         <load_address>0xa661</load_address>
         <run_address>0xa661</run_address>
         <size>0x39</size>
         <input_file_ref idref="fl-cf"/>
      </object_component>
      <object_component id="oc-4e7">
         <name>.debug_info</name>
         <load_address>0xa69a</load_address>
         <run_address>0xa69a</run_address>
         <size>0xb6</size>
         <input_file_ref idref="fl-cf"/>
      </object_component>
      <object_component id="oc-4ab">
         <name>.debug_info</name>
         <load_address>0xa750</load_address>
         <run_address>0xa750</run_address>
         <size>0x46</size>
         <input_file_ref idref="fl-cf"/>
      </object_component>
      <object_component id="oc-40e">
         <name>.debug_info</name>
         <load_address>0xa796</load_address>
         <run_address>0xa796</run_address>
         <size>0x46</size>
         <input_file_ref idref="fl-cf"/>
      </object_component>
      <object_component id="oc-464">
         <name>.debug_info</name>
         <load_address>0xa7dc</load_address>
         <run_address>0xa7dc</run_address>
         <size>0x14b</size>
         <input_file_ref idref="fl-d0"/>
      </object_component>
      <object_component id="oc-3d9">
         <name>.debug_info</name>
         <load_address>0xa927</load_address>
         <run_address>0xa927</run_address>
         <size>0x127</size>
         <input_file_ref idref="fl-d1"/>
      </object_component>
      <object_component id="oc-44f">
         <name>.debug_info</name>
         <load_address>0xaa4e</load_address>
         <run_address>0xaa4e</run_address>
         <size>0x129</size>
         <input_file_ref idref="fl-d1"/>
      </object_component>
      <object_component id="oc-44a">
         <name>.debug_info</name>
         <load_address>0xab77</load_address>
         <run_address>0xab77</run_address>
         <size>0x139</size>
         <input_file_ref idref="fl-d2"/>
      </object_component>
      <object_component id="oc-446">
         <name>.debug_info</name>
         <load_address>0xacb0</load_address>
         <run_address>0xacb0</run_address>
         <size>0x139</size>
         <input_file_ref idref="fl-d3"/>
      </object_component>
      <object_component id="oc-455">
         <name>.debug_info</name>
         <load_address>0xade9</load_address>
         <run_address>0xade9</run_address>
         <size>0x12d</size>
         <input_file_ref idref="fl-d4"/>
      </object_component>
      <object_component id="oc-461">
         <name>.debug_info</name>
         <load_address>0xaf16</load_address>
         <run_address>0xaf16</run_address>
         <size>0x12b</size>
         <input_file_ref idref="fl-d5"/>
      </object_component>
      <object_component id="oc-43f">
         <name>.debug_info</name>
         <load_address>0xb041</load_address>
         <run_address>0xb041</run_address>
         <size>0x133</size>
         <input_file_ref idref="fl-d6"/>
      </object_component>
      <object_component id="oc-2ef">
         <name>.debug_info</name>
         <load_address>0xb174</load_address>
         <run_address>0xb174</run_address>
         <size>0x384</size>
         <input_file_ref idref="fl-d7"/>
      </object_component>
      <object_component id="oc-1a8">
         <name>.debug_info</name>
         <load_address>0xb4f8</load_address>
         <run_address>0xb4f8</run_address>
         <size>0x1a5</size>
         <input_file_ref idref="fl-d7"/>
      </object_component>
      <object_component id="oc-3aa">
         <name>.debug_info</name>
         <load_address>0xb69d</load_address>
         <run_address>0xb69d</run_address>
         <size>0x39</size>
         <input_file_ref idref="fl-d7"/>
      </object_component>
      <object_component id="oc-429">
         <name>.debug_info</name>
         <load_address>0xb6d6</load_address>
         <run_address>0xb6d6</run_address>
         <size>0x39</size>
         <input_file_ref idref="fl-d7"/>
      </object_component>
      <object_component id="oc-3af">
         <name>.debug_info</name>
         <load_address>0xb70f</load_address>
         <run_address>0xb70f</run_address>
         <size>0x39</size>
         <input_file_ref idref="fl-d7"/>
      </object_component>
      <object_component id="oc-3b4">
[...]
      </symbol>
      <symbol id="sm-1e5">
         <name>TrimSpace</name>
         <value>0x200059c1</value>
         <object_component_ref idref="oc-e0"/>
      </symbol>
      <symbol id="sm-214">
         <name>vsnprintf</name>
         <value>0x20007ad1</value>
         <object_component_ref idref="oc-230"/>
      </symbol>
      <symbol id="sm-22f">
         <name>memcpy</name>
         <value>0x20007035</value>
         <object_component_ref idref="oc-3a"/>
      </symbol>
      <symbol id="sm-230">
         <name>__aeabi_memcpy</name>
         <value>0x20007035</value>
         <object_component_ref idref="oc-3a"/>
      </symbol>
      <symbol id="sm-231">
         <name>__aeabi_memcpy8</name>
         <value>0x20007035</value>
         <object_component_ref idref="oc-3a"/>
      </symbol>
      <symbol id="sm-232">
         <name>__aeabi_memcpy4</name>
         <value>0x20007035</value>
         <object_component_ref idref="oc-3a"/>
      </symbol>
      <symbol id="sm-241">
         <name>__aeabi_memset</name>
         <value>0x20007415</value>
         <object_component_ref idref="oc-88"/>
      </symbol>
      <symbol id="sm-242">
         <name>memset</name>
         <value>0x2000741b</value>
         <object_component_ref idref="oc-88"/>
      </symbol>
      <symbol id="sm-243">
         <name>__aeabi_memset8</name>
         <value>0x20007415</value>
         <object_component_ref idref="oc-88"/>
      </symbol>
      <symbol id="sm-244">
         <name>__aeabi_memset4</name>
         <value>0x20007415</value>
         <object_component_ref idref="oc-88"/>
      </symbol>
      <symbol id="sm-245">
         <name>__aeabi_memclr8</name>
         <value>0x20007413</value>
         <object_component_ref idref="oc-88"/>
      </symbol>
      <symbol id="sm-246">
         <name>__aeabi_memclr4</name>
         <value>0x20007413</value>
         <object_component_ref idref="oc-88"/>
      </symbol>
      <symbol id="sm-247">
         <name>__aeabi_memclr</name>
         <value>0x20007413</value>
         <object_component_ref idref="oc-88"/>
      </symbol>
      <symbol id="sm-259">
         <name>__TI_zero_init</name>
         <value>0x200081b5</value>
         <object_component_ref idref="oc-4c"/>
      </symbol>
      <symbol id="sm-270">
         <name>__TI_decompress_none</name>
         <value>0x2000818d</value>
         <object_component_ref idref="oc-18"/>
      </symbol>
      <symbol id="sm-293">
         <name>__TI_decompress_lzss</name>
         <value>0x200076bd</value>
         <object_component_ref idref="oc-12"/>
      </symbol>
      <symbol id="sm-2a3">
         <name>memmove</name>
         <value>0x20007df5</value>
         <object_component_ref idref="oc-242"/>
      </symbol>
      <symbol id="sm-341">
         <name>_sys_memory</name>
         <value>0x2001d000</value>
         <object_component_ref idref="oc-20"/>
      </symbol>
      <symbol id="sm-342">
         <name>free</name>
         <value>0x20006bdd</value>
         <object_component_ref idref="oc-24e"/>
      </symbol>
      <symbol id="sm-343">
         <name>realloc</name>
         <value>0x20006af5</value>
         <object_component_ref idref="oc-248"/>
      </symbol>
      <symbol id="sm-344">
         <name>memalign</name>
         <value>0x200068e1</value>
         <object_component_ref idref="oc-2ad"/>
      </symbol>
      <symbol id="sm-345">
         <name>malloc</name>
         <value>0x200081d5</value>
         <object_component_ref idref="oc-16f"/>
      </symbol>
      <symbol id="sm-346">
         <name>aligned_alloc</name>
         <value>0x200068e1</value>
         <object_component_ref idref="oc-2ad"/>
      </symbol>
      <symbol id="sm-354">
         <name>strcpy</name>
         <value>0x20008141</value>
         <object_component_ref idref="oc-139"/>
      </symbol>
      <symbol id="sm-362">
         <name>strlen</name>
         <value>0x20008155</value>
         <object_component_ref idref="oc-23c"/>
      </symbol>
      <symbol id="sm-375">
         <name>strstr</name>
         <value>0x20007bc3</value>
         <object_component_ref idref="oc-fe"/>
      </symbol>
      <symbol id="sm-387">
         <name>__stack</name>
         <value>0x2003f800</value>
         <object_component_ref idref="oc-23"/>
      </symbol>
      <symbol id="sm-388">
         <name>_c_int00_noargs</name>
         <value>0x20007dd1</value>
         <object_component_ref idref="oc-58"/>
      </symbol>
      <symbol id="sm-4ed">
         <name>__TI_printfi</name>
         <value>0x20004401</value>
         <object_component_ref idref="oc-32f"/>
      </symbol>
      <symbol id="sm-504">
         <name>__aeabi_dsub</name>
         <value>0x20005f4d</value>
         <object_component_ref idref="oc-463"/>
      </symbol>
      <symbol id="sm-505">
         <name>__aeabi_dadd</name>
         <value>0x20005f57</value>
         <object_component_ref idref="oc-463"/>
      </symbol>
      <symbol id="sm-527">
         <name>__aeabi_cdcmpeq</name>
         <value>0x20007285</value>
         <object_component_ref idref="oc-3d8"/>
      </symbol>
      <symbol id="sm-528">
         <name>__aeabi_cdcmple</name>
         <value>0x20007285</value>
         <object_component_ref idref="oc-3d8"/>
      </symbol>
      <symbol id="sm-529">
         <name>__aeabi_cdrcmple</name>
         <value>0x2000730b</value>
         <object_component_ref idref="oc-44e"/>
      </symbol>
      <symbol id="sm-53d">
         <name>__aeabi_ddiv</name>
         <value>0x20006689</value>
         <object_component_ref idref="oc-449"/>
      </symbol>
      <symbol id="sm-548">
         <name>__aeabi_dmul</name>
         <value>0x200069f9</value>
         <object_component_ref idref="oc-444"/>
      </symbol>
      <symbol id="sm-552">
         <name>__aeabi_d2iz</name>
         <value>0x200079c1</value>
         <object_component_ref idref="oc-453"/>
      </symbol>
      <symbol id="sm-55c">
         <name>__aeabi_i2d</name>
         <value>0x20007c89</value>
         <object_component_ref idref="oc-45e"/>
      </symbol>
      <symbol id="sm-569">
         <name>__aeabi_uldivmod</name>
         <value>0x200070d1</value>
         <object_component_ref idref="oc-43d"/>
      </symbol>
      <symbol id="sm-591">
         <name>__TI_auto_init_nobinit_nopinit</name>
         <value>0x20007a4d</value>
         <object_component_ref idref="oc-1a5"/>
      </symbol>
      <symbol id="sm-59b">
         <name>_system_pre_init</name>
         <value>0x200081e3</value>
         <object_component_ref idref="oc-8e"/>
      </symbol>
      <symbol id="sm-5a7">
         <name>C$$EXIT</name>
         <value>0x200081e7</value>
         <object_component_ref idref="oc-199"/>
      </symbol>
      <symbol id="sm-5a8">
         <name>abort</name>
         <value>0x200081e7</value>
         <object_component_ref idref="oc-199"/>
      </symbol>
      <symbol id="sm-5bd">
         <name>_nop</name>
         <value>0x20006103</value>
         <object_component_ref idref="oc-39c"/>
      </symbol>
      <symbol id="sm-5be">
         <name>_lock</name>
         <value>0x2001dc60</value>
         <object_component_ref idref="oc-2e8"/>
      </symbol>
      <symbol id="sm-5bf">
         <name>_unlock</name>
         <value>0x2001dc64</value>
         <object_component_ref idref="oc-2e8"/>
      </symbol>
      <symbol id="sm-5d6">
         <name>atoi</name>
         <value>0x2000792d</value>
         <object_component_ref idref="oc-3cc"/>
      </symbol>
      <symbol id="sm-5e1">
         <name>_ctypes_</name>
         <value>0x200081ec</value>
         <object_component_ref idref="oc-438"/>
      </symbol>
      <symbol id="sm-5f0">
         <name>ltoa</name>
         <value>0x20007885</value>
         <object_component_ref idref="oc-458"/>
      </symbol>
      <symbol id="sm-600">
         <name>memccpy</name>
         <value>0x20007f69</value>
         <object_component_ref idref="oc-3f5"/>
      </symbol>
      <symbol id="sm-610">
         <name>strchr</name>
         <value>0x200080ef</value>
         <object_component_ref idref="oc-48f"/>
      </symbol>
      <symbol id="sm-626">
         <name>__aeabi_errno_addr</name>
         <value>0x200081cd</value>
         <object_component_ref idref="oc-401"/>
      </symbol>
      <symbol id="sm-627">
         <name>errno</name>
         <value>0x2001dc74</value>
         <object_component_ref idref="oc-49f"/>
      </symbol>
      <symbol id="sm-640">
         <name>wcslen</name>
         <value>0x2000817b</value>
         <object_component_ref idref="oc-3fb"/>
      </symbol>
      <symbol id="sm-660">
         <name>frexpl</name>
         <value>0x20007725</value>
         <object_component_ref idref="oc-483"/>
      </symbol>
      <symbol id="sm-661">
         <name>frexp</name>
         <value>0x20007725</value>
         <object_component_ref idref="oc-483"/>
      </symbol>
      <symbol id="sm-67f">
         <name>scalbn</name>
         <value>0x20006cc1</value>
         <object_component_ref idref="oc-489"/>
      </symbol>
      <symbol id="sm-680">
         <name>scalbnl</name>
         <value>0x20006cc1</value>
         <object_component_ref idref="oc-489"/>
      </symbol>
      <symbol id="sm-681">
         <name>ldexpl</name>
         <value>0x20006cc1</value>
         <object_component_ref idref="oc-489"/>
      </symbol>
      <symbol id="sm-682">
         <name>ldexp</name>
         <value>0x20006cc1</value>
         <object_component_ref idref="oc-489"/>
      </symbol>
      <symbol id="sm-68c">
         <name>__aeabi_idiv0</name>
         <value>0x200067bf</value>
         <object_component_ref idref="oc-4b7"/>
      </symbol>
      <symbol id="sm-68d">
         <name>__aeabi_ldiv0</name>
         <value>0x200067bf</value>
         <object_component_ref idref="oc-4b7"/>
      </symbol>
      <symbol id="sm-697">
         <name>copysign</name>
         <value>0x200081a9</value>
         <object_component_ref idref="oc-4d0"/>
      </symbol>
      <symbol id="sm-698">
         <name>copysignl</name>
         <value>0x200081a9</value>
         <object_component_ref idref="oc-4d0"/>
      </symbol>
      <symbol id="sm-6f0">
         <name>GPIOIntRegister</name>
         <value>0x20007e7d</value>
         <object_component_ref idref="oc-17b"/>
      </symbol>
      <symbol id="sm-6f1">
         <name>GPIOIntDisable</name>
         <value>0x20007f85</value>
         <object_component_ref idref="oc-18d"/>
      </symbol>
      <symbol id="sm-6f2">
         <name>GPIOIntEnable</name>
         <value>0x20007f9f</value>
         <object_component_ref idref="oc-187"/>
      </symbol>
      <symbol id="sm-6f3">
         <name>GPIOIntTypeSet</name>
         <value>0x20007391</value>
         <object_component_ref idref="oc-181"/>
      </symbol>
      <symbol id="sm-6f4">
         <name>GPIOIntClear</name>
         <value>0x20008119</value>
         <object_component_ref idref="oc-c8"/>
      </symbol>
      <symbol id="sm-6f5">
         <name>GPIOIntStatus</name>
         <value>0x20007e19</value>
         <object_component_ref idref="oc-c2"/>
      </symbol>
      <symbol id="sm-6f6">
         <name>GPIODirModeSet</name>
         <value>0x20007b8d</value>
         <object_component_ref idref="oc-2c0"/>
      </symbol>
      <symbol id="sm-76d">
         <name>IntPrioritySet</name>
         <value>0x20007831</value>
         <object_component_ref idref="oc-1f1"/>
      </symbol>
      <symbol id="sm-76e">
         <name>IntVTableBaseSet</name>
         <value>0x2000812d</value>
         <object_component_ref idref="oc-11b"/>
      </symbol>
      <symbol id="sm-76f">
         <name>IntEnable</name>
         <value>0x20006eed</value>
         <object_component_ref idref="oc-127"/>
      </symbol>
      <symbol id="sm-770">
         <name>IntDisable</name>
         <value>0x20006e45</value>
         <object_component_ref idref="oc-312"/>
      </symbol>
      <symbol id="sm-771">
         <name>IntRegister</name>
         <value>0x20007e5d</value>
         <object_component_ref idref="oc-2d9"/>
      </symbol>
      <symbol id="sm-772">
         <name>IntUnregister</name>
         <value>0x20007d89</value>
         <object_component_ref idref="oc-318"/>
      </symbol>
      <symbol id="sm-773">
         <name>IntMasterEnable</name>
         <value>0x200081c1</value>
         <object_component_ref idref="oc-121"/>
      </symbol>
      <symbol id="sm-7b2">
         <name>PinTypeUART</name>
         <value>0x20007fd3</value>
         <object_component_ref idref="oc-2cc"/>
      </symbol>
      <symbol id="sm-7b3">
         <name>PinTypeGPIO</name>
         <value>0x20007bf7</value>
         <object_component_ref idref="oc-2ba"/>
      </symbol>
      <symbol id="sm-7b4">
         <name>PinConfigSet</name>
         <value>0x200071fd</value>
         <object_component_ref idref="oc-38c"/>
      </symbol>
      <symbol id="sm-7b5">
         <name>PinTypeSPI</name>
         <value>0x20007fb9</value>
         <object_component_ref idref="oc-2c6"/>
      </symbol>
      <symbol id="sm-7b6">
         <name>PinModeSet</name>
         <value>0x20007a91</value>
         <object_component_ref idref="oc-2b4"/>
      </symbol>
      <symbol id="sm-83c">
         <name>PRCMPeripheralReset</name>
         <value>0x20007781</value>
         <object_component_ref idref="oc-14a"/>
      </symbol>
      <symbol id="sm-83d">
         <name>PRCMPeripheralClkEnable</name>
         <value>0x20007b51</value>
         <object_component_ref idref="oc-1df"/>
      </symbol>
      <symbol id="sm-83e">
         <name>PRCMPeripheralClockGet</name>
         <value>0x20007169</value>
         <object_component_ref idref="oc-156"/>
      </symbol>
      <symbol id="sm-83f">
         <name>PRCMCC3200MCUInit</name>
         <value>0x2000629d</value>
         <object_component_ref idref="oc-12d"/>
      </symbol>
      <symbol id="sm-840">
         <name>PRCMHIBRegWrite</name>
         <value>0x200080c3</value>
         <object_component_ref idref="oc-293"/>
      </symbol>
      <symbol id="sm-841">
         <name>PRCMSysResetCauseGet</name>
         <value>0x20007cb9</value>
         <object_component_ref idref="oc-287"/>
      </symbol>
      <symbol id="sm-842">
         <name>PRCMPeripheralClkDisable</name>
         <value>0x20007d39</value>
         <object_component_ref idref="oc-299"/>
      </symbol>
      <symbol id="sm-843">
         <name>PRCMHIBRegRead</name>
         <value>0x200080ad</value>
         <object_component_ref idref="oc-28d"/>
      </symbol>
      <symbol id="sm-86b">
         <name>SPICSEnable</name>
         <value>0x20007fed</value>
         <object_component_ref idref="oc-168"/>
      </symbol>
      <symbol id="sm-86c">
         <name>SPIEnable</name>
         <value>0x20008005</value>
         <object_component_ref idref="oc-162"/>
      </symbol>
      <symbol id="sm-86d">
         <name>SPIConfigSetExpClk</name>
         <value>0x20006f95</value>
         <object_component_ref idref="oc-15c"/>
      </symbol>
      <symbol id="sm-86e">
         <name>SPIReset</name>
         <value>0x20007e3b</value>
         <object_component_ref idref="oc-150"/>
      </symbol>
      <symbol id="sm-8f2">
         <name>TimerLoadSet</name>
         <value>0x20007ce5</value>
         <object_component_ref idref="oc-133"/>
      </symbol>
      <symbol id="sm-8f3">
         <name>TimerDisable</name>
         <value>0x20007e9b</value>
         <object_component_ref idref="oc-20f"/>
      </symbol>
      <symbol id="sm-8f4">
         <name>TimerIntRegister</name>
         <value>0x20007505</value>
         <object_component_ref idref="oc-1f7"/>
      </symbol>
      <symbol id="sm-8f5">
         <name>TimerEnable</name>
         <value>0x20007eb9</value>
         <object_component_ref idref="oc-ce"/>
      </symbol>
      <symbol id="sm-8f6">
         <name>TimerIntUnregister</name>
         <value>0x20007655</value>
         <object_component_ref idref="oc-21b"/>
      </symbol>
      <symbol id="sm-8f7">
         <name>TimerIntStatus</name>
         <value>0x20007ed7</value>
         <object_component_ref idref="oc-203"/>
      </symbol>
      <symbol id="sm-8f8">
         <name>TimerIntDisable</name>
         <value>0x2000801d</value>
         <object_component_ref idref="oc-215"/>
      </symbol>
      <symbol id="sm-8f9">
         <name>TimerValueGet</name>
         <value>0x20007f13</value>
         <object_component_ref idref="oc-221"/>
      </symbol>
      <symbol id="sm-8fa">
         <name>TimerPrescaleSet</name>
         <value>0x20007d0f</value>
         <object_component_ref idref="oc-1eb"/>
      </symbol>
      <symbol id="sm-8fb">
         <name>TimerIntEnable</name>
         <value>0x20008035</value>
         <object_component_ref idref="oc-1fd"/>
      </symbol>
      <symbol id="sm-8fc">
         <name>TimerConfigure</name>
         <value>0x20007a09</value>
         <object_component_ref idref="oc-1e5"/>
      </symbol>
      <symbol id="sm-8fd">
         <name>TimerIntClear</name>
         <value>0x20008169</value>
         <object_component_ref idref="oc-209"/>
      </symbol>
      <symbol id="sm-952">
         <name>UARTConfigSetExpClk</name>
         <value>0x2000748d</value>
         <object_component_ref idref="oc-22a"/>
      </symbol>
      <symbol id="sm-953">
         <name>UARTDisable</name>
         <value>0x20007c29</value>
         <object_component_ref idref="oc-322"/>
      </symbol>
      <symbol id="sm-954">
         <name>UARTIntEnable</name>
         <value>0x2000807d</value>
         <object_component_ref idref="oc-f2"/>
      </symbol>
      <symbol id="sm-955">
         <name>UARTCharsAvail</name>
         <value>0x2000804d</value>
         <object_component_ref idref="oc-ec"/>
      </symbol>
      <symbol id="sm-956">
         <name>UARTCharGetNonBlocking</name>
         <value>0x20007f2f</value>
         <object_component_ref idref="oc-236"/>
      </symbol>
      <symbol id="sm-957">
         <name>UARTIntDisable</name>
         <value>0x20008065</value>
         <object_component_ref idref="oc-da"/>
      </symbol>
      <symbol id="sm-958">
         <name>UARTCharPut</name>
         <value>0x20007ef5</value>
         <object_component_ref idref="oc-f8"/>
      </symbol>
      <symbol id="sm-959">
         <name>UARTEnable</name>
         <value>0x20007dad</value>
         <object_component_ref idref="oc-328"/>
      </symbol>
      <symbol id="sm-95a">
         <name>UARTCharGet</name>
         <value>0x200080d9</value>
         <object_component_ref idref="oc-e6"/>
      </symbol>
      <symbol id="sm-95e">
         <name>UtilsDelay</name>
         <value>0x200081dd</value>
         <object_component_ref idref="oc-119"/>
      </symbol>
      <symbol id="sm-968">
         <name>CPUcpsie</name>
         <value>0x20008105</value>
         <object_component_ref idref="oc-27c"/>
      </symbol>
      <symbol id="sm-96a">
         <name>__TI_static_base__</name>
         <value>0x200085a0</value>
      </symbol>
      <symbol id="sm-96d">
         <name>__mpu_init</name>
         <value>0x0</value>
      </symbol>
      <symbol id="sm-96e">
         <name>_system_post_cinit</name>
         <value>0x0</value>
      </symbol>
   </symbol_table>
   <title>Link successful</title>
</link_info>
