******************************************************************************
                  TI ARM Linker PC v18.12.4                    
******************************************************************************
>> Linked Thu Feb  6 21:20:35 2020

OUTPUT FILE NAME:   <lab3.out>
ENTRY POINT SYMBOL: "_c_int00_noargs"  address: 20008fed


MEMORY CONFIGURATION

         name            origin    length      used     unused   attr    fill
----------------------  --------  ---------  --------  --------  ----  --------
  SRAM_CODE             20004000   00019000  00005dff  00013201  RW X
  SRAM_DATA             2001d000   00023000  00001490  00021b70  RW X


SEGMENT ALLOCATION MAP

run origin  load origin   length   init length attrs members
----------  ----------- ---------- ----------- ----- -------
20004000    20004000    00005e08   00005e08    r-x
  20004000    20004000    00000400   00000400    r-- .intvecs
  20004400    20004400    000050b2   000050b2    r-x .text
  200094b4    200094b4    000008dd   000008dd    r-- .const
  20009d98    20009d98    00000070   00000070    r-- .cinit
2001d000    2001d000    00000c90   00000000    rw-
  2001d000    2001d000    00000800   00000000    rw- .sysmem
  2001d800    2001d800    00000438   00000000    rw- .bss
  2001dc38    2001dc38    00000058   00000000    rw- .data
2003f800    2003f800    00000800   00000000    rw-
  2003f800    2003f800    00000800   00000000    rw- .stack


SECTION ALLOCATION MAP

 output                                  attributes/
section   page    origin      length       input sections
--------  ----  ----------  ----------   ----------------
.intvecs   0    20004000    00000400     
                  20004000    00000400     startup_ccs.obj (.intvecs)

.init_array 
*          0    20004000    00000000     UNINITIALIZED

.text      0    20004400    000050b2     
                  20004400    00000ab8     main.obj (.text)
                  20004eb8    00000a80     Adafruit_GFX.obj (.text)
                  20005938    00000a4e     rtsv7M4_T_le_eabi.lib : _printfi.c.obj (.text:__TI_printfi)
                  20006386    00000002     driverlib.a : interrupt.obj (.text:IntDefaultHandler)
                  20006388    000004a2     Adafruit_OLED.obj (.text)
                  2000682a    00000002     rtsv7M4_T_le_eabi.lib : _lock.c.obj (.text:_nop)
                  2000682c    00000280     uart_if.obj (.text)
                  20006aac    00000268     rtsv7M4_T_le_eabi.lib : _printfi.c.obj (.text:_pconv_a)
                  20006d14    00000260     OLED_helpers.obj (.text)
                  20006f74    000001cc     rtsv7M4_T_le_eabi.lib : _printfi.c.obj (.text:_pconv_g)
                  20007140    000001b6                           : fd_add_t2.asm.obj (.text)
                  200072f6    00000002                           : div0.asm.obj (.text)
                  200072f8    00000198     timer_if.obj (.text)
                  20007490    00000178     driverlib.a : prcm.obj (.text:PRCMCC3200MCUInit)
                  20007608    0000013c     rtsv7M4_T_le_eabi.lib : _printfi.c.obj (.text:_pconv_e)
                  20007744    00000136                           : fd_div_t2.asm.obj (.text)
                  2000787a    00000002     --HOLE-- [fill = 0]
                  2000787c    00000120                           : _printfi.c.obj (.text:fcvt)
                  2000799c    0000011c     pin_mux_config.obj (.text)
                  20007ab8    00000118     rtsv7M4_T_le_eabi.lib : memory.c.obj (.text:aligned_alloc)
                  20007bd0    000000fc                           : fd_mul_t2.asm.obj (.text)
                  20007ccc    000000e8                           : memory.c.obj (.text:realloc)
                  20007db4    000000e4                           : memory.c.obj (.text:free)
                  20007e98    000000d0                           : s_scalbn.c.obj (.text:scalbn)
                  20007f68    000000b1                           : _printfi.c.obj (.text:_ltostr)
                  20008019    00000003     --HOLE-- [fill = 0]
                  2000801c    000000a8     driverlib.a : interrupt.obj (.text:IntDisable)
                  200080c4    000000a8                 : interrupt.obj (.text:IntEnable)
                  2000816c    000000a0                 : spi.obj (.text:SPIConfigSetExpClk)
                  2000820c    0000009c     rtsv7M4_T_le_eabi.lib : memcpy_t2.asm.obj (.text)
                  200082a8    00000096                           : ull_div_t2.asm.obj (.text)
                  2000833e    00000002     --HOLE-- [fill = 0]
                  20008340    00000094     driverlib.a : prcm.obj (.text:PRCMPeripheralClockGet)
                  200083d4    00000088                 : pin.obj (.text:PinConfigSet)
                  2000845c    00000086     rtsv7M4_T_le_eabi.lib : fd_cmp_t2.asm.obj (.text:__aeabi_cdcmple)
                  200084e2    00000086                           : fd_cmp_t2.asm.obj (.text:__aeabi_cdrcmple)
                  20008568    00000082     driverlib.a : gpio.obj (.text:GPIOIntTypeSet)
                  200085ea    0000007a     rtsv7M4_T_le_eabi.lib : memset_t2.asm.obj (.text)
                  20008664    00000076     driverlib.a : uart.obj (.text:UARTConfigSetExpClk)
                  200086da    00000002     --HOLE-- [fill = 0]
                  200086dc    00000070                 : timer.obj (.text:TimerIntRegister)
                  2000874c    00000070     rtsv7M4_T_le_eabi.lib : memory.c.obj (.text:split)
                  200087bc    0000006e                           : _printfi.c.obj (.text:_mcpy)
                  2000882a    00000002     --HOLE-- [fill = 0]
                  2000882c    00000068     driverlib.a : timer.obj (.text:TimerIntUnregister)
                  20008894    00000068     rtsv7M4_T_le_eabi.lib : copy_decompress_lzss.c.obj (.text:decompress:lzss:__TI_decompress_lzss)
                  200088fc    0000005c                           : s_frexp.c.obj (.text:frexp)
                  20008958    00000058     driverlib.a : prcm.obj (.text:PRCMPeripheralReset)
                  200089b0    00000056     rtsv7M4_T_le_eabi.lib : _printfi.c.obj (.text:_pconv_f)
                  20008a06    00000002     --HOLE-- [fill = 0]
                  20008a08    00000054     driverlib.a : interrupt.obj (.text:IntPrioritySet)
                  20008a5c    00000054     rtsv7M4_T_le_eabi.lib : ltoa.c.obj (.text:ltoa)
                  20008ab0    00000052                           : _printfi.c.obj (.text:_ecpy)
                  20008b02    00000002     --HOLE-- [fill = 0]
                  20008b04    0000004c                           : atoi.c.obj (.text:atoi)
                  20008b50    00000048     driverlib.a : gpio.obj (.text:GPIOGetIntNumber)
                  20008b98    00000048     rtsv7M4_T_le_eabi.lib : fd_toi_t2.asm.obj (.text)
                  20008be0    00000044     driverlib.a : timer.obj (.text:TimerConfigure)
                  20008c24    00000044                 : uart.obj (.text:UARTIntNumberGet)
                  20008c68    00000044     rtsv7M4_T_le_eabi.lib : autoinit.c.obj (.text:__TI_auto_init_nobinit_nopinit:__TI_auto_init_nobinit_nopinit)
                  20008cac    00000040     driverlib.a : pin.obj (.text:PinModeSet)
                  20008cec    00000040     rtsv7M4_T_le_eabi.lib : vsnprintf.c.obj (.text:vsnprintf)
                  20008d2c    0000003e                           : _printfi.c.obj (.text:_fcpy)
                  20008d6a    00000002     --HOLE-- [fill = 0]
                  20008d6c    0000003c     driverlib.a : prcm.obj (.text:PRCMPeripheralClkEnable)
                  20008da8    00000036                 : gpio.obj (.text:GPIODirModeSet)
                  20008dde    00000034     rtsv7M4_T_le_eabi.lib : strstr.c.obj (.text:strstr)
                  20008e12    00000030     driverlib.a : pin.obj (.text:PinTypeGPIO)
                  20008e42    00000002     --HOLE-- [fill = 0]
                  20008e44    00000030                 : uart.obj (.text:UARTDisable)
                  20008e74    00000030     rtsv7M4_T_le_eabi.lib : vsnprintf.c.obj (.text:_outs)
                  20008ea4    0000002e                           : i_tofd_t2.asm.obj (.text)
                  20008ed2    00000002     --HOLE-- [fill = 0]
                  20008ed4    0000002c     driverlib.a : prcm.obj (.text:PRCMSysResetCauseGet)
                  20008f00    0000002a                 : timer.obj (.text:TimerLoadSet)
                  20008f2a    0000002a                 : timer.obj (.text:TimerPrescaleSet)
                  20008f54    00000028                 : prcm.obj (.text:PRCMPeripheralClkDisable)
                  20008f7c    00000028     rtsv7M4_T_le_eabi.lib : memory.c.obj (.text:free_list_insert)
                  20008fa4    00000024     driverlib.a : interrupt.obj (.text:IntUnregister)
                  20008fc8    00000024                 : uart.obj (.text:UARTEnable)
                  20008fec    00000024     rtsv7M4_T_le_eabi.lib : boot_cortex_m.c.obj (.text:_c_int00_noargs:_c_int00_noargs)
                  20009010    00000024                           : memmov.c.obj (.text:memmove)
                  20009034    00000022     driverlib.a : gpio.obj (.text:GPIOIntStatus)
                  20009056    00000022                 : spi.obj (.text:SPIReset)
                  20009078    00000020                 : gpio.obj (.text:GPIOPinWrite)
                  20009098    00000020                 : interrupt.obj (.text:IntRegister)
                  200090b8    00000020                 : spi.obj (.text:SPIDataGet)
                  200090d8    0000001e                 : gpio.obj (.text:GPIOIntRegister)
                  200090f6    0000001e                 : spi.obj (.text:SPIDataPut)
                  20009114    0000001e                 : timer.obj (.text:TimerDisable)
                  20009132    0000001e                 : timer.obj (.text:TimerEnable)
                  20009150    0000001e                 : timer.obj (.text:TimerIntStatus)
                  2000916e    0000001e                 : uart.obj (.text:UARTCharPut)
                  2000918c    0000001e                 : uart.obj (.text:UARTIntRegister)
                  200091aa    0000001c                 : timer.obj (.text:TimerValueGet)
                  200091c6    0000001c                 : uart.obj (.text:UARTCharGetNonBlocking)
                  200091e2    00000002     --HOLE-- [fill = 0]
                  200091e4    0000001c     rtsv7M4_T_le_eabi.lib : memory.c.obj (.text:free_list_remove)
                  20009200    0000001c                           : memccpy.c.obj (.text:memccpy)
                  2000921c    0000001a     driverlib.a : gpio.obj (.text:GPIOIntDisable)
                  20009236    0000001a                 : gpio.obj (.text:GPIOIntEnable)
                  20009250    0000001a                 : pin.obj (.text:PinTypeSPI)
                  2000926a    0000001a                 : pin.obj (.text:PinTypeUART)
                  20009284    00000018                 : spi.obj (.text:SPICSDisable)
                  2000929c    00000018                 : spi.obj (.text:SPICSEnable)
                  200092b4    00000018                 : spi.obj (.text:SPIEnable)
                  200092cc    00000018                 : timer.obj (.text:TimerIntDisable)
                  200092e4    00000018                 : timer.obj (.text:TimerIntEnable)
                  200092fc    00000018                 : uart.obj (.text:UARTCharsAvail)
                  20009314    00000018                 : uart.obj (.text:UARTFIFOLevelSet)
                  2000932c    00000018                 : uart.obj (.text:UARTIntDisable)
                  20009344    00000018                 : uart.obj (.text:UARTIntEnable)
                  2000935c    00000018     rtsv7M4_T_le_eabi.lib : vsnprintf.c.obj (.text:_outc)
                  20009374    00000016     driverlib.a : prcm.obj (.text:PRCMHIBRegRead)
                  2000938a    00000016                 : prcm.obj (.text:PRCMHIBRegWrite)
                  200093a0    00000016                 : uart.obj (.text:UARTCharGet)
                  200093b6    00000016     rtsv7M4_T_le_eabi.lib : strchr.c.obj (.text:strchr)
                  200093cc    00000014     driverlib.a : cpu.obj (.text:CPUcpsie)
                  200093e0    00000014                 : gpio.obj (.text:GPIOIntClear)
                  200093f4    00000014                 : interrupt.obj (.text:IntVTableBaseSet)
                  20009408    00000014     rtsv7M4_T_le_eabi.lib : strcpy.c.obj (.text:strcpy)
                  2000941c    00000014                           : strlen.c.obj (.text:strlen)
                  20009430    00000012     driverlib.a : timer.obj (.text:TimerIntClear)
                  20009442    00000012     rtsv7M4_T_le_eabi.lib : wcslen.c.obj (.text:wcslen)
                  20009454    0000000e                           : copy_decompress_none.c.obj (.text:decompress:none:__TI_decompress_none)
                  20009462    0000000e     startup_ccs.obj (.text)
                  20009470    0000000c     rtsv7M4_T_le_eabi.lib : s_copysign.c.obj (.text:copysign)
                  2000947c    0000000c                           : copy_zero_init.c.obj (.text:decompress:ZI:__TI_zero_init)
                  20009488    0000000a     driverlib.a : interrupt.obj (.text:IntMasterEnable)
                  20009492    00000002     --HOLE-- [fill = 0]
                  20009494    00000008     rtsv7M4_T_le_eabi.lib : errno.c.obj (.text:__aeabi_errno_addr)
                  2000949c    00000008                           : memory.c.obj (.text:malloc)
                  200094a4    00000006     driverlib.a : utils.obj (.text:UtilsDelay)
                  200094aa    00000004     rtsv7M4_T_le_eabi.lib : pre_init.c.obj (.text:_system_pre_init)
                  200094ae    00000004                           : exit.c.obj (.text:abort:abort)

.const     0    200094b4    000008dd     
                  200094b4    000004fb     Adafruit_GFX.obj (.const:.string:font)
                  200099af    00000101     rtsv7M4_T_le_eabi.lib : ctype.c.obj (.const:.string:_ctypes_)
                  20009ab0    00000100     driverlib.a : pin.obj (.const:g_ulPinToPadMap)
                  20009bb0    000000d4                 : interrupt.obj (.const:g_pulRegs)
                  20009c84    000000a8                 : prcm.obj (.const:PRCM_PeriphRegsList)
                  20009d2c    00000018                 : interrupt.obj (.const:g_pulDisRegs)
                  20009d44    00000018                 : interrupt.obj (.const:g_pulEnRegs)
                  20009d5c    00000010                 : uart.obj (.const:g_ppulUARTIntMap)
                  20009d6c    0000000c     OLED_helpers.obj (.const:.string:$P$T0$1)
                  20009d78    0000000c     OLED_helpers.obj (.const:.string:$P$T1$2)
                  20009d84    0000000c     OLED_helpers.obj (.const:.string:$P$T2$3)
                  20009d90    00000001     main.obj (.const:.string:$P$T0$1)

.cinit     0    20009d98    00000070     
                  20009d98    0000004c     (.cinit..data.load) [load image, compression = lzss]
                  20009de4    0000000c     (__TI_handler_table)
                  20009df0    00000008     (.cinit..bss.load) [load image, compression = zero_init]
                  20009df8    00000010     (__TI_cinit_table)

.sysmem    0    2001d000    00000800     UNINITIALIZED
                  2001d000    00000010     rtsv7M4_T_le_eabi.lib : memory.c.obj (.sysmem)
                  2001d010    000007f0     --HOLE--

.bss       0    2001d800    00000438     UNINITIALIZED
                  2001d800    00000050     (.common:eight)
                  2001d850    00000050     (.common:five)
                  2001d8a0    00000050     (.common:four)
                  2001d8f0    00000050     (.common:last)
                  2001d940    00000050     (.common:mute)
                  2001d990    00000050     (.common:nine)
                  2001d9e0    00000050     (.common:one)
                  2001da30    00000050     (.common:seven)
                  2001da80    00000050     (.common:six)
                  2001dad0    00000050     (.common:three)
                  2001db20    00000050     (.common:two)
                  2001db70    00000050     (.common:zero)
                  2001dbc0    0000004c     (.common:arr)
                  2001dc0c    00000004     uart_if.obj (.bss)
                  2001dc10    00000004     (.common:bitBufferPos)
                  2001dc14    00000004     (.common:buffer)
                  2001dc18    00000004     (.common:buffer_Position)
                  2001dc1c    00000004     (.common:button)
                  2001dc20    00000004     (.common:numPresses)
                  2001dc24    00000004     (.common:prevButton)
                  2001dc28    00000004     (.common:recvBuffer)
                  2001dc2c    00000004     (.common:recv_buffer_Position)
                  2001dc30    00000004     (.common:stillWaiting)
                  2001dc34    00000004     (.common:timerCount)

.data      0    2001dc38    00000058     UNINITIALIZED
                  2001dc38    00000028     main.obj (.data:numPad)
                  2001dc60    00000015     Adafruit_GFX.obj (.data)
                  2001dc75    00000003     --HOLE--
                  2001dc78    00000008     rtsv7M4_T_le_eabi.lib : _lock.c.obj (.data:$O1$$)
                  2001dc80    00000008                           : memory.c.obj (.data:$O1$$)
                  2001dc88    00000004     main.obj (.data)
                  2001dc8c    00000004     rtsv7M4_T_le_eabi.lib : errno.c.obj (.data)

.stack     0    2003f800    00000800     UNINITIALIZED
                  2003f800    00000004     rtsv7M4_T_le_eabi.lib : boot_cortex_m.c.obj (.stack)
                  2003f804    000007fc     --HOLE--

MODULE SUMMARY

       Module                       code    ro data   rw data
       ------                       ----    -------   -------
    .\
       Adafruit_GFX.obj             2688    1275      21     
       main.obj                     2744    1         1120   
       Adafruit_OLED.obj            1186    0         0      
       startup_ccs.obj              14      1024      0      
       OLED_helpers.obj             608     36        0      
       uart_if.obj                  640     0         4      
       timer_if.obj                 408     0         0      
       pin_mux_config.obj           284     0         0      
    +--+----------------------------+-------+---------+---------+
       Total:                       8572    2336      1145   
                                                             
    C:/ti/CC3200SDK_1.5.0/cc3200-sdk/driverlib/ccs/Release/driverlib.a
       prcm.obj                     800     168       0      
       interrupt.obj                520     260       0      
       pin.obj                      300     256       0      
       timer.obj                    552     0         0      
       uart.obj                     476     16        0      
       gpio.obj                     424     0         0      
       spi.obj                      328     0         0      
       cpu.obj                      20      0         0      
       utils.obj                    6       0         0      
    +--+----------------------------+-------+---------+---------+
       Total:                       3426    700       0      
                                                             
    C:\ti\ccs930\ccs\tools\compiler\ti-cgt-arm_18.12.4.LTS\lib\rtsv7M4_T_le_eabi.lib
       _printfi.c.obj               4835    0         0      
       memory.c.obj                 928     0         8      
       fd_add_t2.asm.obj            438     0         0      
       fd_div_t2.asm.obj            310     0         0      
       fd_cmp_t2.asm.obj            268     0         0      
       ctype.c.obj                  0       257       0      
       fd_mul_t2.asm.obj            252     0         0      
       s_scalbn.c.obj               208     0         0      
       memcpy_t2.asm.obj            156     0         0      
       ull_div_t2.asm.obj           150     0         0      
       vsnprintf.c.obj              136     0         0      
       memset_t2.asm.obj            122     0         0      
       copy_decompress_lzss.c.obj   104     0         0      
       s_frexp.c.obj                92      0         0      
       ltoa.c.obj                   84      0         0      
       atoi.c.obj                   76      0         0      
       fd_toi_t2.asm.obj            72      0         0      
       autoinit.c.obj               68      0         0      
       strstr.c.obj                 52      0         0      
       i_tofd_t2.asm.obj            46      0         0      
       boot_cortex_m.c.obj          36      0         0      
       memmov.c.obj                 36      0         0      
       memccpy.c.obj                28      0         0      
       strchr.c.obj                 22      0         0      
       strcpy.c.obj                 20      0         0      
       strlen.c.obj                 20      0         0      
       wcslen.c.obj                 18      0         0      
       copy_decompress_none.c.obj   14      0         0      
       copy_zero_init.c.obj         12      0         0      
       errno.c.obj                  8       0         4      
       s_copysign.c.obj             12      0         0      
       _lock.c.obj                  2       0         8      
       exit.c.obj                   4       0         0      
       pre_init.c.obj               4       0         0      
       div0.asm.obj                 2       0         0      
    +--+----------------------------+-------+---------+---------+
       Total:                       8635    257       20     
                                                             
       Heap:                        0       0         2048   
       Stack:                       0       0         2048   
       Linker Generated:            0       112       0      
    +--+----------------------------+-------+---------+---------+
       Grand Total:                 20633   3405      5261   


LINKER GENERATED COPY TABLES

__TI_cinit_table @ 20009df8 records: 2, size/record: 8, table size: 16
	.data: load addr=20009d98, load size=0000004c bytes, run addr=2001dc38, run size=00000058 bytes, compression=lzss
	.bss: load addr=20009df0, load size=00000008 bytes, run addr=2001d800, run size=00000438 bytes, compression=zero_init


LINKER GENERATED HANDLER TABLE

__TI_handler_table @ 20009de4 records: 3, size/record: 4, table size: 12
	index: 0, handler: __TI_decompress_lzss
	index: 1, handler: __TI_decompress_none
	index: 2, handler: __TI_zero_init


GLOBAL SYMBOLS: SORTED ALPHABETICALLY BY Name 

address   name                          
-------   ----                          
20006411  Adafruit_Init                 
200094af  C$$EXIT                       
200093cd  CPUcpsie                      
2000686d  ClearTerm                     
2000658b  Color565                      
20006877  Error                         
20008da9  GPIODirModeSet                
200093e1  GPIOIntClear                  
2000921d  GPIOIntDisable                
20009237  GPIOIntEnable                 
200090d9  GPIOIntRegister               
20009035  GPIOIntStatus                 
20008569  GPIOIntTypeSet                
20009079  GPIOPinWrite                  
200068af  GetCmd                        
2000682d  InitTerm                      
2000801d  IntDisable                    
200080c5  IntEnable                     
20009489  IntMasterEnable               
20008a09  IntPrioritySet                
20009099  IntRegister                   
20008fa5  IntUnregister                 
200093f5  IntVTableBaseSet              
2000684b  Message                       
20005863  Outstr                        
20007491  PRCMCC3200MCUInit             
20009375  PRCMHIBRegRead                
2000938b  PRCMHIBRegWrite               
20008f55  PRCMPeripheralClkDisable      
20008d6d  PRCMPeripheralClkEnable       
20008341  PRCMPeripheralClockGet        
20008959  PRCMPeripheralReset           
20008ed5  PRCMSysResetCauseGet          
200083d5  PinConfigSet                  
20008cad  PinModeSet                    
2000799d  PinMuxConfig                  
20008e13  PinTypeGPIO                   
20009251  PinTypeSPI                    
2000926b  PinTypeUART                   
200069ed  Report                        
20009463  ResetISR                      
20009285  SPICSDisable                  
2000929d  SPICSEnable                   
2000816d  SPIConfigSetExpClk            
200090b9  SPIDataGet                    
200090f7  SPIDataPut                    
200092b5  SPIEnable                     
20009057  SPIReset                      
20008be1  TimerConfigure                
20009115  TimerDisable                  
20009133  TimerEnable                   
2000445b  TimerHandler                  
20009431  TimerIntClear                 
200092cd  TimerIntDisable               
200092e5  TimerIntEnable                
200044ff  TimerIntHandler               
200086dd  TimerIntRegister              
20009151  TimerIntStatus                
2000882d  TimerIntUnregister            
20008f01  TimerLoadSet                  
20008f2b  TimerPrescaleSet              
200091ab  TimerValueGet                 
2000743f  Timer_IF_DeInit               
20007471  Timer_IF_GetCount             
20007379  Timer_IF_Init                 
200073ab  Timer_IF_IntSetup             
200073f7  Timer_IF_InterruptClear       
20007459  Timer_IF_ReLoad               
2000740f  Timer_IF_Start                
2000742f  Timer_IF_Stop                 
20006955  TrimSpace                     
200093a1  UARTCharGet                   
200091c7  UARTCharGetNonBlocking        
2000916f  UARTCharPut                   
200092fd  UARTCharsAvail                
20008665  UARTConfigSetExpClk           
20008e45  UARTDisable                   
20008fc9  UARTEnable                    
20009315  UARTFIFOLevelSet              
2000932d  UARTIntDisable                
20009345  UARTIntEnable                 
2000446d  UARTIntHandler                
2000918d  UARTIntRegister               
200094a5  UtilsDelay                    
20040000  __STACK_END                   
00000800  __STACK_SIZE                  
00000800  __SYSMEM_SIZE                 
20009df8  __TI_CINIT_Base               
20009e08  __TI_CINIT_Limit              
20009de4  __TI_Handler_Table_Base       
20009df0  __TI_Handler_Table_Limit      
20008c69  __TI_auto_init_nobinit_nopinit
20008895  __TI_decompress_lzss          
20009455  __TI_decompress_none          
ffffffff  __TI_pprof_out_hndl           
20005939  __TI_printfi                  
ffffffff  __TI_prof_data_size           
ffffffff  __TI_prof_data_start          
20009d98  __TI_static_base__            
2000947d  __TI_zero_init                
2000845d  __aeabi_cdcmpeq               
2000845d  __aeabi_cdcmple               
200084e3  __aeabi_cdrcmple              
20008b99  __aeabi_d2iz                  
2000714b  __aeabi_dadd                  
20007745  __aeabi_ddiv                  
20007bd1  __aeabi_dmul                  
20007141  __aeabi_dsub                  
20009495  __aeabi_errno_addr            
20008ea5  __aeabi_i2d                   
200072f7  __aeabi_idiv0                 
200072f7  __aeabi_ldiv0                 
200085eb  __aeabi_memclr                
200085eb  __aeabi_memclr4               
200085eb  __aeabi_memclr8               
2000820d  __aeabi_memcpy                
2000820d  __aeabi_memcpy4               
2000820d  __aeabi_memcpy8               
200085ed  __aeabi_memset                
200085ed  __aeabi_memset4               
200085ed  __aeabi_memset8               
200082a9  __aeabi_uldivmod              
ffffffff  __binit__                     
ffffffff  __c_args__                    
UNDEFED   __mpu_init                    
2003f800  __stack                       
20008fed  _c_int00_noargs               
200099af  _ctypes_                      
2001dc78  _lock                         
2000682b  _nop                          
2001d000  _sys_memory                   
UNDEFED   _system_post_cinit            
200094ab  _system_pre_init              
2001dc7c  _unlock                       
200094af  abort                         
20007ab9  aligned_alloc                 
2001dbc0  arr                           
20008b05  atoi                          
ffffffff  binit                         
2001dc10  bitBufferPos                  
20006d49  boot_Up                       
2001dc14  buffer                        
2001dc18  buffer_Position               
2001dc1c  button                        
20004547  char_Delete                   
20006f2b  clear_Incoming                
20006f17  clear_Outgoing                
20004515  compareStrings                
20009471  copysign                      
20009471  copysignl                     
2001dc60  cursor_x                      
2001dc64  cursor_y                      
20006d15  delay                         
20005717  drawChar                      
20004eb9  drawCircle                    
20004fed  drawCircleHelper              
20006735  drawFastHLine                 
20006699  drawFastVLine                 
20005233  drawLine                      
200067d1  drawPixel                     
2000531f  drawRect                      
2000536d  drawRoundRect                 
200054d5  drawTriangle                  
2001d800  eight                         
2000452d  empty_Buffer                  
20006f3f  erase_InChar                  
2001dc8c  errno                         
2000510b  fillCircle                    
20005145  fillCircleHelper              
200065e3  fillRect                      
2000545b  fillRoundRect                 
200065cd  fillScreen                    
20005517  fillTriangle                  
200045db  fill_Buffer                   
20004571  findText                      
2001d850  five                          
2001d8a0  four                          
20007db5  free                          
200088fd  frexp                         
200088fd  frexpl                        
20004000  g_pfnVectors                  
20006547  goTo                          
20005917  height                        
20006eab  input_Display                 
2000680f  invert                        
2001d8f0  last                          
20007e99  ldexp                         
20007e99  ldexpl                        
20008a5d  ltoa                          
20004b71  main                          
2000949d  malloc                        
20007ab9  memalign                      
20009201  memccpy                       
2000820d  memcpy                        
20009011  memmove                       
200085f3  memset                        
20006db3  menu_Start                    
2001d940  mute                          
2001d990  nine                          
2001dc38  numPad                        
2001dc20  numPresses                    
2001d9e0  one                           
20006ee1  output_Display                
2001dc24  prevButton                    
20007ccd  realloc                       
2001dc28  recvBuffer                    
2001dc2c  recv_buffer_Position          
20007e99  scalbn                        
20007e99  scalbnl                       
200058af  setCursor                     
200058e7  setTextColor                  
200058c7  setTextSize                   
200058ff  setTextWrap                   
2001da30  seven                         
2001da80  six                           
2001dc30  stillWaiting                  
200093b7  strchr                        
20009409  strcpy                        
2000941d  strlen                        
20008ddf  strstr                        
2001dc70  textbgcolor                   
2001dc6c  textcolor                     
2001dc68  textsize                      
2001dad0  three                         
2001dc34  timerCount                    
2001db20  two                           
20008ced  vsnprintf                     
20009443  wcslen                        
20005913  width                         
2001dc74  wrap                          
20006389  writeCommand                  
200063cd  writeData                     
2001db70  zero                          


GLOBAL SYMBOLS: SORTED BY Symbol Address 

address   name                          
-------   ----                          
00000800  __STACK_SIZE                  
00000800  __SYSMEM_SIZE                 
20004000  g_pfnVectors                  
2000445b  TimerHandler                  
2000446d  UARTIntHandler                
200044ff  TimerIntHandler               
20004515  compareStrings                
2000452d  empty_Buffer                  
20004547  char_Delete                   
20004571  findText                      
200045db  fill_Buffer                   
20004b71  main                          
20004eb9  drawCircle                    
20004fed  drawCircleHelper              
2000510b  fillCircle                    
20005145  fillCircleHelper              
20005233  drawLine                      
2000531f  drawRect                      
2000536d  drawRoundRect                 
2000545b  fillRoundRect                 
200054d5  drawTriangle                  
20005517  fillTriangle                  
20005717  drawChar                      
20005863  Outstr                        
200058af  setCursor                     
200058c7  setTextSize                   
200058e7  setTextColor                  
200058ff  setTextWrap                   
20005913  width                         
20005917  height                        
20005939  __TI_printfi                  
20006389  writeCommand                  
200063cd  writeData                     
20006411  Adafruit_Init                 
20006547  goTo                          
2000658b  Color565                      
200065cd  fillScreen                    
200065e3  fillRect                      
20006699  drawFastVLine                 
20006735  drawFastHLine                 
200067d1  drawPixel                     
2000680f  invert                        
2000682b  _nop                          
2000682d  InitTerm                      
2000684b  Message                       
2000686d  ClearTerm                     
20006877  Error                         
200068af  GetCmd                        
20006955  TrimSpace                     
200069ed  Report                        
20006d15  delay                         
20006d49  boot_Up                       
20006db3  menu_Start                    
20006eab  input_Display                 
20006ee1  output_Display                
20006f17  clear_Outgoing                
20006f2b  clear_Incoming                
20006f3f  erase_InChar                  
20007141  __aeabi_dsub                  
2000714b  __aeabi_dadd                  
200072f7  __aeabi_idiv0                 
200072f7  __aeabi_ldiv0                 
20007379  Timer_IF_Init                 
200073ab  Timer_IF_IntSetup             
200073f7  Timer_IF_InterruptClear       
2000740f  Timer_IF_Start                
2000742f  Timer_IF_Stop                 
2000743f  Timer_IF_DeInit               
20007459  Timer_IF_ReLoad               
20007471  Timer_IF_GetCount             
20007491  PRCMCC3200MCUInit             
20007745  __aeabi_ddiv                  
2000799d  PinMuxConfig                  
20007ab9  aligned_alloc                 
20007ab9  memalign                      
20007bd1  __aeabi_dmul                  
20007ccd  realloc                       
20007db5  free                          
20007e99  ldexp                         
20007e99  ldexpl                        
20007e99  scalbn                        
20007e99  scalbnl                       
2000801d  IntDisable                    
200080c5  IntEnable                     
2000816d  SPIConfigSetExpClk            
2000820d  __aeabi_memcpy                
2000820d  __aeabi_memcpy4               
2000820d  __aeabi_memcpy8               
2000820d  memcpy                        
200082a9  __aeabi_uldivmod              
20008341  PRCMPeripheralClockGet        
200083d5  PinConfigSet                  
2000845d  __aeabi_cdcmpeq               
2000845d  __aeabi_cdcmple               
200084e3  __aeabi_cdrcmple              
20008569  GPIOIntTypeSet                
200085eb  __aeabi_memclr                
200085eb  __aeabi_memclr4               
200085eb  __aeabi_memclr8               
200085ed  __aeabi_memset                
200085ed  __aeabi_memset4               
200085ed  __aeabi_memset8               
200085f3  memset                        
20008665  UARTConfigSetExpClk           
200086dd  TimerIntRegister              
2000882d  TimerIntUnregister            
20008895  __TI_decompress_lzss          
200088fd  frexp                         
200088fd  frexpl                        
20008959  PRCMPeripheralReset           
20008a09  IntPrioritySet                
20008a5d  ltoa                          
20008b05  atoi                          
20008b99  __aeabi_d2iz                  
20008be1  TimerConfigure                
20008c69  __TI_auto_init_nobinit_nopinit
20008cad  PinModeSet                    
20008ced  vsnprintf                     
20008d6d  PRCMPeripheralClkEnable       
20008da9  GPIODirModeSet                
20008ddf  strstr                        
20008e13  PinTypeGPIO                   
20008e45  UARTDisable                   
20008ea5  __aeabi_i2d                   
20008ed5  PRCMSysResetCauseGet          
20008f01  TimerLoadSet                  
20008f2b  TimerPrescaleSet              
20008f55  PRCMPeripheralClkDisable      
20008fa5  IntUnregister                 
20008fc9  UARTEnable                    
20008fed  _c_int00_noargs               
20009011  memmove                       
20009035  GPIOIntStatus                 
20009057  SPIReset                      
20009079  GPIOPinWrite                  
20009099  IntRegister                   
200090b9  SPIDataGet                    
200090d9  GPIOIntRegister               
200090f7  SPIDataPut                    
20009115  TimerDisable                  
20009133  TimerEnable                   
20009151  TimerIntStatus                
2000916f  UARTCharPut                   
2000918d  UARTIntRegister               
200091ab  TimerValueGet                 
200091c7  UARTCharGetNonBlocking        
20009201  memccpy                       
2000921d  GPIOIntDisable                
20009237  GPIOIntEnable                 
20009251  PinTypeSPI                    
2000926b  PinTypeUART                   
20009285  SPICSDisable                  
2000929d  SPICSEnable                   
200092b5  SPIEnable                     
200092cd  TimerIntDisable               
200092e5  TimerIntEnable                
200092fd  UARTCharsAvail                
20009315  UARTFIFOLevelSet              
2000932d  UARTIntDisable                
20009345  UARTIntEnable                 
20009375  PRCMHIBRegRead                
2000938b  PRCMHIBRegWrite               
200093a1  UARTCharGet                   
200093b7  strchr                        
200093cd  CPUcpsie                      
200093e1  GPIOIntClear                  
200093f5  IntVTableBaseSet              
20009409  strcpy                        
2000941d  strlen                        
20009431  TimerIntClear                 
20009443  wcslen                        
20009455  __TI_decompress_none          
20009463  ResetISR                      
20009471  copysign                      
20009471  copysignl                     
2000947d  __TI_zero_init                
20009489  IntMasterEnable               
20009495  __aeabi_errno_addr            
2000949d  malloc                        
200094a5  UtilsDelay                    
200094ab  _system_pre_init              
200094af  C$$EXIT                       
200094af  abort                         
200099af  _ctypes_                      
20009d98  __TI_static_base__            
20009de4  __TI_Handler_Table_Base       
20009df0  __TI_Handler_Table_Limit      
20009df8  __TI_CINIT_Base               
20009e08  __TI_CINIT_Limit              
2001d000  _sys_memory                   
2001d800  eight                         
2001d850  five                          
2001d8a0  four                          
2001d8f0  last                          
2001d940  mute                          
2001d990  nine                          
2001d9e0  one                           
2001da30  seven                         
2001da80  six                           
2001dad0  three                         
2001db20  two                           
2001db70  zero                          
2001dbc0  arr                           
2001dc10  bitBufferPos                  
2001dc14  buffer                        
2001dc18  buffer_Position               
2001dc1c  button                        
2001dc20  numPresses                    
2001dc24  prevButton                    
2001dc28  recvBuffer                    
2001dc2c  recv_buffer_Position          
2001dc30  stillWaiting                  
2001dc34  timerCount                    
2001dc38  numPad                        
2001dc60  cursor_x                      
2001dc64  cursor_y                      
2001dc68  textsize                      
2001dc6c  textcolor                     
2001dc70  textbgcolor                   
2001dc74  wrap                          
2001dc78  _lock                         
2001dc7c  _unlock                       
2001dc8c  errno                         
2003f800  __stack                       
20040000  __STACK_END                   
ffffffff  __TI_pprof_out_hndl           
ffffffff  __TI_prof_data_size           
ffffffff  __TI_prof_data_start          
ffffffff  __binit__                     
ffffffff  __c_args__                    
ffffffff  binit                         
UNDEFED   __mpu_init                    
UNDEFED   _system_post_cinit            

[233 symbols]
