<?xml version="1.0" encoding="ISO-8859-1" ?>
<link_info>
   <banner>TI ARM Linker PC v18.12.4.LTS</banner>
   <copyright>Copyright (c) 1996-2018 Texas Instruments Incorporated</copyright>
   <link_time>0x5e3d0213</link_time>
   <link_errors>0x0</link_errors>
   <output_file>lab3.out</output_file>
   <entry_point>
      <name>_c_int00_noargs</name>
      <address>0x20008ff5</address>
   </entry_point>
   <input_file_list>
      <input_file id="fl-2">
         <path>.\</path>
         <kind>object</kind>
         <file>Adafruit_GFX.obj</file>
         <name>Adafruit_GFX.obj</name>
      </input_file>
      <input_file id="fl-3">
         <path>.\</path>
         <kind>object</kind>
         <file>Adafruit_OLED.obj</file>
         <name>Adafruit_OLED.obj</name>
      </input_file>
      <input_file id="fl-4">
         <path>.\</path>
         <kind>object</kind>
         <file>OLED_helpers.obj</file>
         <name>OLED_helpers.obj</name>
      </input_file>
      <input_file id="fl-5">
         <path>.\</path>
         <kind>object</kind>
         <file>i2c_if.obj</file>
         <name>i2c_if.obj</name>
      </input_file>
      <input_file id="fl-6">
         <path>.\</path>
         <kind>object</kind>
         <file>main.obj</file>
         <name>main.obj</name>
      </input_file>
      <input_file id="fl-7">
         <path>.\</path>
         <kind>object</kind>
         <file>pin_mux_config.obj</file>
         <name>pin_mux_config.obj</name>
      </input_file>
      <input_file id="fl-8">
         <path>.\</path>
         <kind>object</kind>
         <file>startup_ccs.obj</file>
         <name>startup_ccs.obj</name>
      </input_file>
      <input_file id="fl-9">
         <path>.\</path>
         <kind>object</kind>
         <file>timer_if.obj</file>
         <name>timer_if.obj</name>
      </input_file>
      <input_file id="fl-a">
         <path>.\</path>
         <kind>object</kind>
         <file>uart_if.obj</file>
         <name>uart_if.obj</name>
      </input_file>
      <input_file id="fl-f">
         <kind>object</kind>
         <file>&lt;internal&gt;</file>
         <name>&lt;internal&gt;</name>
      </input_file>
      <input_file id="fl-c5">
         <path>C:\ti\ccs930\ccs\tools\compiler\ti-cgt-arm_18.12.4.LTS\lib\</path>
         <kind>archive</kind>
         <file>rtsv7M4_T_le_eabi.lib</file>
         <name>vsnprintf.c.obj</name>
      </input_file>
      <input_file id="fl-c6">
         <path>C:\ti\ccs930\ccs\tools\compiler\ti-cgt-arm_18.12.4.LTS\lib\</path>
         <kind>archive</kind>
         <file>rtsv7M4_T_le_eabi.lib</file>
         <name>memcpy_t2.asm.obj</name>
      </input_file>
      <input_file id="fl-c7">
         <path>C:\ti\ccs930\ccs\tools\compiler\ti-cgt-arm_18.12.4.LTS\lib\</path>
         <kind>archive</kind>
         <file>rtsv7M4_T_le_eabi.lib</file>
         <name>memset_t2.asm.obj</name>
      </input_file>
      <input_file id="fl-c8">
         <path>C:\ti\ccs930\ccs\tools\compiler\ti-cgt-arm_18.12.4.LTS\lib\</path>
         <kind>archive</kind>
         <file>rtsv7M4_T_le_eabi.lib</file>
         <name>copy_zero_init.c.obj</name>
      </input_file>
      <input_file id="fl-c9">
         <path>C:\ti\ccs930\ccs\tools\compiler\ti-cgt-arm_18.12.4.LTS\lib\</path>
         <kind>archive</kind>
         <file>rtsv7M4_T_le_eabi.lib</file>
         <name>copy_decompress_none.c.obj</name>
      </input_file>
      <input_file id="fl-ca">
         <path>C:\ti\ccs930\ccs\tools\compiler\ti-cgt-arm_18.12.4.LTS\lib\</path>
         <kind>archive</kind>
         <file>rtsv7M4_T_le_eabi.lib</file>
         <name>copy_decompress_lzss.c.obj</name>
      </input_file>
      <input_file id="fl-cb">
         <path>C:\ti\ccs930\ccs\tools\compiler\ti-cgt-arm_18.12.4.LTS\lib\</path>
         <kind>archive</kind>
         <file>rtsv7M4_T_le_eabi.lib</file>
         <name>memmov.c.obj</name>
      </input_file>
      <input_file id="fl-cc">
         <path>C:\ti\ccs930\ccs\tools\compiler\ti-cgt-arm_18.12.4.LTS\lib\</path>
         <kind>archive</kind>
         <file>rtsv7M4_T_le_eabi.lib</file>
         <name>memory.c.obj</name>
      </input_file>
      <input_file id="fl-cd">
         <path>C:\ti\ccs930\ccs\tools\compiler\ti-cgt-arm_18.12.4.LTS\lib\</path>
         <kind>archive</kind>
         <file>rtsv7M4_T_le_eabi.lib</file>
         <name>strcpy.c.obj</name>
      </input_file>
      <input_file id="fl-ce">
         <path>C:\ti\ccs930\ccs\tools\compiler\ti-cgt-arm_18.12.4.LTS\lib\</path>
         <kind>archive</kind>
         <file>rtsv7M4_T_le_eabi.lib</file>
         <name>strlen.c.obj</name>
      </input_file>
      <input_file id="fl-cf">
         <path>C:\ti\ccs930\ccs\tools\compiler\ti-cgt-arm_18.12.4.LTS\lib\</path>
         <kind>archive</kind>
         <file>rtsv7M4_T_le_eabi.lib</file>
         <name>strstr.c.obj</name>
      </input_file>
      <input_file id="fl-d0">
         <path>C:\ti\ccs930\ccs\tools\compiler\ti-cgt-arm_18.12.4.LTS\lib\</path>
         <kind>archive</kind>
         <file>rtsv7M4_T_le_eabi.lib</file>
         <name>boot_cortex_m.c.obj</name>
      </input_file>
      <input_file id="fl-d1">
         <path>C:\ti\ccs930\ccs\tools\compiler\ti-cgt-arm_18.12.4.LTS\lib\</path>
         <kind>archive</kind>
         <file>rtsv7M4_T_le_eabi.lib</file>
         <name>_printfi.c.obj</name>
      </input_file>
      <input_file id="fl-d2">
         <path>C:\ti\ccs930\ccs\tools\compiler\ti-cgt-arm_18.12.4.LTS\lib\</path>
         <kind>archive</kind>
         <file>rtsv7M4_T_le_eabi.lib</file>
         <name>fd_add_t2.asm.obj</name>
      </input_file>
      <input_file id="fl-d3">
         <path>C:\ti\ccs930\ccs\tools\compiler\ti-cgt-arm_18.12.4.LTS\lib\</path>
         <kind>archive</kind>
         <file>rtsv7M4_T_le_eabi.lib</file>
         <name>fd_cmp_t2.asm.obj</name>
      </input_file>
      <input_file id="fl-d4">
         <path>C:\ti\ccs930\ccs\tools\compiler\ti-cgt-arm_18.12.4.LTS\lib\</path>
         <kind>archive</kind>
         <file>rtsv7M4_T_le_eabi.lib</file>
         <name>fd_div_t2.asm.obj</name>
      </input_file>
      <input_file id="fl-d5">
         <path>C:\ti\ccs930\ccs\tools\compiler\ti-cgt-arm_18.12.4.LTS\lib\</path>
         <kind>archive</kind>
         <file>rtsv7M4_T_le_eabi.lib</file>
         <name>fd_mul_t2.asm.obj</name>
      </input_file>
      <input_file id="fl-d6">
         <path>C:\ti\ccs930\ccs\tools\compiler\ti-cgt-arm_18.12.4.LTS\lib\</path>
         <kind>archive</kind>
         <file>rtsv7M4_T_le_eabi.lib</file>
         <name>fd_toi_t2.asm.obj</name>
      </input_file>
      <input_file id="fl-d7">
         <path>C:\ti\ccs930\ccs\tools\compiler\ti-cgt-arm_18.12.4.LTS\lib\</path>
         <kind>archive</kind>
         <file>rtsv7M4_T_le_eabi.lib</file>
         <name>i_tofd_t2.asm.obj</name>
      </input_file>
      <input_file id="fl-d8">
         <path>C:\ti\ccs930\ccs\tools\compiler\ti-cgt-arm_18.12.4.LTS\lib\</path>
         <kind>archive</kind>
         <file>rtsv7M4_T_le_eabi.lib</file>
         <name>ull_div_t2.asm.obj</name>
      </input_file>
      <input_file id="fl-d9">
         <path>C:\ti\ccs930\ccs\tools\compiler\ti-cgt-arm_18.12.4.LTS\lib\</path>
         <kind>archive</kind>
         <file>rtsv7M4_T_le_eabi.lib</file>
         <name>autoinit.c.obj</name>
      </input_file>
      <input_file id="fl-da">
         <path>C:\ti\ccs930\ccs\tools\compiler\ti-cgt-arm_18.12.4.LTS\lib\</path>
         <kind>archive</kind>
         <file>rtsv7M4_T_le_eabi.lib</file>
         <name>pre_init.c.obj</name>
      </input_file>
      <input_file id="fl-db">
         <path>C:\ti\ccs930\ccs\tools\compiler\ti-cgt-arm_18.12.4.LTS\lib\</path>
         <kind>archive</kind>
         <file>rtsv7M4_T_le_eabi.lib</file>
         <name>cpy_tbl.c.obj</name>
      </input_file>
      <input_file id="fl-dc">
         <path>C:\ti\ccs930\ccs\tools\compiler\ti-cgt-arm_18.12.4.LTS\lib\</path>
         <kind>archive</kind>
         <file>rtsv7M4_T_le_eabi.lib</file>
         <name>exit.c.obj</name>
      </input_file>
      <input_file id="fl-dd">
         <path>C:\ti\ccs930\ccs\tools\compiler\ti-cgt-arm_18.12.4.LTS\lib\</path>
         <kind>archive</kind>
         <file>rtsv7M4_T_le_eabi.lib</file>
         <name>_lock.c.obj</name>
      </input_file>
      <input_file id="fl-de">
         <path>C:\ti\ccs930\ccs\tools\compiler\ti-cgt-arm_18.12.4.LTS\lib\</path>
         <kind>archive</kind>
         <file>rtsv7M4_T_le_eabi.lib</file>
         <name>args_main.c.obj</name>
      </input_file>
      <input_file id="fl-df">
         <path>C:\ti\ccs930\ccs\tools\compiler\ti-cgt-arm_18.12.4.LTS\lib\</path>
         <kind>archive</kind>
         <file>rtsv7M4_T_le_eabi.lib</file>
         <name>atoi.c.obj</name>
      </input_file>
      <input_file id="fl-e0">
         <path>C:\ti\ccs930\ccs\tools\compiler\ti-cgt-arm_18.12.4.LTS\lib\</path>
         <kind>archive</kind>
         <file>rtsv7M4_T_le_eabi.lib</file>
         <name>ctype.c.obj</name>
      </input_file>
      <input_file id="fl-e1">
         <path>C:\ti\ccs930\ccs\tools\compiler\ti-cgt-arm_18.12.4.LTS\lib\</path>
         <kind>archive</kind>
         <file>rtsv7M4_T_le_eabi.lib</file>
         <name>ltoa.c.obj</name>
      </input_file>
      <input_file id="fl-e2">
         <path>C:\ti\ccs930\ccs\tools\compiler\ti-cgt-arm_18.12.4.LTS\lib\</path>
         <kind>archive</kind>
         <file>rtsv7M4_T_le_eabi.lib</file>
         <name>memccpy.c.obj</name>
      </input_file>
      <input_file id="fl-e3">
         <path>C:\ti\ccs930\ccs\tools\compiler\ti-cgt-arm_18.12.4.LTS\lib\</path>
         <kind>archive</kind>
         <file>rtsv7M4_T_le_eabi.lib</file>
         <name>strchr.c.obj</name>
      </input_file>
      <input_file id="fl-e4">
         <path>C:\ti\ccs930\ccs\tools\compiler\ti-cgt-arm_18.12.4.LTS\lib\</path>
         <kind>archive</kind>
         <file>rtsv7M4_T_le_eabi.lib</file>
         <name>errno.c.obj</name>
      </input_file>
      <input_file id="fl-e5">
         <path>C:\ti\ccs930\ccs\tools\compiler\ti-cgt-arm_18.12.4.LTS\lib\</path>
         <kind>archive</kind>
         <file>rtsv7M4_T_le_eabi.lib</file>
         <name>wcslen.c.obj</name>
      </input_file>
      <input_file id="fl-e6">
         <path>C:\ti\ccs930\ccs\tools\compiler\ti-cgt-arm_18.12.4.LTS\lib\</path>
         <kind>archive</kind>
         <file>rtsv7M4_T_le_eabi.lib</file>
         <name>s_frexp.c.obj</name>
      </input_file>
      <input_file id="fl-e7">
         <path>C:\ti\ccs930\ccs\tools\compiler\ti-cgt-arm_18.12.4.LTS\lib\</path>
         <kind>archive</kind>
         <file>rtsv7M4_T_le_eabi.lib</file>
         <name>s_scalbn.c.obj</name>
      </input_file>
      <input_file id="fl-e8">
         <path>C:\ti\ccs930\ccs\tools\compiler\ti-cgt-arm_18.12.4.LTS\lib\</path>
         <kind>archive</kind>
         <file>rtsv7M4_T_le_eabi.lib</file>
         <name>div0.asm.obj</name>
      </input_file>
      <input_file id="fl-e9">
         <path>C:\ti\ccs930\ccs\tools\compiler\ti-cgt-arm_18.12.4.LTS\lib\</path>
         <kind>archive</kind>
         <file>rtsv7M4_T_le_eabi.lib</file>
         <name>s_copysign.c.obj</name>
      </input_file>
      <input_file id="fl-ea">
         <path>C:\ti\CC3200SDK_1.5.0\cc3200-sdk\driverlib\ccs\Release\</path>
         <kind>archive</kind>
         <file>driverlib.a</file>
         <name>gpio.obj</name>
      </input_file>
      <input_file id="fl-eb">
         <path>C:\ti\CC3200SDK_1.5.0\cc3200-sdk\driverlib\ccs\Release\</path>
         <kind>archive</kind>
         <file>driverlib.a</file>
         <name>i2c.obj</name>
      </input_file>
      <input_file id="fl-ec">
         <path>C:\ti\CC3200SDK_1.5.0\cc3200-sdk\driverlib\ccs\Release\</path>
         <kind>archive</kind>
         <file>driverlib.a</file>
         <name>interrupt.obj</name>
      </input_file>
      <input_file id="fl-ed">
         <path>C:\ti\CC3200SDK_1.5.0\cc3200-sdk\driverlib\ccs\Release\</path>
         <kind>archive</kind>
         <file>driverlib.a</file>
         <name>pin.obj</name>
      </input_file>
      <input_file id="fl-ee">
         <path>C:\ti\CC3200SDK_1.5.0\cc3200-sdk\driverlib\ccs\Release\</path>
         <kind>archive</kind>
         <file>driverlib.a</file>
         <name>prcm.obj</name>
      </input_file>
      <input_file id="fl-ef">
         <path>C:\ti\CC3200SDK_1.5.0\cc3200-sdk\driverlib\ccs\Release\</path>
         <kind>archive</kind>
         <file>driverlib.a</file>
         <name>spi.obj</name>
      </input_file>
      <input_file id="fl-f0">
         <path>C:\ti\CC3200SDK_1.5.0\cc3200-sdk\driverlib\ccs\Release\</path>
         <kind>archive</kind>
         <file>driverlib.a</file>
         <name>timer.obj</name>
      </input_file>
      <input_file id="fl-f1">
         <path>C:\ti\CC3200SDK_1.5.0\cc3200-sdk\driverlib\ccs\Release\</path>
         <kind>archive</kind>
         <file>driverlib.a</file>
         <name>uart.obj</name>
      </input_file>
      <input_file id="fl-f2">
         <path>C:\ti\CC3200SDK_1.5.0\cc3200-sdk\driverlib\ccs\Release\</path>
         <kind>archive</kind>
         <file>driverlib.a</file>
         <name>utils.obj</name>
      </input_file>
      <input_file id="fl-f3">
         <path>C:\ti\CC3200SDK_1.5.0\cc3200-sdk\driverlib\ccs\Release\</path>
         <kind>archive</kind>
         <file>driverlib.a</file>
         <name>cpu.obj</name>
      </input_file>
      <input_file id="fl-f4">
         <path>C:\ti\CC3200SDK_1.5.0\cc3200-sdk\driverlib\ccs\Release\</path>
         <kind>archive</kind>
         <file>driverlib.a</file>
         <name>flash.obj</name>
      </input_file>
   </input_file_list>
   <object_component_list>
      <object_component id="oc-f">
         <name>.intvecs</name>
         <load_address>0x20004000</load_address>
         <run_address>0x20004000</run_address>
         <size>0x400</size>
         <input_file_ref idref="fl-8"/>
      </object_component>
      <object_component id="oc-94">
         <name>.text</name>
         <load_address>0x20004400</load_address>
         <run_address>0x20004400</run_address>
         <size>0xac0</size>
         <input_file_ref idref="fl-6"/>
      </object_component>
      <object_component id="oc-27b">
         <name>.text</name>
         <load_address>0x20004ec0</load_address>
         <run_address>0x20004ec0</run_address>
         <size>0xa80</size>
         <input_file_ref idref="fl-2"/>
      </object_component>
      <object_component id="oc-37b">
         <name>.text:__TI_printfi</name>
         <load_address>0x20005940</load_address>
         <run_address>0x20005940</run_address>
         <size>0xa4e</size>
         <input_file_ref idref="fl-d1"/>
      </object_component>
      <object_component id="oc-42f">
         <name>.text:IntDefaultHandler</name>
         <load_address>0x2000638e</load_address>
         <run_address>0x2000638e</run_address>
         <size>0x2</size>
         <input_file_ref idref="fl-ec"/>
      </object_component>
      <object_component id="oc-14e">
         <name>.text</name>
         <load_address>0x20006390</load_address>
         <run_address>0x20006390</run_address>
         <size>0x4a2</size>
         <input_file_ref idref="fl-3"/>
      </object_component>
      <object_component id="oc-408">
         <name>.text:_nop</name>
         <load_address>0x20006832</load_address>
         <run_address>0x20006832</run_address>
         <size>0x2</size>
         <input_file_ref idref="fl-dd"/>
      </object_component>
      <object_component id="oc-e0">
         <name>.text</name>
         <load_address>0x20006834</load_address>
         <run_address>0x20006834</run_address>
         <size>0x280</size>
         <input_file_ref idref="fl-a"/>
      </object_component>
      <object_component id="oc-459">
         <name>.text:_pconv_a</name>
         <load_address>0x20006ab4</load_address>
         <run_address>0x20006ab4</run_address>
         <size>0x268</size>
         <input_file_ref idref="fl-d1"/>
      </object_component>
      <object_component id="oc-e6">
         <name>.text</name>
         <load_address>0x20006d1c</load_address>
         <run_address>0x20006d1c</run_address>
         <size>0x260</size>
         <input_file_ref idref="fl-4"/>
      </object_component>
      <object_component id="oc-447">
         <name>.text:_pconv_g</name>
         <load_address>0x20006f7c</load_address>
         <run_address>0x20006f7c</run_address>
         <size>0x1cc</size>
         <input_file_ref idref="fl-d1"/>
      </object_component>
      <object_component id="oc-4de">
         <name>.text</name>
         <load_address>0x20007148</load_address>
         <run_address>0x20007148</run_address>
         <size>0x1b6</size>
         <input_file_ref idref="fl-d2"/>
      </object_component>
      <object_component id="oc-532">
         <name>.text</name>
         <load_address>0x200072fe</load_address>
         <run_address>0x200072fe</run_address>
         <size>0x2</size>
         <input_file_ref idref="fl-e8"/>
      </object_component>
      <object_component id="oc-d4">
         <name>.text</name>
         <load_address>0x20007300</load_address>
         <run_address>0x20007300</run_address>
         <size>0x198</size>
         <input_file_ref idref="fl-9"/>
      </object_component>
      <object_component id="oc-133">
         <name>.text:PRCMCC3200MCUInit</name>
         <load_address>0x20007498</load_address>
         <run_address>0x20007498</run_address>
         <size>0x178</size>
         <input_file_ref idref="fl-ee"/>
      </object_component>
      <object_component id="oc-453">
         <name>.text:_pconv_e</name>
         <load_address>0x20007610</load_address>
         <run_address>0x20007610</run_address>
         <size>0x13c</size>
         <input_file_ref idref="fl-d1"/>
      </object_component>
      <object_component id="oc-4c4">
         <name>.text</name>
         <load_address>0x2000774c</load_address>
         <run_address>0x2000774c</run_address>
         <size>0x136</size>
         <input_file_ref idref="fl-d4"/>
      </object_component>
      <object_component id="oc-4f0">
         <name>.text:fcvt</name>
         <load_address>0x20007884</load_address>
         <run_address>0x20007884</run_address>
         <size>0x120</size>
         <input_file_ref idref="fl-d1"/>
      </object_component>
      <object_component id="oc-193">
         <name>.text</name>
         <load_address>0x200079a4</load_address>
         <run_address>0x200079a4</run_address>
         <size>0x11c</size>
         <input_file_ref idref="fl-7"/>
      </object_component>
      <object_component id="oc-30c">
         <name>.text:aligned_alloc</name>
         <load_address>0x20007ac0</load_address>
         <run_address>0x20007ac0</run_address>
         <size>0x118</size>
         <input_file_ref idref="fl-cc"/>
      </object_component>
      <object_component id="oc-4bf">
         <name>.text</name>
         <load_address>0x20007bd8</load_address>
         <run_address>0x20007bd8</run_address>
         <size>0xfc</size>
         <input_file_ref idref="fl-d5"/>
      </object_component>
      <object_component id="oc-260">
         <name>.text:realloc</name>
         <load_address>0x20007cd4</load_address>
         <run_address>0x20007cd4</run_address>
         <size>0xe8</size>
         <input_file_ref idref="fl-cc"/>
      </object_component>
      <object_component id="oc-266">
         <name>.text:free</name>
         <load_address>0x20007dbc</load_address>
         <run_address>0x20007dbc</run_address>
         <size>0xe4</size>
         <input_file_ref idref="fl-cc"/>
      </object_component>
      <object_component id="oc-504">
         <name>.text:scalbn</name>
         <load_address>0x20007ea0</load_address>
         <run_address>0x20007ea0</run_address>
         <size>0xd0</size>
         <input_file_ref idref="fl-e7"/>
      </object_component>
      <object_component id="oc-43c">
         <name>.text:_ltostr</name>
         <load_address>0x20007f70</load_address>
         <run_address>0x20007f70</run_address>
         <size>0xb1</size>
         <input_file_ref idref="fl-d1"/>
      </object_component>
      <object_component id="oc-36b">
         <name>.text:IntDisable</name>
         <load_address>0x20008024</load_address>
         <run_address>0x20008024</run_address>
         <size>0xa8</size>
         <input_file_ref idref="fl-ec"/>
      </object_component>
      <object_component id="oc-12d">
         <name>.text:IntEnable</name>
         <load_address>0x200080cc</load_address>
         <run_address>0x200080cc</run_address>
         <size>0xa8</size>
         <input_file_ref idref="fl-ec"/>
      </object_component>
      <object_component id="oc-17b">
         <name>.text:SPIConfigSetExpClk</name>
         <load_address>0x20008174</load_address>
         <run_address>0x20008174</run_address>
         <size>0xa0</size>
         <input_file_ref idref="fl-ef"/>
      </object_component>
      <object_component id="oc-3a">
         <name>.text</name>
         <load_address>0x20008214</load_address>
         <run_address>0x20008214</run_address>
         <size>0x9c</size>
         <input_file_ref idref="fl-c6"/>
      </object_component>
      <object_component id="oc-4b8">
         <name>.text</name>
         <load_address>0x200082b0</load_address>
         <run_address>0x200082b0</run_address>
         <size>0x96</size>
         <input_file_ref idref="fl-d8"/>
      </object_component>
      <object_component id="oc-163">
         <name>.text:PRCMPeripheralClockGet</name>
         <load_address>0x20008348</load_address>
         <run_address>0x20008348</run_address>
         <size>0x94</size>
         <input_file_ref idref="fl-ee"/>
      </object_component>
      <object_component id="oc-3f9">
         <name>.text:PinConfigSet</name>
         <load_address>0x200083dc</load_address>
         <run_address>0x200083dc</run_address>
         <size>0x88</size>
         <input_file_ref idref="fl-ed"/>
      </object_component>
      <object_component id="oc-442">
         <name>.text:__aeabi_cdcmple</name>
         <load_address>0x20008464</load_address>
         <run_address>0x20008464</run_address>
         <size>0x86</size>
         <input_file_ref idref="fl-d3"/>
      </object_component>
      <object_component id="oc-4c9">
         <name>.text:__aeabi_cdrcmple</name>
         <load_address>0x200084ea</load_address>
         <run_address>0x200084ea</run_address>
         <size>0x86</size>
         <input_file_ref idref="fl-d3"/>
      </object_component>
      <object_component id="oc-1a5">
         <name>.text:GPIOIntTypeSet</name>
         <load_address>0x20008570</load_address>
         <run_address>0x20008570</run_address>
         <size>0x82</size>
         <input_file_ref idref="fl-ea"/>
      </object_component>
      <object_component id="oc-88">
         <name>.text</name>
         <load_address>0x200085f2</load_address>
         <run_address>0x200085f2</run_address>
         <size>0x7a</size>
         <input_file_ref idref="fl-c7"/>
      </object_component>
      <object_component id="oc-169">
         <name>.text:UARTConfigSetExpClk</name>
         <load_address>0x2000866c</load_address>
         <run_address>0x2000866c</run_address>
         <size>0x76</size>
         <input_file_ref idref="fl-f1"/>
      </object_component>
      <object_component id="oc-215">
         <name>.text:TimerIntRegister</name>
         <load_address>0x200086e4</load_address>
         <run_address>0x200086e4</run_address>
         <size>0x70</size>
         <input_file_ref idref="fl-f0"/>
      </object_component>
      <object_component id="oc-3a4">
         <name>.text:split</name>
         <load_address>0x20008754</load_address>
         <run_address>0x20008754</run_address>
         <size>0x70</size>
         <input_file_ref idref="fl-cc"/>
      </object_component>
      <object_component id="oc-4e9">
         <name>.text:_mcpy</name>
         <load_address>0x200087c4</load_address>
         <run_address>0x200087c4</run_address>
         <size>0x6e</size>
         <input_file_ref idref="fl-d1"/>
      </object_component>
      <object_component id="oc-239">
         <name>.text:TimerIntUnregister</name>
         <load_address>0x20008834</load_address>
         <run_address>0x20008834</run_address>
         <size>0x68</size>
         <input_file_ref idref="fl-f0"/>
      </object_component>
      <object_component id="oc-12">
         <name>.text:decompress:lzss:__TI_decompress_lzss</name>
         <load_address>0x2000889c</load_address>
         <run_address>0x2000889c</run_address>
         <size>0x68</size>
         <input_file_ref idref="fl-ca"/>
      </object_component>
      <object_component id="oc-4fe">
         <name>.text:frexp</name>
         <load_address>0x20008904</load_address>
         <run_address>0x20008904</run_address>
         <size>0x5c</size>
         <input_file_ref idref="fl-e6"/>
      </object_component>
      <object_component id="oc-16f">
         <name>.text:PRCMPeripheralReset</name>
         <load_address>0x20008960</load_address>
         <run_address>0x20008960</run_address>
         <size>0x58</size>
         <input_file_ref idref="fl-ee"/>
      </object_component>
      <object_component id="oc-44d">
         <name>.text:_pconv_f</name>
         <load_address>0x200089b8</load_address>
         <run_address>0x200089b8</run_address>
         <size>0x56</size>
         <input_file_ref idref="fl-d1"/>
      </object_component>
      <object_component id="oc-20f">
         <name>.text:IntPrioritySet</name>
         <load_address>0x20008a10</load_address>
         <run_address>0x20008a10</run_address>
         <size>0x54</size>
         <input_file_ref idref="fl-ec"/>
      </object_component>
      <object_component id="oc-4d3">
         <name>.text:ltoa</name>
         <load_address>0x20008a64</load_address>
         <run_address>0x20008a64</run_address>
         <size>0x54</size>
         <input_file_ref idref="fl-e1"/>
      </object_component>
      <object_component id="oc-4e3">
         <name>.text:_ecpy</name>
         <load_address>0x20008ab8</load_address>
         <run_address>0x20008ab8</run_address>
         <size>0x52</size>
         <input_file_ref idref="fl-d1"/>
      </object_component>
      <object_component id="oc-436">
         <name>.text:atoi</name>
         <load_address>0x20008b0c</load_address>
         <run_address>0x20008b0c</run_address>
         <size>0x4c</size>
         <input_file_ref idref="fl-df"/>
      </object_component>
      <object_component id="oc-333">
         <name>.text:GPIOGetIntNumber</name>
         <load_address>0x20008b58</load_address>
         <run_address>0x20008b58</run_address>
         <size>0x48</size>
         <input_file_ref idref="fl-ea"/>
      </object_component>
      <object_component id="oc-4ce">
         <name>.text</name>
         <load_address>0x20008ba0</load_address>
         <run_address>0x20008ba0</run_address>
         <size>0x48</size>
         <input_file_ref idref="fl-d6"/>
      </object_component>
      <object_component id="oc-203">
         <name>.text:TimerConfigure</name>
         <load_address>0x20008be8</load_address>
         <run_address>0x20008be8</run_address>
         <size>0x44</size>
         <input_file_ref idref="fl-f0"/>
      </object_component>
      <object_component id="oc-2e6">
         <name>.text:UARTIntNumberGet</name>
         <load_address>0x20008c2c</load_address>
         <run_address>0x20008c2c</run_address>
         <size>0x44</size>
         <input_file_ref idref="fl-f1"/>
      </object_component>
      <object_component id="oc-1c9">
         <name>.text:__TI_auto_init_nobinit_nopinit:__TI_auto_init_nobinit_nopinit</name>
         <load_address>0x20008c70</load_address>
         <run_address>0x20008c70</run_address>
         <size>0x44</size>
         <input_file_ref idref="fl-d9"/>
      </object_component>
      <object_component id="oc-313">
         <name>.text:PinModeSet</name>
         <load_address>0x20008cb4</load_address>
         <run_address>0x20008cb4</run_address>
         <size>0x40</size>
         <input_file_ref idref="fl-ed"/>
      </object_component>
      <object_component id="oc-248">
         <name>.text:vsnprintf</name>
         <load_address>0x20008cf4</load_address>
         <run_address>0x20008cf4</run_address>
         <size>0x40</size>
         <input_file_ref idref="fl-c5"/>
      </object_component>
      <object_component id="oc-4f6">
         <name>.text:_fcpy</name>
         <load_address>0x20008d34</load_address>
         <run_address>0x20008d34</run_address>
         <size>0x3e</size>
         <input_file_ref idref="fl-d1"/>
      </object_component>
      <object_component id="oc-199">
         <name>.text:PRCMPeripheralClkEnable</name>
         <load_address>0x20008d74</load_address>
         <run_address>0x20008d74</run_address>
         <size>0x3c</size>
         <input_file_ref idref="fl-ee"/>
      </object_component>
      <object_component id="oc-31f">
         <name>.text:GPIODirModeSet</name>
         <load_address>0x20008db0</load_address>
         <run_address>0x20008db0</run_address>
         <size>0x36</size>
         <input_file_ref idref="fl-ea"/>
      </object_component>
      <object_component id="oc-fe">
         <name>.text:strstr</name>
         <load_address>0x20008de6</load_address>
         <run_address>0x20008de6</run_address>
         <size>0x34</size>
         <input_file_ref idref="fl-cf"/>
      </object_component>
      <object_component id="oc-319">
         <name>.text:PinTypeGPIO</name>
         <load_address>0x20008e1a</load_address>
         <run_address>0x20008e1a</run_address>
         <size>0x30</size>
         <input_file_ref idref="fl-ed"/>
      </object_component>
      <object_component id="oc-2f6">
         <name>.text:UARTDisable</name>
         <load_address>0x20008e4c</load_address>
         <run_address>0x20008e4c</run_address>
         <size>0x30</size>
         <input_file_ref idref="fl-f1"/>
      </object_component>
      <object_component id="oc-381">
         <name>.text:_outs</name>
         <load_address>0x20008e7c</load_address>
         <run_address>0x20008e7c</run_address>
         <size>0x30</size>
         <input_file_ref idref="fl-c5"/>
      </object_component>
      <object_component id="oc-4d9">
         <name>.text</name>
         <load_address>0x20008eac</load_address>
         <run_address>0x20008eac</run_address>
         <size>0x2e</size>
         <input_file_ref idref="fl-d7"/>
      </object_component>
      <object_component id="oc-2b0">
         <name>.text:PRCMSysResetCauseGet</name>
         <load_address>0x20008edc</load_address>
         <run_address>0x20008edc</run_address>
         <size>0x2c</size>
         <input_file_ref idref="fl-ee"/>
      </object_component>
      <object_component id="oc-139">
         <name>.text:TimerLoadSet</name>
         <load_address>0x20008f08</load_address>
         <run_address>0x20008f08</run_address>
         <size>0x2a</size>
         <input_file_ref idref="fl-f0"/>
      </object_component>
      <object_component id="oc-209">
         <name>.text:TimerPrescaleSet</name>
         <load_address>0x20008f32</load_address>
         <run_address>0x20008f32</run_address>
         <size>0x2a</size>
         <input_file_ref idref="fl-f0"/>
      </object_component>
      <object_component id="oc-2c2">
         <name>.text:PRCMPeripheralClkDisable</name>
         <load_address>0x20008f5c</load_address>
         <run_address>0x20008f5c</run_address>
         <size>0x28</size>
         <input_file_ref idref="fl-ee"/>
      </object_component>
      <object_component id="oc-3ab">
         <name>.text:free_list_insert</name>
         <load_address>0x20008f84</load_address>
         <run_address>0x20008f84</run_address>
         <size>0x28</size>
         <input_file_ref idref="fl-cc"/>
      </object_component>
      <object_component id="oc-371">
         <name>.text:IntUnregister</name>
         <load_address>0x20008fac</load_address>
         <run_address>0x20008fac</run_address>
         <size>0x24</size>
         <input_file_ref idref="fl-ec"/>
      </object_component>
      <object_component id="oc-2fc">
         <name>.text:UARTEnable</name>
         <load_address>0x20008fd0</load_address>
         <run_address>0x20008fd0</run_address>
         <size>0x24</size>
         <input_file_ref idref="fl-f1"/>
      </object_component>
      <object_component id="oc-58">
         <name>.text:_c_int00_noargs:_c_int00_noargs</name>
         <load_address>0x20008ff4</load_address>
         <run_address>0x20008ff4</run_address>
         <size>0x24</size>
         <input_file_ref idref="fl-d0"/>
      </object_component>
      <object_component id="oc-25a">
         <name>.text:memmove</name>
         <load_address>0x20009018</load_address>
         <run_address>0x20009018</run_address>
         <size>0x24</size>
         <input_file_ref idref="fl-cb"/>
      </object_component>
      <object_component id="oc-c2">
         <name>.text:GPIOIntStatus</name>
         <load_address>0x2000903c</load_address>
         <run_address>0x2000903c</run_address>
         <size>0x22</size>
         <input_file_ref idref="fl-ea"/>
      </object_component>
      <object_component id="oc-175">
         <name>.text:SPIReset</name>
         <load_address>0x2000905e</load_address>
         <run_address>0x2000905e</run_address>
         <size>0x22</size>
         <input_file_ref idref="fl-ef"/>
      </object_component>
      <object_component id="oc-2cc">
         <name>.text:GPIOPinWrite</name>
         <load_address>0x20009080</load_address>
         <run_address>0x20009080</run_address>
         <size>0x20</size>
         <input_file_ref idref="fl-ea"/>
      </object_component>
      <object_component id="oc-2ec">
         <name>.text:IntRegister</name>
         <load_address>0x200090a0</load_address>
         <run_address>0x200090a0</run_address>
         <size>0x20</size>
         <input_file_ref idref="fl-ec"/>
      </object_component>
      <object_component id="oc-2d8">
         <name>.text:SPIDataGet</name>
         <load_address>0x200090c0</load_address>
         <run_address>0x200090c0</run_address>
         <size>0x20</size>
         <input_file_ref idref="fl-ef"/>
      </object_component>
      <object_component id="oc-19f">
         <name>.text:GPIOIntRegister</name>
         <load_address>0x200090e0</load_address>
         <run_address>0x200090e0</run_address>
         <size>0x1e</size>
         <input_file_ref idref="fl-ea"/>
      </object_component>
      <object_component id="oc-2d2">
         <name>.text:SPIDataPut</name>
         <load_address>0x200090fe</load_address>
         <run_address>0x200090fe</run_address>
         <size>0x1e</size>
         <input_file_ref idref="fl-ef"/>
      </object_component>
      <object_component id="oc-22d">
         <name>.text:TimerDisable</name>
         <load_address>0x2000911c</load_address>
         <run_address>0x2000911c</run_address>
         <size>0x1e</size>
         <input_file_ref idref="fl-f0"/>
      </object_component>
      <object_component id="oc-ce">
         <name>.text:TimerEnable</name>
         <load_address>0x2000913a</load_address>
         <run_address>0x2000913a</run_address>
         <size>0x1e</size>
         <input_file_ref idref="fl-f0"/>
      </object_component>
      <object_component id="oc-221">
         <name>.text:TimerIntStatus</name>
         <load_address>0x20009158</load_address>
         <run_address>0x20009158</run_address>
         <size>0x1e</size>
         <input_file_ref idref="fl-f0"/>
      </object_component>
      <object_component id="oc-10b">
         <name>.text:UARTCharPut</name>
         <load_address>0x20009176</load_address>
         <run_address>0x20009176</run_address>
         <size>0x1e</size>
         <input_file_ref idref="fl-f1"/>
      </object_component>
      <object_component id="oc-157">
         <name>.text:UARTIntRegister</name>
         <load_address>0x20009194</load_address>
         <run_address>0x20009194</run_address>
         <size>0x1e</size>
         <input_file_ref idref="fl-f1"/>
      </object_component>
      <object_component id="oc-23f">
         <name>.text:TimerValueGet</name>
         <load_address>0x200091b2</load_address>
         <run_address>0x200091b2</run_address>
         <size>0x1c</size>
         <input_file_ref idref="fl-f0"/>
      </object_component>
      <object_component id="oc-24e">
         <name>.text:UARTCharGetNonBlocking</name>
         <load_address>0x200091ce</load_address>
         <run_address>0x200091ce</run_address>
         <size>0x1c</size>
         <input_file_ref idref="fl-f1"/>
      </object_component>
      <object_component id="oc-39e">
         <name>.text:free_list_remove</name>
         <load_address>0x200091ec</load_address>
         <run_address>0x200091ec</run_address>
         <size>0x1c</size>
         <input_file_ref idref="fl-cc"/>
      </object_component>
      <object_component id="oc-45f">
         <name>.text:memccpy</name>
         <load_address>0x20009208</load_address>
         <run_address>0x20009208</run_address>
         <size>0x1c</size>
         <input_file_ref idref="fl-e2"/>
      </object_component>
      <object_component id="oc-1b1">
         <name>.text:GPIOIntDisable</name>
         <load_address>0x20009224</load_address>
         <run_address>0x20009224</run_address>
         <size>0x1a</size>
         <input_file_ref idref="fl-ea"/>
      </object_component>
      <object_component id="oc-1ab">
         <name>.text:GPIOIntEnable</name>
         <load_address>0x2000923e</load_address>
         <run_address>0x2000923e</run_address>
         <size>0x1a</size>
         <input_file_ref idref="fl-ea"/>
      </object_component>
      <object_component id="oc-325">
         <name>.text:PinTypeSPI</name>
         <load_address>0x20009258</load_address>
         <run_address>0x20009258</run_address>
         <size>0x1a</size>
         <input_file_ref idref="fl-ed"/>
      </object_component>
      <object_component id="oc-32b">
         <name>.text:PinTypeUART</name>
         <load_address>0x20009272</load_address>
         <run_address>0x20009272</run_address>
         <size>0x1a</size>
         <input_file_ref idref="fl-ed"/>
      </object_component>
      <object_component id="oc-2de">
         <name>.text:SPICSDisable</name>
         <load_address>0x2000928c</load_address>
         <run_address>0x2000928c</run_address>
         <size>0x18</size>
         <input_file_ref idref="fl-ef"/>
      </object_component>
      <object_component id="oc-187">
         <name>.text:SPICSEnable</name>
         <load_address>0x200092a4</load_address>
         <run_address>0x200092a4</run_address>
         <size>0x18</size>
         <input_file_ref idref="fl-ef"/>
      </object_component>
      <object_component id="oc-181">
         <name>.text:SPIEnable</name>
         <load_address>0x200092bc</load_address>
         <run_address>0x200092bc</run_address>
         <size>0x18</size>
         <input_file_ref idref="fl-ef"/>
      </object_component>
      <object_component id="oc-233">
         <name>.text:TimerIntDisable</name>
         <load_address>0x200092d4</load_address>
         <run_address>0x200092d4</run_address>
         <size>0x18</size>
         <input_file_ref idref="fl-f0"/>
      </object_component>
      <object_component id="oc-21b">
         <name>.text:TimerIntEnable</name>
         <load_address>0x200092ec</load_address>
         <run_address>0x200092ec</run_address>
         <size>0x18</size>
         <input_file_ref idref="fl-f0"/>
      </object_component>
      <object_component id="oc-f2">
         <name>.text:UARTCharsAvail</name>
         <load_address>0x20009304</load_address>
         <run_address>0x20009304</run_address>
         <size>0x18</size>
         <input_file_ref idref="fl-f1"/>
      </object_component>
      <object_component id="oc-15d">
         <name>.text:UARTFIFOLevelSet</name>
         <load_address>0x2000931c</load_address>
         <run_address>0x2000931c</run_address>
         <size>0x18</size>
         <input_file_ref idref="fl-f1"/>
      </object_component>
      <object_component id="oc-da">
         <name>.text:UARTIntDisable</name>
         <load_address>0x20009334</load_address>
         <run_address>0x20009334</run_address>
         <size>0x18</size>
         <input_file_ref idref="fl-f1"/>
      </object_component>
      <object_component id="oc-f8">
         <name>.text:UARTIntEnable</name>
         <load_address>0x2000934c</load_address>
         <run_address>0x2000934c</run_address>
         <size>0x18</size>
         <input_file_ref idref="fl-f1"/>
      </object_component>
      <object_component id="oc-387">
         <name>.text:_outc</name>
         <load_address>0x20009364</load_address>
         <run_address>0x20009364</run_address>
         <size>0x18</size>
         <input_file_ref idref="fl-c5"/>
      </object_component>
      <object_component id="oc-2b6">
         <name>.text:PRCMHIBRegRead</name>
         <load_address>0x2000937c</load_address>
         <run_address>0x2000937c</run_address>
         <size>0x16</size>
         <input_file_ref idref="fl-ee"/>
      </object_component>
      <object_component id="oc-2bc">
         <name>.text:PRCMHIBRegWrite</name>
         <load_address>0x20009392</load_address>
         <run_address>0x20009392</run_address>
         <size>0x16</size>
         <input_file_ref idref="fl-ee"/>
      </object_component>
      <object_component id="oc-ec">
         <name>.text:UARTCharGet</name>
         <load_address>0x200093a8</load_address>
         <run_address>0x200093a8</run_address>
         <size>0x16</size>
         <input_file_ref idref="fl-f1"/>
      </object_component>
      <object_component id="oc-50a">
         <name>.text:strchr</name>
         <load_address>0x200093be</load_address>
         <run_address>0x200093be</run_address>
         <size>0x16</size>
         <input_file_ref idref="fl-e3"/>
      </object_component>
      <object_component id="oc-2a5">
         <name>.text:CPUcpsie</name>
         <load_address>0x200093d4</load_address>
         <run_address>0x200093d4</run_address>
         <size>0x14</size>
         <input_file_ref idref="fl-f3"/>
      </object_component>
      <object_component id="oc-c8">
         <name>.text:GPIOIntClear</name>
         <load_address>0x200093e8</load_address>
         <run_address>0x200093e8</run_address>
         <size>0x14</size>
         <input_file_ref idref="fl-ea"/>
      </object_component>
      <object_component id="oc-121">
         <name>.text:IntVTableBaseSet</name>
         <load_address>0x200093fc</load_address>
         <run_address>0x200093fc</run_address>
         <size>0x14</size>
         <input_file_ref idref="fl-ec"/>
      </object_component>
      <object_component id="oc-13f">
         <name>.text:strcpy</name>
         <load_address>0x20009410</load_address>
         <run_address>0x20009410</run_address>
         <size>0x14</size>
         <input_file_ref idref="fl-cd"/>
      </object_component>
      <object_component id="oc-254">
         <name>.text:strlen</name>
         <load_address>0x20009424</load_address>
         <run_address>0x20009424</run_address>
         <size>0x14</size>
         <input_file_ref idref="fl-ce"/>
      </object_component>
      <object_component id="oc-227">
         <name>.text:TimerIntClear</name>
         <load_address>0x20009438</load_address>
         <run_address>0x20009438</run_address>
         <size>0x12</size>
         <input_file_ref idref="fl-f0"/>
      </object_component>
      <object_component id="oc-465">
         <name>.text:wcslen</name>
         <load_address>0x2000944a</load_address>
         <run_address>0x2000944a</run_address>
         <size>0x12</size>
         <input_file_ref idref="fl-e5"/>
      </object_component>
      <object_component id="oc-18">
         <name>.text:decompress:none:__TI_decompress_none</name>
         <load_address>0x2000945c</load_address>
         <run_address>0x2000945c</run_address>
         <size>0xe</size>
         <input_file_ref idref="fl-c9"/>
      </object_component>
      <object_component id="oc-26">
         <name>.text</name>
         <load_address>0x2000946a</load_address>
         <run_address>0x2000946a</run_address>
         <size>0xe</size>
         <input_file_ref idref="fl-8"/>
      </object_component>
      <object_component id="oc-54b">
         <name>.text:copysign</name>
         <load_address>0x20009478</load_address>
         <run_address>0x20009478</run_address>
         <size>0xc</size>
         <input_file_ref idref="fl-e9"/>
      </object_component>
      <object_component id="oc-4c">
         <name>.text:decompress:ZI:__TI_zero_init</name>
         <load_address>0x20009484</load_address>
         <run_address>0x20009484</run_address>
         <size>0xc</size>
         <input_file_ref idref="fl-c8"/>
      </object_component>
      <object_component id="oc-127">
         <name>.text:IntMasterEnable</name>
         <load_address>0x20009490</load_address>
         <run_address>0x20009490</run_address>
         <size>0xa</size>
         <input_file_ref idref="fl-ec"/>
      </object_component>
      <object_component id="oc-46b">
         <name>.text:__aeabi_errno_addr</name>
         <load_address>0x2000949c</load_address>
         <run_address>0x2000949c</run_address>
         <size>0x8</size>
         <input_file_ref idref="fl-e4"/>
      </object_component>
      <object_component id="oc-18d">
         <name>.text:malloc</name>
         <load_address>0x200094a4</load_address>
         <run_address>0x200094a4</run_address>
         <size>0x8</size>
         <input_file_ref idref="fl-cc"/>
      </object_component>
      <object_component id="oc-11f">
         <name>.text:UtilsDelay</name>
         <load_address>0x200094ac</load_address>
         <run_address>0x200094ac</run_address>
         <size>0x6</size>
         <input_file_ref idref="fl-f2"/>
      </object_component>
      <object_component id="oc-8e">
         <name>.text:_system_pre_init</name>
         <load_address>0x200094b2</load_address>
         <run_address>0x200094b2</run_address>
         <size>0x4</size>
         <input_file_ref idref="fl-da"/>
      </object_component>
      <object_component id="oc-1bd">
         <name>.text:abort:abort</name>
         <load_address>0x200094b6</load_address>
         <run_address>0x200094b6</run_address>
         <size>0x4</size>
         <input_file_ref idref="fl-dc"/>
      </object_component>
      <object_component id="oc-3bc">
         <name>.const:.string:font</name>
         <load_address>0x200094bc</load_address>
         <run_address>0x200094bc</run_address>
         <size>0x4fb</size>
         <input_file_ref idref="fl-2"/>
      </object_component>
      <object_component id="oc-4b3">
         <name>.const:.string:_ctypes_</name>
         <load_address>0x200099b7</load_address>
         <run_address>0x200099b7</run_address>
         <size>0x101</size>
         <input_file_ref idref="fl-e0"/>
      </object_component>
      <object_component id="oc-3f5">
         <name>.const:g_ulPinToPadMap</name>
         <load_address>0x20009ab8</load_address>
         <run_address>0x20009ab8</run_address>
         <size>0x100</size>
         <input_file_ref idref="fl-ed"/>
      </object_component>
      <object_component id="oc-360">
         <name>.const:g_pulRegs</name>
         <load_address>0x20009bb8</load_address>
         <run_address>0x20009bb8</run_address>
         <size>0xd4</size>
         <input_file_ref idref="fl-ec"/>
      </object_component>
      <object_component id="oc-303">
         <name>.const:PRCM_PeriphRegsList</name>
         <load_address>0x20009c8c</load_address>
         <run_address>0x20009c8c</run_address>
         <size>0xa8</size>
         <input_file_ref idref="fl-ee"/>
      </object_component>
      <object_component id="oc-42b">
         <name>.const:g_pulDisRegs</name>
         <load_address>0x20009d34</load_address>
         <run_address>0x20009d34</run_address>
         <size>0x18</size>
         <input_file_ref idref="fl-ec"/>
      </object_component>
      <object_component id="oc-2ac">
         <name>.const:g_pulEnRegs</name>
         <load_address>0x20009d4c</load_address>
         <run_address>0x20009d4c</run_address>
         <size>0x18</size>
         <input_file_ref idref="fl-ec"/>
      </object_component>
      <object_component id="oc-3df">
         <name>.const:g_ppulUARTIntMap</name>
         <load_address>0x20009d64</load_address>
         <run_address>0x20009d64</run_address>
         <size>0x10</size>
         <input_file_ref idref="fl-f1"/>
      </object_component>
      <object_component id="oc-281">
         <name>.const:.string:$P$T0$1</name>
         <load_address>0x20009d74</load_address>
         <run_address>0x20009d74</run_address>
         <size>0xc</size>
         <input_file_ref idref="fl-4"/>
      </object_component>
      <object_component id="oc-284">
         <name>.const:.string:$P$T1$2</name>
         <load_address>0x20009d80</load_address>
         <run_address>0x20009d80</run_address>
         <size>0xc</size>
         <input_file_ref idref="fl-4"/>
      </object_component>
      <object_component id="oc-287">
         <name>.const:.string:$P$T2$3</name>
         <load_address>0x20009d8c</load_address>
         <run_address>0x20009d8c</run_address>
         <size>0xc</size>
         <input_file_ref idref="fl-4"/>
      </object_component>
      <object_component id="oc-115">
         <name>.const:.string:$P$T0$1</name>
         <load_address>0x20009d98</load_address>
         <run_address>0x20009d98</run_address>
         <size>0x1</size>
         <input_file_ref idref="fl-6"/>
      </object_component>
      <object_component id="oc-5a1">
         <name>.cinit..data.load</name>
         <load_address>0x20009da0</load_address>
         <run_address>0x20009da0</run_address>
         <size>0x4c</size>
      </object_component>
      <object_component id="oc-59f">
         <name>__TI_handler_table</name>
         <load_address>0x20009dec</load_address>
         <run_address>0x20009dec</run_address>
         <size>0xc</size>
      </object_component>
      <object_component id="oc-5a2">
         <name>.cinit..bss.load</name>
         <load_address>0x20009df8</load_address>
         <run_address>0x20009df8</run_address>
         <size>0x8</size>
      </object_component>
      <object_component id="oc-5a0">
         <name>__TI_cinit_table</name>
         <load_address>0x20009e00</load_address>
         <run_address>0x20009e00</run_address>
         <size>0x10</size>
      </object_component>
      <object_component id="oc-3bf">
         <name>.data</name>
         <load_address>0x2001dc60</load_address>
         <run_address>0x2001dc60</run_address>
         <size>0x15</size>
         <input_file_ref idref="fl-2"/>
      </object_component>
      <object_component id="oc-11c">
         <name>.data</name>
         <load_address>0x2001dc88</load_address>
         <run_address>0x2001dc88</run_address>
         <size>0x4</size>
         <input_file_ref idref="fl-6"/>
      </object_component>
      <object_component id="oc-118">
         <name>.data:numPad</name>
         <load_address>0x2001dc38</load_address>
         <run_address>0x2001dc38</run_address>
         <size>0x28</size>
         <input_file_ref idref="fl-6"/>
      </object_component>
      <object_component id="oc-3f1">
         <name>.data:$O1$$</name>
         <load_address>0x2001dc80</load_address>
         <run_address>0x2001dc80</run_address>
         <size>0x8</size>
         <input_file_ref idref="fl-cc"/>
      </object_component>
      <object_component id="oc-342">
         <name>.data:$O1$$</name>
         <load_address>0x2001dc78</load_address>
         <run_address>0x2001dc78</run_address>
         <size>0x8</size>
         <input_file_ref idref="fl-dd"/>
      </object_component>
      <object_component id="oc-51a">
         <name>.data</name>
         <load_address>0x2001dc8c</load_address>
         <run_address>0x2001dc8c</run_address>
         <size>0x4</size>
         <input_file_ref idref="fl-e4"/>
      </object_component>
      <object_component id="oc-26c">
         <name>.bss</name>
         <uninitialized>true</uninitialized>
         <run_address>0x2001dc0c</run_address>
         <size>0x4</size>
         <input_file_ref idref="fl-a"/>
      </object_component>
      <object_component id="oc-104">
         <name>.common:bitBufferPos</name>
         <uninitialized>true</uninitialized>
         <run_address>0x2001dc10</run_address>
         <size>0x4</size>
      </object_component>
      <object_component id="oc-107">
         <name>.common:timerCount</name>
         <uninitialized>true</uninitialized>
         <run_address>0x2001dc34</run_address>
         <size>0x4</size>
      </object_component>
      <object_component id="oc-112">
         <name>.common:stillWaiting</name>
         <uninitialized>true</uninitialized>
         <run_address>0x2001dc30</run_address>
         <size>0x4</size>
      </object_component>
      <object_component id="oc-114">
         <name>.common:buffer_Position</name>
         <uninitialized>true</uninitialized>
         <run_address>0x2001dc18</run_address>
         <size>0x4</size>
      </object_component>
      <object_component id="oc-10a">
         <name>.common:recv_buffer_Position</name>
         <uninitialized>true</uninitialized>
         <run_address>0x2001dc2c</run_address>
         <size>0x4</size>
      </object_component>
      <object_component id="oc-113">
         <name>.common:buffer</name>
         <uninitialized>true</uninitialized>
         <run_address>0x2001dc14</run_address>
         <size>0x4</size>
      </object_component>
      <object_component id="oc-109">
         <name>.common:recvBuffer</name>
         <uninitialized>true</uninitialized>
         <run_address>0x2001dc28</run_address>
         <size>0x4</size>
      </object_component>
      <object_component id="oc-108">
         <name>.common:arr</name>
         <uninitialized>true</uninitialized>
         <run_address>0x2001dbc0</run_address>
         <size>0x4c</size>
      </object_component>
      <object_component id="oc-145">
         <name>.common:zero</name>
         <uninitialized>true</uninitialized>
         <run_address>0x2001db70</run_address>
         <size>0x50</size>
      </object_component>
      <object_component id="oc-146">
         <name>.common:one</name>
         <uninitialized>true</uninitialized>
         <run_address>0x2001d9e0</run_address>
         <size>0x50</size>
      </object_component>
      <object_component id="oc-147">
         <name>.common:two</name>
         <uninitialized>true</uninitialized>
         <run_address>0x2001db20</run_address>
         <size>0x50</size>
      </object_component>
      <object_component id="oc-148">
         <name>.common:three</name>
         <uninitialized>true</uninitialized>
         <run_address>0x2001dad0</run_address>
         <size>0x50</size>
      </object_component>
      <object_component id="oc-149">
         <name>.common:four</name>
         <uninitialized>true</uninitialized>
         <run_address>0x2001d8a0</run_address>
         <size>0x50</size>
      </object_component>
      <object_component id="oc-14a">
         <name>.common:five</name>
         <uninitialized>true</uninitialized>
         <run_address>0x2001d850</run_address>
         <size>0x50</size>
      </object_component>
      <object_component id="oc-14b">
         <name>.common:six</name>
         <uninitialized>true</uninitialized>
         <run_address>0x2001da80</run_address>
         <size>0x50</size>
      </object_component>
      <object_component id="oc-14c">
         <name>.common:seven</name>
         <uninitialized>true</uninitialized>
         <run_address>0x2001da30</run_address>
         <size>0x50</size>
      </object_component>
      <object_component id="oc-14d">
         <name>.common:eight</name>
         <uninitialized>true</uninitialized>
         <run_address>0x2001d800</run_address>
         <size>0x50</size>
      </object_component>
      <object_component id="oc-154">
         <name>.common:nine</name>
         <uninitialized>true</uninitialized>
         <run_address>0x2001d990</run_address>
         <size>0x50</size>
      </object_component>
      <object_component id="oc-155">
         <name>.common:last</name>
         <uninitialized>true</uninitialized>
         <run_address>0x2001d8f0</run_address>
         <size>0x50</size>
      </object_component>
      <object_component id="oc-156">
         <name>.common:mute</name>
         <uninitialized>true</uninitialized>
         <run_address>0x2001d940</run_address>
         <size>0x50</size>
      </object_component>
      <object_component id="oc-120">
         <name>.common:button</name>
         <uninitialized>true</uninitialized>
         <run_address>0x2001dc1c</run_address>
         <size>0x4</size>
      </object_component>
      <object_component id="oc-11b">
         <name>.common:prevButton</name>
         <uninitialized>true</uninitialized>
         <run_address>0x2001dc24</run_address>
         <size>0x4</size>
      </object_component>
      <object_component id="oc-111">
         <name>.common:numPresses</name>
         <uninitialized>true</uninitialized>
         <run_address>0x2001dc20</run_address>
         <size>0x4</size>
      </object_component>
      <object_component id="oc-20">
         <name>.sysmem</name>
         <uninitialized>true</uninitialized>
         <run_address>0x2001d000</run_address>
         <size>0x10</size>
         <input_file_ref idref="fl-cc"/>
      </object_component>
      <object_component id="oc-5a4">
         <name>.sysmem</name>
         <uninitialized>true</uninitialized>
         <run_address>0x2001d000</run_address>
         <size>0x0</size>
      </object_component>
      <object_component id="oc-23">
         <name>.stack</name>
         <uninitialized>true</uninitialized>
         <run_address>0x2003f800</run_address>
         <size>0x4</size>
         <input_file_ref idref="fl-d0"/>
      </object_component>
      <object_component id="oc-5a3">
         <name>.stack</name>
         <uninitialized>true</uninitialized>
         <run_address>0x2003f800</run_address>
         <size>0x0</size>
      </object_component>
      <object_component id="oc-3c3">
         <name>.debug_info</name>
         <load_address>0x0</load_address>
         <run_address>0x0</run_address>
         <size>0x21e</size>
         <input_file_ref idref="fl-2"/>
      </object_component>
      <object_component id="oc-3bd">
         <name>.debug_info</name>
         <load_address>0x21e</load_address>
         <run_address>0x21e</run_address>
         <size>0xd0</size>
         <input_file_ref idref="fl-2"/>
      </object_component>
      <object_component id="oc-3c0">
         <name>.debug_info</name>
         <load_address>0x2ee</load_address>
         <run_address>0x2ee</run_address>
         <size>0x17e</size>
         <input_file_ref idref="fl-2"/>
      </object_component>
      <object_component id="oc-27f">
         <name>.debug_info</name>
         <load_address>0x46c</load_address>
         <run_address>0x46c</run_address>
         <size>0x153c</size>
         <input_file_ref idref="fl-2"/>
      </object_component>
      <object_component id="oc-35">
         <name>.debug_info</name>
         <load_address>0x19a8</load_address>
         <run_address>0x19a8</run_address>
         <size>0x84</size>
         <input_file_ref idref="fl-2"/>
      </object_component>
      <object_component id="oc-2e5">
         <name>.debug_info</name>
         <load_address>0x1a2c</load_address>
         <run_address>0x1a2c</run_address>
         <size>0x219</size>
         <input_file_ref idref="fl-3"/>
      </object_component>
      <object_component id="oc-14f">
         <name>.debug_info</name>
         <load_address>0x1c45</load_address>
         <run_address>0x1c45</run_address>
         <size>0xe5f</size>
         <input_file_ref idref="fl-3"/>
      </object_component>
      <object_component id="oc-3ec">
         <name>.debug_info</name>
         <load_address>0x2aa4</load_address>
         <run_address>0x2aa4</run_address>
         <size>0x62</size>
         <input_file_ref idref="fl-3"/>
      </object_component>
      <object_component id="oc-1fc">
         <name>.debug_info</name>
         <load_address>0x2b06</load_address>
         <run_address>0x2b06</run_address>
         <size>0x2c</size>
         <input_file_ref idref="fl-3"/>
      </object_component>
      <object_component id="oc-b9">
         <name>.debug_info</name>
         <load_address>0x2b32</load_address>
         <run_address>0x2b32</run_address>
         <size>0x2c</size>
         <input_file_ref idref="fl-3"/>
      </object_component>
      <object_component id="oc-28b">
         <name>.debug_info</name>
         <load_address>0x2b5e</load_address>
         <run_address>0x2b5e</run_address>
         <size>0x1e1</size>
         <input_file_ref idref="fl-4"/>
      </object_component>
      <object_component id="oc-282">
         <name>.debug_info</name>
         <load_address>0x2d3f</load_address>
         <run_address>0x2d3f</run_address>
         <size>0xd6</size>
         <input_file_ref idref="fl-4"/>
      </object_component>
      <object_component id="oc-285">
         <name>.debug_info</name>
         <load_address>0x2e15</load_address>
         <run_address>0x2e15</run_address>
         <size>0xd6</size>
         <input_file_ref idref="fl-4"/>
      </object_component>
      <object_component id="oc-288">
         <name>.debug_info</name>
         <load_address>0x2eeb</load_address>
         <run_address>0x2eeb</run_address>
         <size>0xd6</size>
         <input_file_ref idref="fl-4"/>
      </object_component>
      <object_component id="oc-ea">
         <name>.debug_info</name>
         <load_address>0x2fc1</load_address>
         <run_address>0x2fc1</run_address>
         <size>0x6a1</size>
         <input_file_ref idref="fl-4"/>
      </object_component>
      <object_component id="oc-3bb">
         <name>.debug_info</name>
         <load_address>0x3662</load_address>
         <run_address>0x3662</run_address>
         <size>0x4dd</size>
         <input_file_ref idref="fl-5"/>
      </object_component>
      <object_component id="oc-293">
         <name>.debug_info</name>
         <load_address>0x3b3f</load_address>
         <run_address>0x3b3f</run_address>
         <size>0x26b</size>
         <input_file_ref idref="fl-5"/>
      </object_component>
      <object_component id="oc-276">
         <name>.debug_info</name>
         <load_address>0x3daa</load_address>
         <run_address>0x3daa</run_address>
         <size>0x110</size>
         <input_file_ref idref="fl-5"/>
      </object_component>
      <object_component id="oc-1b8">
         <name>.debug_info</name>
         <load_address>0x3eba</load_address>
         <run_address>0x3eba</run_address>
         <size>0x8b</size>
         <input_file_ref idref="fl-5"/>
      </object_component>
      <object_component id="oc-3b6">
         <name>.debug_info</name>
         <load_address>0x3f45</load_address>
         <run_address>0x3f45</run_address>
         <size>0x297</size>
         <input_file_ref idref="fl-5"/>
      </object_component>
      <object_component id="oc-48a">
         <name>.debug_info</name>
         <load_address>0x41dc</load_address>
         <run_address>0x41dc</run_address>
         <size>0xbb</size>
         <input_file_ref idref="fl-5"/>
      </object_component>
      <object_component id="oc-105">
         <name>.debug_info</name>
         <load_address>0x4297</load_address>
         <run_address>0x4297</run_address>
         <size>0xde9</size>
         <input_file_ref idref="fl-6"/>
      </object_component>
      <object_component id="oc-11d">
         <name>.debug_info</name>
         <load_address>0x5080</load_address>
         <run_address>0x5080</run_address>
         <size>0xda</size>
         <input_file_ref idref="fl-6"/>
      </object_component>
      <object_component id="oc-119">
         <name>.debug_info</name>
         <load_address>0x515a</load_address>
         <run_address>0x515a</run_address>
         <size>0xcd</size>
         <input_file_ref idref="fl-6"/>
      </object_component>
      <object_component id="oc-116">
         <name>.debug_info</name>
         <load_address>0x5227</load_address>
         <run_address>0x5227</run_address>
         <size>0xce</size>
         <input_file_ref idref="fl-6"/>
      </object_component>
      <object_component id="oc-95">
         <name>.debug_info</name>
         <load_address>0x52f5</load_address>
         <run_address>0x52f5</run_address>
         <size>0x10a5</size>
         <input_file_ref idref="fl-6"/>
      </object_component>
      <object_component id="oc-298">
         <name>.debug_info</name>
         <load_address>0x639a</load_address>
         <run_address>0x639a</run_address>
         <size>0xcc</size>
         <input_file_ref idref="fl-6"/>
      </object_component>
      <object_component id="oc-271">
         <name>.debug_info</name>
         <load_address>0x6466</load_address>
         <run_address>0x6466</run_address>
         <size>0x2c</size>
         <input_file_ref idref="fl-6"/>
      </object_component>
      <object_component id="oc-195">
         <name>.debug_info</name>
         <load_address>0x6492</load_address>
         <run_address>0x6492</run_address>
         <size>0x38b</size>
         <input_file_ref idref="fl-7"/>
      </object_component>
      <object_component id="oc-2e">
         <name>.debug_info</name>
         <load_address>0x681d</load_address>
         <run_address>0x681d</run_address>
         <size>0x18e</size>
         <input_file_ref idref="fl-8"/>
      </object_component>
      <object_component id="oc-10">
         <name>.debug_info</name>
         <load_address>0x69ab</load_address>
         <run_address>0x69ab</run_address>
         <size>0x10d</size>
         <input_file_ref idref="fl-8"/>
      </object_component>
      <object_component id="oc-29">
         <name>.debug_info</name>
         <load_address>0x6ab8</load_address>
         <run_address>0x6ab8</run_address>
         <size>0x42e</size>
         <input_file_ref idref="fl-8"/>
      </object_component>
      <object_component id="oc-246">
         <name>.debug_info</name>
         <load_address>0x6ee6</load_address>
         <run_address>0x6ee6</run_address>
         <size>0x453</size>
         <input_file_ref idref="fl-9"/>
      </object_component>
      <object_component id="oc-d6">
         <name>.debug_info</name>
         <load_address>0x7339</load_address>
         <run_address>0x7339</run_address>
         <size>0xa03</size>
         <input_file_ref idref="fl-9"/>
      </object_component>
      <object_component id="oc-270">
         <name>.debug_info</name>
         <load_address>0x7d3c</load_address>
         <run_address>0x7d3c</run_address>
         <size>0x3a6</size>
         <input_file_ref idref="fl-a"/>
      </object_component>
      <object_component id="oc-26d">
         <name>.debug_info</name>
         <load_address>0x80e2</load_address>
         <run_address>0x80e2</run_address>
         <size>0xd7</size>
         <input_file_ref idref="fl-a"/>
      </object_component>
      <object_component id="oc-e1">
         <name>.debug_info</name>
         <load_address>0x81b9</load_address>
         <run_address>0x81b9</run_address>
         <size>0x63d</size>
         <input_file_ref idref="fl-a"/>
      </object_component>
      <object_component id="oc-38e">
         <name>.debug_info</name>
         <load_address>0x87f6</load_address>
         <run_address>0x87f6</run_address>
         <size>0x211</size>
         <input_file_ref idref="fl-c5"/>
      </object_component>
      <object_component id="oc-249">
         <name>.debug_info</name>
         <load_address>0x8a07</load_address>
         <run_address>0x8a07</run_address>
         <size>0x207</size>
         <input_file_ref idref="fl-c5"/>
      </object_component>
      <object_component id="oc-382">
         <name>.debug_info</name>
         <load_address>0x8c0e</load_address>
         <run_address>0x8c0e</run_address>
         <size>0x1c5</size>
         <input_file_ref idref="fl-c5"/>
      </object_component>
      <object_component id="oc-388">
         <name>.debug_info</name>
         <load_address>0x8dd3</load_address>
         <run_address>0x8dd3</run_address>
         <size>0x178</size>
         <input_file_ref idref="fl-c5"/>
      </object_component>
      <object_component id="oc-38f">
         <name>.debug_info</name>
         <load_address>0x8f4b</load_address>
         <run_address>0x8f4b</run_address>
         <size>0x2c</size>
         <input_file_ref idref="fl-c5"/>
      </object_component>
      <object_component id="oc-394">
         <name>.debug_info</name>
         <load_address>0x8f77</load_address>
         <run_address>0x8f77</run_address>
         <size>0x69</size>
         <input_file_ref idref="fl-c5"/>
      </object_component>
      <object_component id="oc-3c">
         <name>.debug_info</name>
         <load_address>0x8fe0</load_address>
         <run_address>0x8fe0</run_address>
         <size>0x118</size>
         <input_file_ref idref="fl-c6"/>
      </object_component>
      <object_component id="oc-8a">
         <name>.debug_info</name>
         <load_address>0x90f8</load_address>
         <run_address>0x90f8</run_address>
         <size>0x146</size>
         <input_file_ref idref="fl-c7"/>
      </object_component>
      <object_component id="oc-87">
         <name>.debug_info</name>
         <load_address>0x923e</load_address>
         <run_address>0x923e</run_address>
         <size>0x1a5</size>
         <input_file_ref idref="fl-c8"/>
      </object_component>
      <object_component id="oc-4f">
         <name>.debug_info</name>
         <load_address>0x93e3</load_address>
         <run_address>0x93e3</run_address>
         <size>0x1b4</size>
         <input_file_ref idref="fl-c8"/>
      </object_component>
      <object_component id="oc-82">
         <name>.debug_info</name>
         <load_address>0x9597</load_address>
         <run_address>0x9597</run_address>
         <size>0x46</size>
         <input_file_ref idref="fl-c8"/>
      </object_component>
      <object_component id="oc-45">
         <name>.debug_info</name>
         <load_address>0x95dd</load_address>
         <run_address>0x95dd</run_address>
         <size>0x179</size>
         <input_file_ref idref="fl-c9"/>
      </object_component>
      <object_component id="oc-19">
         <name>.debug_info</name>
         <load_address>0x9756</load_address>
         <run_address>0x9756</run_address>
         <size>0x1e9</size>
         <input_file_ref idref="fl-c9"/>
      </object_component>
      <object_component id="oc-40">
         <name>.debug_info</name>
         <load_address>0x993f</load_address>
         <run_address>0x993f</run_address>
         <size>0x46</size>
         <input_file_ref idref="fl-c9"/>
      </object_component>
      <object_component id="oc-7a">
         <name>.debug_info</name>
         <load_address>0x9985</load_address>
         <run_address>0x9985</run_address>
         <size>0x2c</size>
         <input_file_ref idref="fl-c9"/>
      </object_component>
      <object_component id="oc-78">
         <name>.debug_info</name>
         <load_address>0x99b1</load_address>
         <run_address>0x99b1</run_address>
         <size>0x16f</size>
         <input_file_ref idref="fl-ca"/>
      </object_component>
      <object_component id="oc-13">
         <name>.debug_info</name>
         <load_address>0x9b20</load_address>
         <run_address>0x9b20</run_address>
         <size>0x24f</size>
         <input_file_ref idref="fl-ca"/>
      </object_component>
      <object_component id="oc-30">
         <name>.debug_info</name>
         <load_address>0x9d6f</load_address>
         <run_address>0x9d6f</run_address>
         <size>0x60</size>
         <input_file_ref idref="fl-ca"/>
      </object_component>
      <object_component id="oc-b2">
         <name>.debug_info</name>
         <load_address>0x9dcf</load_address>
         <run_address>0x9dcf</run_address>
         <size>0x46</size>
         <input_file_ref idref="fl-ca"/>
      </object_component>
      <object_component id="oc-73">
         <name>.debug_info</name>
         <load_address>0x9e15</load_address>
         <run_address>0x9e15</run_address>
         <size>0x39</size>
         <input_file_ref idref="fl-ca"/>
      </object_component>
      <object_component id="oc-39d">
         <name>.debug_info</name>
         <load_address>0x9e4e</load_address>
         <run_address>0x9e4e</run_address>
         <size>0x176</size>
         <input_file_ref idref="fl-cb"/>
      </object_component>
      <object_component id="oc-25d">
         <name>.debug_info</name>
         <load_address>0x9fc4</load_address>
         <run_address>0x9fc4</run_address>
         <size>0x1b5</size>
         <input_file_ref idref="fl-cb"/>
      </object_component>
      <object_component id="oc-6c">
         <name>.debug_info</name>
         <load_address>0xa179</load_address>
         <run_address>0xa179</run_address>
         <size>0x283</size>
         <input_file_ref idref="fl-cc"/>
      </object_component>
      <object_component id="oc-21">
         <name>.debug_info</name>
         <load_address>0xa3fc</load_address>
         <run_address>0xa3fc</run_address>
         <size>0x10b</size>
         <input_file_ref idref="fl-cc"/>
      </object_component>
      <object_component id="oc-3f2">
         <name>.debug_info</name>
         <load_address>0xa507</load_address>
         <run_address>0xa507</run_address>
         <size>0x13e</size>
         <input_file_ref idref="fl-cc"/>
      </object_component>
      <object_component id="oc-190">
         <name>.debug_info</name>
         <load_address>0xa645</load_address>
         <run_address>0xa645</run_address>
         <size>0x167</size>
         <input_file_ref idref="fl-cc"/>
      </object_component>
      <object_component id="oc-3a0">
         <name>.debug_info</name>
         <load_address>0xa7ac</load_address>
         <run_address>0xa7ac</run_address>
         <size>0x18d</size>
         <input_file_ref idref="fl-cc"/>
      </object_component>
      <object_component id="oc-3ac">
         <name>.debug_info</name>
         <load_address>0xa939</load_address>
         <run_address>0xa939</run_address>
         <size>0x19e</size>
         <input_file_ref idref="fl-cc"/>
      </object_component>
      <object_component id="oc-268">
         <name>.debug_info</name>
         <load_address>0xaad7</load_address>
         <run_address>0xaad7</run_address>
         <size>0x202</size>
         <input_file_ref idref="fl-cc"/>
      </object_component>
      <object_component id="oc-3a6">
         <name>.debug_info</name>
         <load_address>0xacd9</load_address>
         <run_address>0xacd9</run_address>
         <size>0x1da</size>
         <input_file_ref idref="fl-cc"/>
      </object_component>
      <object_component id="oc-261">
         <name>.debug_info</name>
         <load_address>0xaeb3</load_address>
         <run_address>0xaeb3</run_address>
         <size>0x26d</size>
         <input_file_ref idref="fl-cc"/>
      </object_component>
      <object_component id="oc-30d">
         <name>.debug_info</name>
         <load_address>0xb120</load_address>
         <run_address>0xb120</run_address>
         <size>0x298</size>
         <input_file_ref idref="fl-cc"/>
      </object_component>
      <object_component id="oc-ad">
         <name>.debug_info</name>
         <load_address>0xb3b8</load_address>
         <run_address>0xb3b8</run_address>
         <size>0xb2</size>
         <input_file_ref idref="fl-cc"/>
      </object_component>
      <object_component id="oc-a8">
         <name>.debug_info</name>
         <load_address>0xb46a</load_address>
         <run_address>0xb46a</run_address>
         <size>0x2c</size>
         <input_file_ref idref="fl-cc"/>
      </object_component>
      <object_component id="oc-2cb">
         <name>.debug_info</name>
         <load_address>0xb496</load_address>
         <run_address>0xb496</run_address>
         <size>0x175</size>
         <input_file_ref idref="fl-cd"/>
      </object_component>
      <object_component id="oc-142">
         <name>.debug_info</name>
         <load_address>0xb60b</load_address>
         <run_address>0xb60b</run_address>
         <size>0x247</size>
         <input_file_ref idref="fl-cd"/>
      </object_component>
      <object_component id="oc-39b">
         <name>.debug_info</name>
         <load_address>0xb852</load_address>
         <run_address>0xb852</run_address>
         <size>0x160</size>
         <input_file_ref idref="fl-ce"/>
      </object_component>
      <object_component id="oc-257">
         <name>.debug_info</name>
         <load_address>0xb9b2</load_address>
         <run_address>0xb9b2</run_address>
         <size>0x240</size>
         <input_file_ref idref="fl-ce"/>
      </object_component>
      <object_component id="oc-290">
         <name>.debug_info</name>
         <load_address>0xbbf2</load_address>
         <run_address>0xbbf2</run_address>
         <size>0x166</size>
         <input_file_ref idref="fl-cf"/>
      </object_component>
[...]
      <symbol id="sm-353">
         <name>__aeabi_memset</name>
         <value>0x200085f5</value>
         <object_component_ref idref="oc-88"/>
      </symbol>
      <symbol id="sm-354">
         <name>memset</name>
         <value>0x200085fb</value>
         <object_component_ref idref="oc-88"/>
      </symbol>
      <symbol id="sm-355">
         <name>__aeabi_memset8</name>
         <value>0x200085f5</value>
         <object_component_ref idref="oc-88"/>
      </symbol>
      <symbol id="sm-356">
         <name>__aeabi_memset4</name>
         <value>0x200085f5</value>
         <object_component_ref idref="oc-88"/>
      </symbol>
      <symbol id="sm-357">
         <name>__aeabi_memclr8</name>
         <value>0x200085f3</value>
         <object_component_ref idref="oc-88"/>
      </symbol>
      <symbol id="sm-358">
         <name>__aeabi_memclr4</name>
         <value>0x200085f3</value>
         <object_component_ref idref="oc-88"/>
      </symbol>
      <symbol id="sm-359">
         <name>__aeabi_memclr</name>
         <value>0x200085f3</value>
         <object_component_ref idref="oc-88"/>
      </symbol>
      <symbol id="sm-36b">
         <name>__TI_zero_init</name>
         <value>0x20009485</value>
         <object_component_ref idref="oc-4c"/>
      </symbol>
      <symbol id="sm-382">
         <name>__TI_decompress_none</name>
         <value>0x2000945d</value>
         <object_component_ref idref="oc-18"/>
      </symbol>
      <symbol id="sm-3a5">
         <name>__TI_decompress_lzss</name>
         <value>0x2000889d</value>
         <object_component_ref idref="oc-12"/>
      </symbol>
      <symbol id="sm-3b5">
         <name>memmove</name>
         <value>0x20009019</value>
         <object_component_ref idref="oc-25a"/>
      </symbol>
      <symbol id="sm-453">
         <name>_sys_memory</name>
         <value>0x2001d000</value>
         <object_component_ref idref="oc-20"/>
      </symbol>
      <symbol id="sm-454">
         <name>free</name>
         <value>0x20007dbd</value>
         <object_component_ref idref="oc-266"/>
      </symbol>
      <symbol id="sm-455">
         <name>realloc</name>
         <value>0x20007cd5</value>
         <object_component_ref idref="oc-260"/>
      </symbol>
      <symbol id="sm-456">
         <name>memalign</name>
         <value>0x20007ac1</value>
         <object_component_ref idref="oc-30c"/>
      </symbol>
      <symbol id="sm-457">
         <name>malloc</name>
         <value>0x200094a5</value>
         <object_component_ref idref="oc-18d"/>
      </symbol>
      <symbol id="sm-458">
         <name>aligned_alloc</name>
         <value>0x20007ac1</value>
         <object_component_ref idref="oc-30c"/>
      </symbol>
      <symbol id="sm-466">
         <name>strcpy</name>
         <value>0x20009411</value>
         <object_component_ref idref="oc-13f"/>
      </symbol>
      <symbol id="sm-474">
         <name>strlen</name>
         <value>0x20009425</value>
         <object_component_ref idref="oc-254"/>
      </symbol>
      <symbol id="sm-487">
         <name>strstr</name>
         <value>0x20008de7</value>
         <object_component_ref idref="oc-fe"/>
      </symbol>
      <symbol id="sm-499">
         <name>__stack</name>
         <value>0x2003f800</value>
         <object_component_ref idref="oc-23"/>
      </symbol>
      <symbol id="sm-49a">
         <name>_c_int00_noargs</name>
         <value>0x20008ff5</value>
         <object_component_ref idref="oc-58"/>
      </symbol>
      <symbol id="sm-5ff">
         <name>__TI_printfi</name>
         <value>0x20005941</value>
         <object_component_ref idref="oc-37b"/>
      </symbol>
      <symbol id="sm-616">
         <name>__aeabi_dsub</name>
         <value>0x20007149</value>
         <object_component_ref idref="oc-4de"/>
      </symbol>
      <symbol id="sm-617">
         <name>__aeabi_dadd</name>
         <value>0x20007153</value>
         <object_component_ref idref="oc-4de"/>
      </symbol>
      <symbol id="sm-639">
         <name>__aeabi_cdcmpeq</name>
         <value>0x20008465</value>
         <object_component_ref idref="oc-442"/>
      </symbol>
      <symbol id="sm-63a">
         <name>__aeabi_cdcmple</name>
         <value>0x20008465</value>
         <object_component_ref idref="oc-442"/>
      </symbol>
      <symbol id="sm-63b">
         <name>__aeabi_cdrcmple</name>
         <value>0x200084eb</value>
         <object_component_ref idref="oc-4c9"/>
      </symbol>
      <symbol id="sm-64f">
         <name>__aeabi_ddiv</name>
         <value>0x2000774d</value>
         <object_component_ref idref="oc-4c4"/>
      </symbol>
      <symbol id="sm-65a">
         <name>__aeabi_dmul</name>
         <value>0x20007bd9</value>
         <object_component_ref idref="oc-4bf"/>
      </symbol>
      <symbol id="sm-664">
         <name>__aeabi_d2iz</name>
         <value>0x20008ba1</value>
         <object_component_ref idref="oc-4ce"/>
      </symbol>
      <symbol id="sm-66e">
         <name>__aeabi_i2d</name>
         <value>0x20008ead</value>
         <object_component_ref idref="oc-4d9"/>
      </symbol>
      <symbol id="sm-67b">
         <name>__aeabi_uldivmod</name>
         <value>0x200082b1</value>
         <object_component_ref idref="oc-4b8"/>
      </symbol>
      <symbol id="sm-6a3">
         <name>__TI_auto_init_nobinit_nopinit</name>
         <value>0x20008c71</value>
         <object_component_ref idref="oc-1c9"/>
      </symbol>
      <symbol id="sm-6ad">
         <name>_system_pre_init</name>
         <value>0x200094b3</value>
         <object_component_ref idref="oc-8e"/>
      </symbol>
      <symbol id="sm-6b9">
         <name>C$$EXIT</name>
         <value>0x200094b7</value>
         <object_component_ref idref="oc-1bd"/>
      </symbol>
      <symbol id="sm-6ba">
         <name>abort</name>
         <value>0x200094b7</value>
         <object_component_ref idref="oc-1bd"/>
      </symbol>
      <symbol id="sm-6cf">
         <name>_nop</name>
         <value>0x20006833</value>
         <object_component_ref idref="oc-408"/>
      </symbol>
      <symbol id="sm-6d0">
         <name>_lock</name>
         <value>0x2001dc78</value>
         <object_component_ref idref="oc-342"/>
      </symbol>
      <symbol id="sm-6d1">
         <name>_unlock</name>
         <value>0x2001dc7c</value>
         <object_component_ref idref="oc-342"/>
      </symbol>
      <symbol id="sm-6e8">
         <name>atoi</name>
         <value>0x20008b0d</value>
         <object_component_ref idref="oc-436"/>
      </symbol>
      <symbol id="sm-6f3">
         <name>_ctypes_</name>
         <value>0x200099b7</value>
         <object_component_ref idref="oc-4b3"/>
      </symbol>
      <symbol id="sm-702">
         <name>ltoa</name>
         <value>0x20008a65</value>
         <object_component_ref idref="oc-4d3"/>
      </symbol>
      <symbol id="sm-712">
         <name>memccpy</name>
         <value>0x20009209</value>
         <object_component_ref idref="oc-45f"/>
      </symbol>
      <symbol id="sm-722">
         <name>strchr</name>
         <value>0x200093bf</value>
         <object_component_ref idref="oc-50a"/>
      </symbol>
      <symbol id="sm-738">
         <name>__aeabi_errno_addr</name>
         <value>0x2000949d</value>
         <object_component_ref idref="oc-46b"/>
      </symbol>
      <symbol id="sm-739">
         <name>errno</name>
         <value>0x2001dc8c</value>
         <object_component_ref idref="oc-51a"/>
      </symbol>
      <symbol id="sm-752">
         <name>wcslen</name>
         <value>0x2000944b</value>
         <object_component_ref idref="oc-465"/>
      </symbol>
      <symbol id="sm-772">
         <name>frexpl</name>
         <value>0x20008905</value>
         <object_component_ref idref="oc-4fe"/>
      </symbol>
      <symbol id="sm-773">
         <name>frexp</name>
         <value>0x20008905</value>
         <object_component_ref idref="oc-4fe"/>
      </symbol>
      <symbol id="sm-791">
         <name>scalbn</name>
         <value>0x20007ea1</value>
         <object_component_ref idref="oc-504"/>
      </symbol>
      <symbol id="sm-792">
         <name>scalbnl</name>
         <value>0x20007ea1</value>
         <object_component_ref idref="oc-504"/>
      </symbol>
      <symbol id="sm-793">
         <name>ldexpl</name>
         <value>0x20007ea1</value>
         <object_component_ref idref="oc-504"/>
      </symbol>
      <symbol id="sm-794">
         <name>ldexp</name>
         <value>0x20007ea1</value>
         <object_component_ref idref="oc-504"/>
      </symbol>
      <symbol id="sm-79e">
         <name>__aeabi_idiv0</name>
         <value>0x200072ff</value>
         <object_component_ref idref="oc-532"/>
      </symbol>
      <symbol id="sm-79f">
         <name>__aeabi_ldiv0</name>
         <value>0x200072ff</value>
         <object_component_ref idref="oc-532"/>
      </symbol>
      <symbol id="sm-7a9">
         <name>copysign</name>
         <value>0x20009479</value>
         <object_component_ref idref="oc-54b"/>
      </symbol>
      <symbol id="sm-7aa">
         <name>copysignl</name>
         <value>0x20009479</value>
         <object_component_ref idref="oc-54b"/>
      </symbol>
      <symbol id="sm-80a">
         <name>GPIOIntRegister</name>
         <value>0x200090e1</value>
         <object_component_ref idref="oc-19f"/>
      </symbol>
      <symbol id="sm-80b">
         <name>GPIOIntDisable</name>
         <value>0x20009225</value>
         <object_component_ref idref="oc-1b1"/>
      </symbol>
      <symbol id="sm-80c">
         <name>GPIOIntEnable</name>
         <value>0x2000923f</value>
         <object_component_ref idref="oc-1ab"/>
      </symbol>
      <symbol id="sm-80d">
         <name>GPIOIntTypeSet</name>
         <value>0x20008571</value>
         <object_component_ref idref="oc-1a5"/>
      </symbol>
      <symbol id="sm-80e">
         <name>GPIOIntClear</name>
         <value>0x200093e9</value>
         <object_component_ref idref="oc-c8"/>
      </symbol>
      <symbol id="sm-80f">
         <name>GPIOIntStatus</name>
         <value>0x2000903d</value>
         <object_component_ref idref="oc-c2"/>
      </symbol>
      <symbol id="sm-810">
         <name>GPIODirModeSet</name>
         <value>0x20008db1</value>
         <object_component_ref idref="oc-31f"/>
      </symbol>
      <symbol id="sm-811">
         <name>GPIOPinWrite</name>
         <value>0x20009081</value>
         <object_component_ref idref="oc-2cc"/>
      </symbol>
      <symbol id="sm-889">
         <name>IntPrioritySet</name>
         <value>0x20008a11</value>
         <object_component_ref idref="oc-20f"/>
      </symbol>
      <symbol id="sm-88a">
         <name>IntVTableBaseSet</name>
         <value>0x200093fd</value>
         <object_component_ref idref="oc-121"/>
      </symbol>
      <symbol id="sm-88b">
         <name>IntEnable</name>
         <value>0x200080cd</value>
         <object_component_ref idref="oc-12d"/>
      </symbol>
      <symbol id="sm-88c">
         <name>IntDisable</name>
         <value>0x20008025</value>
         <object_component_ref idref="oc-36b"/>
      </symbol>
      <symbol id="sm-88d">
         <name>IntRegister</name>
         <value>0x200090a1</value>
         <object_component_ref idref="oc-2ec"/>
      </symbol>
      <symbol id="sm-88e">
         <name>IntUnregister</name>
         <value>0x20008fad</value>
         <object_component_ref idref="oc-371"/>
      </symbol>
      <symbol id="sm-88f">
         <name>IntMasterEnable</name>
         <value>0x20009491</value>
         <object_component_ref idref="oc-127"/>
      </symbol>
      <symbol id="sm-8ce">
         <name>PinTypeUART</name>
         <value>0x20009273</value>
         <object_component_ref idref="oc-32b"/>
      </symbol>
      <symbol id="sm-8cf">
         <name>PinTypeGPIO</name>
         <value>0x20008e1b</value>
         <object_component_ref idref="oc-319"/>
      </symbol>
      <symbol id="sm-8d0">
         <name>PinConfigSet</name>
         <value>0x200083dd</value>
         <object_component_ref idref="oc-3f9"/>
      </symbol>
      <symbol id="sm-8d1">
         <name>PinTypeSPI</name>
         <value>0x20009259</value>
         <object_component_ref idref="oc-325"/>
      </symbol>
      <symbol id="sm-8d2">
         <name>PinModeSet</name>
         <value>0x20008cb5</value>
         <object_component_ref idref="oc-313"/>
      </symbol>
      <symbol id="sm-958">
         <name>PRCMPeripheralReset</name>
         <value>0x20008961</value>
         <object_component_ref idref="oc-16f"/>
      </symbol>
      <symbol id="sm-959">
         <name>PRCMPeripheralClkEnable</name>
         <value>0x20008d75</value>
         <object_component_ref idref="oc-199"/>
      </symbol>
      <symbol id="sm-95a">
         <name>PRCMPeripheralClockGet</name>
         <value>0x20008349</value>
         <object_component_ref idref="oc-163"/>
      </symbol>
      <symbol id="sm-95b">
         <name>PRCMCC3200MCUInit</name>
         <value>0x20007499</value>
         <object_component_ref idref="oc-133"/>
      </symbol>
      <symbol id="sm-95c">
         <name>PRCMHIBRegWrite</name>
         <value>0x20009393</value>
         <object_component_ref idref="oc-2bc"/>
      </symbol>
      <symbol id="sm-95d">
         <name>PRCMSysResetCauseGet</name>
         <value>0x20008edd</value>
         <object_component_ref idref="oc-2b0"/>
      </symbol>
      <symbol id="sm-95e">
         <name>PRCMPeripheralClkDisable</name>
         <value>0x20008f5d</value>
         <object_component_ref idref="oc-2c2"/>
      </symbol>
      <symbol id="sm-95f">
         <name>PRCMHIBRegRead</name>
         <value>0x2000937d</value>
         <object_component_ref idref="oc-2b6"/>
      </symbol>
      <symbol id="sm-9a4">
         <name>SPICSEnable</name>
         <value>0x200092a5</value>
         <object_component_ref idref="oc-187"/>
      </symbol>
      <symbol id="sm-9a5">
         <name>SPIDataPut</name>
         <value>0x200090ff</value>
         <object_component_ref idref="oc-2d2"/>
      </symbol>
      <symbol id="sm-9a6">
         <name>SPIEnable</name>
         <value>0x200092bd</value>
         <object_component_ref idref="oc-181"/>
      </symbol>
      <symbol id="sm-9a7">
         <name>SPIDataGet</name>
         <value>0x200090c1</value>
         <object_component_ref idref="oc-2d8"/>
      </symbol>
      <symbol id="sm-9a8">
         <name>SPIConfigSetExpClk</name>
         <value>0x20008175</value>
         <object_component_ref idref="oc-17b"/>
      </symbol>
      <symbol id="sm-9a9">
         <name>SPIReset</name>
         <value>0x2000905f</value>
         <object_component_ref idref="oc-175"/>
      </symbol>
      <symbol id="sm-9aa">
         <name>SPICSDisable</name>
         <value>0x2000928d</value>
         <object_component_ref idref="oc-2de"/>
      </symbol>
      <symbol id="sm-a2e">
         <name>TimerLoadSet</name>
         <value>0x20008f09</value>
         <object_component_ref idref="oc-139"/>
      </symbol>
      <symbol id="sm-a2f">
         <name>TimerDisable</name>
         <value>0x2000911d</value>
         <object_component_ref idref="oc-22d"/>
      </symbol>
      <symbol id="sm-a30">
         <name>TimerIntRegister</name>
         <value>0x200086e5</value>
         <object_component_ref idref="oc-215"/>
      </symbol>
      <symbol id="sm-a31">
         <name>TimerEnable</name>
         <value>0x2000913b</value>
         <object_component_ref idref="oc-ce"/>
      </symbol>
      <symbol id="sm-a32">
         <name>TimerIntUnregister</name>
         <value>0x20008835</value>
         <object_component_ref idref="oc-239"/>
      </symbol>
      <symbol id="sm-a33">
         <name>TimerIntStatus</name>
         <value>0x20009159</value>
         <object_component_ref idref="oc-221"/>
      </symbol>
      <symbol id="sm-a34">
         <name>TimerIntDisable</name>
         <value>0x200092d5</value>
         <object_component_ref idref="oc-233"/>
      </symbol>
      <symbol id="sm-a35">
         <name>TimerValueGet</name>
         <value>0x200091b3</value>
         <object_component_ref idref="oc-23f"/>
      </symbol>
      <symbol id="sm-a36">
         <name>TimerPrescaleSet</name>
         <value>0x20008f33</value>
         <object_component_ref idref="oc-209"/>
      </symbol>
      <symbol id="sm-a37">
         <name>TimerIntEnable</name>
         <value>0x200092ed</value>
         <object_component_ref idref="oc-21b"/>
      </symbol>
      <symbol id="sm-a38">
         <name>TimerConfigure</name>
         <value>0x20008be9</value>
         <object_component_ref idref="oc-203"/>
      </symbol>
      <symbol id="sm-a39">
         <name>TimerIntClear</name>
         <value>0x20009439</value>
         <object_component_ref idref="oc-227"/>
      </symbol>
      <symbol id="sm-ab8">
         <name>UARTConfigSetExpClk</name>
         <value>0x2000866d</value>
         <object_component_ref idref="oc-169"/>
      </symbol>
      <symbol id="sm-ab9">
         <name>UARTDisable</name>
         <value>0x20008e4d</value>
         <object_component_ref idref="oc-2f6"/>
      </symbol>
      <symbol id="sm-aba">
         <name>UARTIntEnable</name>
         <value>0x2000934d</value>
         <object_component_ref idref="oc-f8"/>
      </symbol>
      <symbol id="sm-abb">
         <name>UARTCharsAvail</name>
         <value>0x20009305</value>
         <object_component_ref idref="oc-f2"/>
      </symbol>
      <symbol id="sm-abc">
         <name>UARTCharGetNonBlocking</name>
         <value>0x200091cf</value>
         <object_component_ref idref="oc-24e"/>
      </symbol>
      <symbol id="sm-abd">
         <name>UARTIntDisable</name>
         <value>0x20009335</value>
         <object_component_ref idref="oc-da"/>
      </symbol>
      <symbol id="sm-abe">
         <name>UARTCharPut</name>
         <value>0x20009177</value>
         <object_component_ref idref="oc-10b"/>
      </symbol>
      <symbol id="sm-abf">
         <name>UARTEnable</name>
         <value>0x20008fd1</value>
         <object_component_ref idref="oc-2fc"/>
      </symbol>
      <symbol id="sm-ac0">
         <name>UARTCharGet</name>
         <value>0x200093a9</value>
         <object_component_ref idref="oc-ec"/>
      </symbol>
      <symbol id="sm-ac1">
         <name>UARTFIFOLevelSet</name>
         <value>0x2000931d</value>
         <object_component_ref idref="oc-15d"/>
      </symbol>
      <symbol id="sm-ac2">
         <name>UARTIntRegister</name>
         <value>0x20009195</value>
         <object_component_ref idref="oc-157"/>
      </symbol>
      <symbol id="sm-ac6">
         <name>UtilsDelay</name>
         <value>0x200094ad</value>
         <object_component_ref idref="oc-11f"/>
      </symbol>
      <symbol id="sm-ad0">
         <name>CPUcpsie</name>
         <value>0x200093d5</value>
         <object_component_ref idref="oc-2a5"/>
      </symbol>
      <symbol id="sm-ad2">
         <name>__TI_static_base__</name>
         <value>0x20009da0</value>
      </symbol>
      <symbol id="sm-ad5">
         <name>__mpu_init</name>
         <value>0x0</value>
      </symbol>
      <symbol id="sm-ad6">
         <name>_system_post_cinit</name>
         <value>0x0</value>
      </symbol>
   </symbol_table>
   <title>Link successful</title>
</link_info>
