******************************************************************************
                  TI ARM Linker PC v18.12.4                    
******************************************************************************
>> Linked Thu Feb  6 19:52:17 2020

OUTPUT FILE NAME:   <lab3.out>
ENTRY POINT SYMBOL: "_c_int00_noargs"  address: 20008e79


MEMORY CONFIGURATION

         name            origin    length      used     unused   attr    fill
----------------------  --------  ---------  --------  --------  ----  --------
  SRAM_CODE             20004000   00019000  00005bff  00013401  RW X
  SRAM_DATA             2001d000   00023000  0000148c  00021b74  RW X


SEGMENT ALLOCATION MAP

run origin  load origin   length   init length attrs members
----------  ----------- ---------- ----------- ----- -------
20004000    20004000    00005c08   00005c08    r-x
  20004000    20004000    00000400   00000400    r-- .intvecs
  20004400    20004400    00004ec2   00004ec2    r-x .text
  200092c4    200092c4    000008cd   000008cd    r-- .const
  20009b98    20009b98    00000070   00000070    r-- .cinit
2001d000    2001d000    00000c8c   00000000    rw-
  2001d000    2001d000    00000800   00000000    rw- .sysmem
  2001d800    2001d800    00000434   00000000    rw- .bss
  2001dc34    2001dc34    00000058   00000000    rw- .data
2003f800    2003f800    00000800   00000000    rw-
  2003f800    2003f800    00000800   00000000    rw- .stack


SECTION ALLOCATION MAP

 output                                  attributes/
section   page    origin      length       input sections
--------  ----  ----------  ----------   ----------------
.intvecs   0    20004000    00000400     
                  20004000    00000400     startup_ccs.obj (.intvecs)

.init_array 
*          0    20004000    00000000     UNINITIALIZED

.text      0    20004400    00004ec2     
                  20004400    00000a80     Adafruit_GFX.obj (.text)
                  20004e80    00000a4e     rtsv7M4_T_le_eabi.lib : _printfi.c.obj (.text:__TI_printfi)
                  200058ce    00000002     driverlib.a : interrupt.obj (.text:IntDefaultHandler)
                  200058d0    00000988     main.obj (.text)
                  20006258    000004a2     Adafruit_OLED.obj (.text)
                  200066fa    00000002     rtsv7M4_T_le_eabi.lib : _lock.c.obj (.text:_nop)
                  200066fc    00000280     uart_if.obj (.text)
                  2000697c    00000268     rtsv7M4_T_le_eabi.lib : _printfi.c.obj (.text:_pconv_a)
                  20006be4    00000260     OLED_helpers.obj (.text)
                  20006e44    000001cc     rtsv7M4_T_le_eabi.lib : _printfi.c.obj (.text:_pconv_g)
                  20007010    000001b6                           : fd_add_t2.asm.obj (.text)
                  200071c6    00000002                           : div0.asm.obj (.text)
                  200071c8    00000198     timer_if.obj (.text)
                  20007360    00000178     driverlib.a : prcm.obj (.text:PRCMCC3200MCUInit)
                  200074d8    0000013c     rtsv7M4_T_le_eabi.lib : _printfi.c.obj (.text:_pconv_e)
                  20007614    00000136                           : fd_div_t2.asm.obj (.text)
                  2000774a    00000002     --HOLE-- [fill = 0]
                  2000774c    00000120                           : _printfi.c.obj (.text:fcvt)
                  2000786c    0000011c     pin_mux_config.obj (.text)
                  20007988    00000118     rtsv7M4_T_le_eabi.lib : memory.c.obj (.text:aligned_alloc)
                  20007aa0    000000fc                           : fd_mul_t2.asm.obj (.text)
                  20007b9c    000000e8                           : memory.c.obj (.text:realloc)
                  20007c84    000000e4                           : memory.c.obj (.text:free)
                  20007d68    000000d0                           : s_scalbn.c.obj (.text:scalbn)
                  20007e38    000000b1                           : _printfi.c.obj (.text:_ltostr)
                  20007ee9    00000003     --HOLE-- [fill = 0]
                  20007eec    000000a8     driverlib.a : interrupt.obj (.text:IntDisable)
                  20007f94    000000a8                 : interrupt.obj (.text:IntEnable)
                  2000803c    000000a0                 : spi.obj (.text:SPIConfigSetExpClk)
                  200080dc    0000009c     rtsv7M4_T_le_eabi.lib : memcpy_t2.asm.obj (.text)
                  20008178    00000096                           : ull_div_t2.asm.obj (.text)
                  2000820e    00000002     --HOLE-- [fill = 0]
                  20008210    00000094     driverlib.a : prcm.obj (.text:PRCMPeripheralClockGet)
                  200082a4    00000088                 : pin.obj (.text:PinConfigSet)
                  2000832c    00000086     rtsv7M4_T_le_eabi.lib : fd_cmp_t2.asm.obj (.text:__aeabi_cdcmple)
                  200083b2    00000086                           : fd_cmp_t2.asm.obj (.text:__aeabi_cdrcmple)
                  20008438    00000082     driverlib.a : gpio.obj (.text:GPIOIntTypeSet)
                  200084ba    0000007a     rtsv7M4_T_le_eabi.lib : memset_t2.asm.obj (.text)
                  20008534    00000076     driverlib.a : uart.obj (.text:UARTConfigSetExpClk)
                  200085aa    00000002     --HOLE-- [fill = 0]
                  200085ac    00000070                 : timer.obj (.text:TimerIntRegister)
                  2000861c    00000070     rtsv7M4_T_le_eabi.lib : memory.c.obj (.text:split)
                  2000868c    0000006e                           : _printfi.c.obj (.text:_mcpy)
                  200086fa    00000002     --HOLE-- [fill = 0]
                  200086fc    00000068     driverlib.a : timer.obj (.text:TimerIntUnregister)
                  20008764    00000068     rtsv7M4_T_le_eabi.lib : copy_decompress_lzss.c.obj (.text:decompress:lzss:__TI_decompress_lzss)
                  200087cc    0000005c                           : s_frexp.c.obj (.text:frexp)
                  20008828    00000058     driverlib.a : prcm.obj (.text:PRCMPeripheralReset)
                  20008880    00000056     rtsv7M4_T_le_eabi.lib : _printfi.c.obj (.text:_pconv_f)
                  200088d6    00000002     --HOLE-- [fill = 0]
                  200088d8    00000054     driverlib.a : interrupt.obj (.text:IntPrioritySet)
                  2000892c    00000054     rtsv7M4_T_le_eabi.lib : ltoa.c.obj (.text:ltoa)
                  20008980    00000052                           : _printfi.c.obj (.text:_ecpy)
                  200089d2    00000002     --HOLE-- [fill = 0]
                  200089d4    0000004c                           : atoi.c.obj (.text:atoi)
                  20008a20    00000048     driverlib.a : gpio.obj (.text:GPIOGetIntNumber)
                  20008a68    00000048     rtsv7M4_T_le_eabi.lib : fd_toi_t2.asm.obj (.text)
                  20008ab0    00000044     driverlib.a : timer.obj (.text:TimerConfigure)
                  20008af4    00000044     rtsv7M4_T_le_eabi.lib : autoinit.c.obj (.text:__TI_auto_init_nobinit_nopinit:__TI_auto_init_nobinit_nopinit)
                  20008b38    00000040     driverlib.a : pin.obj (.text:PinModeSet)
                  20008b78    00000040     rtsv7M4_T_le_eabi.lib : vsnprintf.c.obj (.text:vsnprintf)
                  20008bb8    0000003e                           : _printfi.c.obj (.text:_fcpy)
                  20008bf6    00000002     --HOLE-- [fill = 0]
                  20008bf8    0000003c     driverlib.a : prcm.obj (.text:PRCMPeripheralClkEnable)
                  20008c34    00000036                 : gpio.obj (.text:GPIODirModeSet)
                  20008c6a    00000034     rtsv7M4_T_le_eabi.lib : strstr.c.obj (.text:strstr)
                  20008c9e    00000030     driverlib.a : pin.obj (.text:PinTypeGPIO)
                  20008cce    00000002     --HOLE-- [fill = 0]
                  20008cd0    00000030                 : uart.obj (.text:UARTDisable)
                  20008d00    00000030     rtsv7M4_T_le_eabi.lib : vsnprintf.c.obj (.text:_outs)
                  20008d30    0000002e                           : i_tofd_t2.asm.obj (.text)
                  20008d5e    00000002     --HOLE-- [fill = 0]
                  20008d60    0000002c     driverlib.a : prcm.obj (.text:PRCMSysResetCauseGet)
                  20008d8c    0000002a                 : timer.obj (.text:TimerLoadSet)
                  20008db6    0000002a                 : timer.obj (.text:TimerPrescaleSet)
                  20008de0    00000028                 : prcm.obj (.text:PRCMPeripheralClkDisable)
                  20008e08    00000028     rtsv7M4_T_le_eabi.lib : memory.c.obj (.text:free_list_insert)
                  20008e30    00000024     driverlib.a : interrupt.obj (.text:IntUnregister)
                  20008e54    00000024                 : uart.obj (.text:UARTEnable)
                  20008e78    00000024     rtsv7M4_T_le_eabi.lib : boot_cortex_m.c.obj (.text:_c_int00_noargs:_c_int00_noargs)
                  20008e9c    00000024                           : memmov.c.obj (.text:memmove)
                  20008ec0    00000022     driverlib.a : gpio.obj (.text:GPIOIntStatus)
                  20008ee2    00000022                 : spi.obj (.text:SPIReset)
                  20008f04    00000020                 : gpio.obj (.text:GPIOPinWrite)
                  20008f24    00000020                 : interrupt.obj (.text:IntRegister)
                  20008f44    00000020                 : spi.obj (.text:SPIDataGet)
                  20008f64    0000001e                 : gpio.obj (.text:GPIOIntRegister)
                  20008f82    0000001e                 : spi.obj (.text:SPIDataPut)
                  20008fa0    0000001e                 : timer.obj (.text:TimerDisable)
                  20008fbe    0000001e                 : timer.obj (.text:TimerEnable)
                  20008fdc    0000001e                 : timer.obj (.text:TimerIntStatus)
                  20008ffa    0000001e                 : uart.obj (.text:UARTCharPut)
                  20009018    0000001c                 : timer.obj (.text:TimerValueGet)
                  20009034    0000001c                 : uart.obj (.text:UARTCharGetNonBlocking)
                  20009050    0000001c     rtsv7M4_T_le_eabi.lib : memory.c.obj (.text:free_list_remove)
                  2000906c    0000001c                           : memccpy.c.obj (.text:memccpy)
                  20009088    0000001a     driverlib.a : gpio.obj (.text:GPIOIntDisable)
                  200090a2    0000001a                 : gpio.obj (.text:GPIOIntEnable)
                  200090bc    0000001a                 : pin.obj (.text:PinTypeSPI)
                  200090d6    0000001a                 : pin.obj (.text:PinTypeUART)
                  200090f0    00000018                 : spi.obj (.text:SPICSDisable)
                  20009108    00000018                 : spi.obj (.text:SPICSEnable)
                  20009120    00000018                 : spi.obj (.text:SPIEnable)
                  20009138    00000018                 : timer.obj (.text:TimerIntDisable)
                  20009150    00000018                 : timer.obj (.text:TimerIntEnable)
                  20009168    00000018                 : uart.obj (.text:UARTCharsAvail)
                  20009180    00000018     rtsv7M4_T_le_eabi.lib : vsnprintf.c.obj (.text:_outc)
                  20009198    00000016     driverlib.a : prcm.obj (.text:PRCMHIBRegRead)
                  200091ae    00000016                 : prcm.obj (.text:PRCMHIBRegWrite)
                  200091c4    00000016     rtsv7M4_T_le_eabi.lib : strchr.c.obj (.text:strchr)
                  200091da    00000014     driverlib.a : cpu.obj (.text:CPUcpsie)
                  200091ee    00000014                 : gpio.obj (.text:GPIOIntClear)
                  20009202    00000002     --HOLE-- [fill = 0]
                  20009204    00000014                 : interrupt.obj (.text:IntVTableBaseSet)
                  20009218    00000014     rtsv7M4_T_le_eabi.lib : strcpy.c.obj (.text:strcpy)
                  2000922c    00000014                           : strlen.c.obj (.text:strlen)
                  20009240    00000012     driverlib.a : timer.obj (.text:TimerIntClear)
                  20009252    00000012     rtsv7M4_T_le_eabi.lib : wcslen.c.obj (.text:wcslen)
                  20009264    0000000e                           : copy_decompress_none.c.obj (.text:decompress:none:__TI_decompress_none)
                  20009272    0000000e     startup_ccs.obj (.text)
                  20009280    0000000c     rtsv7M4_T_le_eabi.lib : s_copysign.c.obj (.text:copysign)
                  2000928c    0000000c                           : copy_zero_init.c.obj (.text:decompress:ZI:__TI_zero_init)
                  20009298    0000000a     driverlib.a : interrupt.obj (.text:IntMasterEnable)
                  200092a2    00000002     --HOLE-- [fill = 0]
                  200092a4    00000008     rtsv7M4_T_le_eabi.lib : errno.c.obj (.text:__aeabi_errno_addr)
                  200092ac    00000008                           : memory.c.obj (.text:malloc)
                  200092b4    00000006     driverlib.a : utils.obj (.text:UtilsDelay)
                  200092ba    00000004     rtsv7M4_T_le_eabi.lib : pre_init.c.obj (.text:_system_pre_init)
                  200092be    00000004                           : exit.c.obj (.text:abort:abort)

.const     0    200092c4    000008cd     
                  200092c4    000004fb     Adafruit_GFX.obj (.const:.string:font)
                  200097bf    00000101     rtsv7M4_T_le_eabi.lib : ctype.c.obj (.const:.string:_ctypes_)
                  200098c0    00000100     driverlib.a : pin.obj (.const:g_ulPinToPadMap)
                  200099c0    000000d4                 : interrupt.obj (.const:g_pulRegs)
                  20009a94    000000a8                 : prcm.obj (.const:PRCM_PeriphRegsList)
                  20009b3c    00000018                 : interrupt.obj (.const:g_pulDisRegs)
                  20009b54    00000018                 : interrupt.obj (.const:g_pulEnRegs)
                  20009b6c    0000000c     OLED_helpers.obj (.const:.string:$P$T0$1)
                  20009b78    0000000c     OLED_helpers.obj (.const:.string:$P$T1$2)
                  20009b84    0000000c     OLED_helpers.obj (.const:.string:$P$T2$3)
                  20009b90    00000001     main.obj (.const:.string:$P$T0$1)

.cinit     0    20009b98    00000070     
                  20009b98    0000004c     (.cinit..data.load) [load image, compression = lzss]
                  20009be4    0000000c     (__TI_handler_table)
                  20009bf0    00000008     (.cinit..bss.load) [load image, compression = zero_init]
                  20009bf8    00000010     (__TI_cinit_table)

.sysmem    0    2001d000    00000800     UNINITIALIZED
                  2001d000    00000010     rtsv7M4_T_le_eabi.lib : memory.c.obj (.sysmem)
                  2001d010    000007f0     --HOLE--

.bss       0    2001d800    00000434     UNINITIALIZED
                  2001d800    00000050     (.common:eight)
                  2001d850    00000050     (.common:five)
                  2001d8a0    00000050     (.common:four)
                  2001d8f0    00000050     (.common:last)
                  2001d940    00000050     (.common:mute)
                  2001d990    00000050     (.common:nine)
                  2001d9e0    00000050     (.common:one)
                  2001da30    00000050     (.common:seven)
                  2001da80    00000050     (.common:six)
                  2001dad0    00000050     (.common:three)
                  2001db20    00000050     (.common:two)
                  2001db70    00000050     (.common:zero)
                  2001dbc0    0000004c     (.common:arr)
                  2001dc0c    00000004     uart_if.obj (.bss)
                  2001dc10    00000004     (.common:bitBufferPos)
                  2001dc14    00000004     (.common:buffer)
                  2001dc18    00000004     (.common:buffer_Position)
                  2001dc1c    00000004     (.common:button)
                  2001dc20    00000004     (.common:numPresses)
                  2001dc24    00000004     (.common:prevButton)
                  2001dc28    00000004     (.common:recvBuffer)
                  2001dc2c    00000004     (.common:recv_buffer_Position)
                  2001dc30    00000004     (.common:timerCount)

.data      0    2001dc34    00000058     UNINITIALIZED
                  2001dc34    00000028     main.obj (.data:numPad)
                  2001dc5c    00000015     Adafruit_GFX.obj (.data)
                  2001dc71    00000003     --HOLE--
                  2001dc74    00000008     rtsv7M4_T_le_eabi.lib : _lock.c.obj (.data:$O1$$)
                  2001dc7c    00000008                           : memory.c.obj (.data:$O1$$)
                  2001dc84    00000004     main.obj (.data)
                  2001dc88    00000004     rtsv7M4_T_le_eabi.lib : errno.c.obj (.data)

.stack     0    2003f800    00000800     UNINITIALIZED
                  2003f800    00000004     rtsv7M4_T_le_eabi.lib : boot_cortex_m.c.obj (.stack)
                  2003f804    000007fc     --HOLE--

MODULE SUMMARY

       Module                       code    ro data   rw data
       ------                       ----    -------   -------
    .\
       Adafruit_GFX.obj             2688    1275      21     
       main.obj                     2440    1         1116   
       Adafruit_OLED.obj            1186    0         0      
       startup_ccs.obj              14      1024      0      
       OLED_helpers.obj             608     36        0      
       uart_if.obj                  640     0         4      
       timer_if.obj                 408     0         0      
       pin_mux_config.obj           284     0         0      
    +--+----------------------------+-------+---------+---------+
       Total:                       8268    2336      1141   
                                                             
    C:/ti/CC3200SDK_1.5.0/cc3200-sdk/driverlib/ccs/Release/driverlib.a
       prcm.obj                     800     168       0      
       interrupt.obj                520     260       0      
       pin.obj                      300     256       0      
       timer.obj                    552     0         0      
       gpio.obj                     424     0         0      
       spi.obj                      328     0         0      
       uart.obj                     284     0         0      
       cpu.obj                      20      0         0      
       utils.obj                    6       0         0      
    +--+----------------------------+-------+---------+---------+
       Total:                       3234    684       0      
                                                             
    C:\ti\ccs930\ccs\tools\compiler\ti-cgt-arm_18.12.4.LTS\lib\rtsv7M4_T_le_eabi.lib
       _printfi.c.obj               4835    0         0      
       memory.c.obj                 928     0         8      
       fd_add_t2.asm.obj            438     0         0      
       fd_div_t2.asm.obj            310     0         0      
       fd_cmp_t2.asm.obj            268     0         0      
       ctype.c.obj                  0       257       0      
       fd_mul_t2.asm.obj            252     0         0      
       s_scalbn.c.obj               208     0         0      
       memcpy_t2.asm.obj            156     0         0      
       ull_div_t2.asm.obj           150     0         0      
       vsnprintf.c.obj              136     0         0      
       memset_t2.asm.obj            122     0         0      
       copy_decompress_lzss.c.obj   104     0         0      
       s_frexp.c.obj                92      0         0      
       ltoa.c.obj                   84      0         0      
       atoi.c.obj                   76      0         0      
       fd_toi_t2.asm.obj            72      0         0      
       autoinit.c.obj               68      0         0      
       strstr.c.obj                 52      0         0      
       i_tofd_t2.asm.obj            46      0         0      
       boot_cortex_m.c.obj          36      0         0      
       memmov.c.obj                 36      0         0      
       memccpy.c.obj                28      0         0      
       strchr.c.obj                 22      0         0      
       strcpy.c.obj                 20      0         0      
       strlen.c.obj                 20      0         0      
       wcslen.c.obj                 18      0         0      
       copy_decompress_none.c.obj   14      0         0      
       copy_zero_init.c.obj         12      0         0      
       errno.c.obj                  8       0         4      
       s_copysign.c.obj             12      0         0      
       _lock.c.obj                  2       0         8      
       exit.c.obj                   4       0         0      
       pre_init.c.obj               4       0         0      
       div0.asm.obj                 2       0         0      
    +--+----------------------------+-------+---------+---------+
       Total:                       8635    257       20     
                                                             
       Heap:                        0       0         2048   
       Stack:                       0       0         2048   
       Linker Generated:            0       112       0      
    +--+----------------------------+-------+---------+---------+
       Grand Total:                 20137   3389      5257   


LINKER GENERATED COPY TABLES

__TI_cinit_table @ 20009bf8 records: 2, size/record: 8, table size: 16
	.data: load addr=20009b98, load size=0000004c bytes, run addr=2001dc34, run size=00000058 bytes, compression=lzss
	.bss: load addr=20009bf0, load size=00000008 bytes, run addr=2001d800, run size=00000434 bytes, compression=zero_init


LINKER GENERATED HANDLER TABLE

__TI_handler_table @ 20009be4 records: 3, size/record: 4, table size: 12
	index: 0, handler: __TI_decompress_lzss
	index: 1, handler: __TI_decompress_none
	index: 2, handler: __TI_zero_init


GLOBAL SYMBOLS: SORTED ALPHABETICALLY BY Name 

address   name                          
-------   ----                          
200062e1  Adafruit_Init                 
200092bf  C$$EXIT                       
200091db  CPUcpsie                      
2000673d  ClearTerm                     
2000645b  Color565                      
20006747  Error                         
20008c35  GPIODirModeSet                
200091ef  GPIOIntClear                  
20009089  GPIOIntDisable                
200090a3  GPIOIntEnable                 
20008f65  GPIOIntRegister               
20008ec1  GPIOIntStatus                 
20008439  GPIOIntTypeSet                
20008f05  GPIOPinWrite                  
2000677f  GetCmd                        
200066fd  InitTerm                      
20007eed  IntDisable                    
20007f95  IntEnable                     
20009299  IntMasterEnable               
200088d9  IntPrioritySet                
20008f25  IntRegister                   
20008e31  IntUnregister                 
20009205  IntVTableBaseSet              
2000671b  Message                       
20004dab  Outstr                        
20007361  PRCMCC3200MCUInit             
20009199  PRCMHIBRegRead                
200091af  PRCMHIBRegWrite               
20008de1  PRCMPeripheralClkDisable      
20008bf9  PRCMPeripheralClkEnable       
20008211  PRCMPeripheralClockGet        
20008829  PRCMPeripheralReset           
20008d61  PRCMSysResetCauseGet          
200082a5  PinConfigSet                  
20008b39  PinModeSet                    
2000786d  PinMuxConfig                  
20008c9f  PinTypeGPIO                   
200090bd  PinTypeSPI                    
200090d7  PinTypeUART                   
200068bd  Report                        
20009273  ResetISR                      
200090f1  SPICSDisable                  
20009109  SPICSEnable                   
2000803d  SPIConfigSetExpClk            
20008f45  SPIDataGet                    
20008f83  SPIDataPut                    
20009121  SPIEnable                     
20008ee3  SPIReset                      
20008ab1  TimerConfigure                
20008fa1  TimerDisable                  
20008fbf  TimerEnable                   
2000592b  TimerHandler                  
20009241  TimerIntClear                 
20009139  TimerIntDisable               
20009151  TimerIntEnable                
2000593d  TimerIntHandler               
200085ad  TimerIntRegister              
20008fdd  TimerIntStatus                
200086fd  TimerIntUnregister            
20008d8d  TimerLoadSet                  
20008db7  TimerPrescaleSet              
20009019  TimerValueGet                 
2000730f  Timer_IF_DeInit               
20007341  Timer_IF_GetCount             
20007249  Timer_IF_Init                 
2000727b  Timer_IF_IntSetup             
200072c7  Timer_IF_InterruptClear       
20007329  Timer_IF_ReLoad               
200072df  Timer_IF_Start                
200072ff  Timer_IF_Stop                 
20006825  TrimSpace                     
20009035  UARTCharGetNonBlocking        
20008ffb  UARTCharPut                   
20009169  UARTCharsAvail                
20008535  UARTConfigSetExpClk           
20008cd1  UARTDisable                   
20008e55  UARTEnable                    
200092b5  UtilsDelay                    
20040000  __STACK_END                   
00000800  __STACK_SIZE                  
00000800  __SYSMEM_SIZE                 
20009bf8  __TI_CINIT_Base               
20009c08  __TI_CINIT_Limit              
20009be4  __TI_Handler_Table_Base       
20009bf0  __TI_Handler_Table_Limit      
20008af5  __TI_auto_init_nobinit_nopinit
20008765  __TI_decompress_lzss          
20009265  __TI_decompress_none          
ffffffff  __TI_pprof_out_hndl           
20004e81  __TI_printfi                  
ffffffff  __TI_prof_data_size           
ffffffff  __TI_prof_data_start          
20009b98  __TI_static_base__            
2000928d  __TI_zero_init                
2000832d  __aeabi_cdcmpeq               
2000832d  __aeabi_cdcmple               
200083b3  __aeabi_cdrcmple              
20008a69  __aeabi_d2iz                  
2000701b  __aeabi_dadd                  
20007615  __aeabi_ddiv                  
20007aa1  __aeabi_dmul                  
20007011  __aeabi_dsub                  
200092a5  __aeabi_errno_addr            
20008d31  __aeabi_i2d                   
200071c7  __aeabi_idiv0                 
200071c7  __aeabi_ldiv0                 
200084bb  __aeabi_memclr                
200084bb  __aeabi_memclr4               
200084bb  __aeabi_memclr8               
200080dd  __aeabi_memcpy                
200080dd  __aeabi_memcpy4               
200080dd  __aeabi_memcpy8               
200084bd  __aeabi_memset                
200084bd  __aeabi_memset4               
200084bd  __aeabi_memset8               
20008179  __aeabi_uldivmod              
ffffffff  __binit__                     
ffffffff  __c_args__                    
UNDEFED   __mpu_init                    
2003f800  __stack                       
20008e79  _c_int00_noargs               
200097bf  _ctypes_                      
2001dc74  _lock                         
200066fb  _nop                          
2001d000  _sys_memory                   
UNDEFED   _system_post_cinit            
200092bb  _system_pre_init              
2001dc78  _unlock                       
200092bf  abort                         
20007989  aligned_alloc                 
2001dbc0  arr                           
200089d5  atoi                          
ffffffff  binit                         
2001dc10  bitBufferPos                  
20006c19  boot_Up                       
2001dc14  buffer                        
2001dc18  buffer_Position               
2001dc1c  button                        
20005985  char_Delete                   
20006dfb  clear_Incoming                
20006de7  clear_Outgoing                
20005953  compareStrings                
20009281  copysign                      
20009281  copysignl                     
2001dc5c  cursor_x                      
2001dc60  cursor_y                      
20006be5  delay                         
20004c5f  drawChar                      
20004401  drawCircle                    
20004535  drawCircleHelper              
20006605  drawFastHLine                 
20006569  drawFastVLine                 
2000477b  drawLine                      
200066a1  drawPixel                     
20004867  drawRect                      
200048b5  drawRoundRect                 
20004a1d  drawTriangle                  
2001d800  eight                         
2000596b  empty_Buffer                  
20006e0f  erase_InChar                  
2001dc88  errno                         
20004653  fillCircle                    
2000468d  fillCircleHelper              
200064b3  fillRect                      
200049a3  fillRoundRect                 
2000649d  fillScreen                    
20004a5f  fillTriangle                  
20005a19  fill_Buffer                   
200059af  findText                      
2001d850  five                          
2001d8a0  four                          
20007c85  free                          
200087cd  frexp                         
200087cd  frexpl                        
20004000  g_pfnVectors                  
20006417  goTo                          
20004e5f  height                        
20006d7b  input_Display                 
200066df  invert                        
2001d8f0  last                          
20007d69  ldexp                         
20007d69  ldexpl                        
2000892d  ltoa                          
20005f49  main                          
200092ad  malloc                        
20007989  memalign                      
2000906d  memccpy                       
200080dd  memcpy                        
20008e9d  memmove                       
200084c3  memset                        
20006c83  menu_Start                    
2001d940  mute                          
2001d990  nine                          
2001dc34  numPad                        
2001dc20  numPresses                    
2001d9e0  one                           
20006db1  output_Display                
2001dc24  prevButton                    
20007b9d  realloc                       
2001dc28  recvBuffer                    
2001dc2c  recv_buffer_Position          
20007d69  scalbn                        
20007d69  scalbnl                       
20004df7  setCursor                     
20004e2f  setTextColor                  
20004e0f  setTextSize                   
20004e47  setTextWrap                   
2001da30  seven                         
2001da80  six                           
200091c5  strchr                        
20009219  strcpy                        
2000922d  strlen                        
20008c6b  strstr                        
2001dc6c  textbgcolor                   
2001dc68  textcolor                     
2001dc64  textsize                      
2001dad0  three                         
2001dc30  timerCount                    
2001db20  two                           
20008b79  vsnprintf                     
20009253  wcslen                        
20004e5b  width                         
2001dc70  wrap                          
20006259  writeCommand                  
2000629d  writeData                     
2001db70  zero                          


GLOBAL SYMBOLS: SORTED BY Symbol Address 

address   name                          
-------   ----                          
00000800  __STACK_SIZE                  
00000800  __SYSMEM_SIZE                 
20004000  g_pfnVectors                  
20004401  drawCircle                    
20004535  drawCircleHelper              
20004653  fillCircle                    
2000468d  fillCircleHelper              
2000477b  drawLine                      
20004867  drawRect                      
200048b5  drawRoundRect                 
200049a3  fillRoundRect                 
20004a1d  drawTriangle                  
20004a5f  fillTriangle                  
20004c5f  drawChar                      
20004dab  Outstr                        
20004df7  setCursor                     
20004e0f  setTextSize                   
20004e2f  setTextColor                  
20004e47  setTextWrap                   
20004e5b  width                         
20004e5f  height                        
20004e81  __TI_printfi                  
2000592b  TimerHandler                  
2000593d  TimerIntHandler               
20005953  compareStrings                
2000596b  empty_Buffer                  
20005985  char_Delete                   
200059af  findText                      
20005a19  fill_Buffer                   
20005f49  main                          
20006259  writeCommand                  
2000629d  writeData                     
200062e1  Adafruit_Init                 
20006417  goTo                          
2000645b  Color565                      
2000649d  fillScreen                    
200064b3  fillRect                      
20006569  drawFastVLine                 
20006605  drawFastHLine                 
200066a1  drawPixel                     
200066df  invert                        
200066fb  _nop                          
200066fd  InitTerm                      
2000671b  Message                       
2000673d  ClearTerm                     
20006747  Error                         
2000677f  GetCmd                        
20006825  TrimSpace                     
200068bd  Report                        
20006be5  delay                         
20006c19  boot_Up                       
20006c83  menu_Start                    
20006d7b  input_Display                 
20006db1  output_Display                
20006de7  clear_Outgoing                
20006dfb  clear_Incoming                
20006e0f  erase_InChar                  
20007011  __aeabi_dsub                  
2000701b  __aeabi_dadd                  
200071c7  __aeabi_idiv0                 
200071c7  __aeabi_ldiv0                 
20007249  Timer_IF_Init                 
2000727b  Timer_IF_IntSetup             
200072c7  Timer_IF_InterruptClear       
200072df  Timer_IF_Start                
200072ff  Timer_IF_Stop                 
2000730f  Timer_IF_DeInit               
20007329  Timer_IF_ReLoad               
20007341  Timer_IF_GetCount             
20007361  PRCMCC3200MCUInit             
20007615  __aeabi_ddiv                  
2000786d  PinMuxConfig                  
20007989  aligned_alloc                 
20007989  memalign                      
20007aa1  __aeabi_dmul                  
20007b9d  realloc                       
20007c85  free                          
20007d69  ldexp                         
20007d69  ldexpl                        
20007d69  scalbn                        
20007d69  scalbnl                       
20007eed  IntDisable                    
20007f95  IntEnable                     
2000803d  SPIConfigSetExpClk            
200080dd  __aeabi_memcpy                
200080dd  __aeabi_memcpy4               
200080dd  __aeabi_memcpy8               
200080dd  memcpy                        
20008179  __aeabi_uldivmod              
20008211  PRCMPeripheralClockGet        
200082a5  PinConfigSet                  
2000832d  __aeabi_cdcmpeq               
2000832d  __aeabi_cdcmple               
200083b3  __aeabi_cdrcmple              
20008439  GPIOIntTypeSet                
200084bb  __aeabi_memclr                
200084bb  __aeabi_memclr4               
200084bb  __aeabi_memclr8               
200084bd  __aeabi_memset                
200084bd  __aeabi_memset4               
200084bd  __aeabi_memset8               
200084c3  memset                        
20008535  UARTConfigSetExpClk           
200085ad  TimerIntRegister              
200086fd  TimerIntUnregister            
20008765  __TI_decompress_lzss          
200087cd  frexp                         
200087cd  frexpl                        
20008829  PRCMPeripheralReset           
200088d9  IntPrioritySet                
2000892d  ltoa                          
200089d5  atoi                          
20008a69  __aeabi_d2iz                  
20008ab1  TimerConfigure                
20008af5  __TI_auto_init_nobinit_nopinit
20008b39  PinModeSet                    
20008b79  vsnprintf                     
20008bf9  PRCMPeripheralClkEnable       
20008c35  GPIODirModeSet                
20008c6b  strstr                        
20008c9f  PinTypeGPIO                   
20008cd1  UARTDisable                   
20008d31  __aeabi_i2d                   
20008d61  PRCMSysResetCauseGet          
20008d8d  TimerLoadSet                  
20008db7  TimerPrescaleSet              
20008de1  PRCMPeripheralClkDisable      
20008e31  IntUnregister                 
20008e55  UARTEnable                    
20008e79  _c_int00_noargs               
20008e9d  memmove                       
20008ec1  GPIOIntStatus                 
20008ee3  SPIReset                      
20008f05  GPIOPinWrite                  
20008f25  IntRegister                   
20008f45  SPIDataGet                    
20008f65  GPIOIntRegister               
20008f83  SPIDataPut                    
20008fa1  TimerDisable                  
20008fbf  TimerEnable                   
20008fdd  TimerIntStatus                
20008ffb  UARTCharPut                   
20009019  TimerValueGet                 
20009035  UARTCharGetNonBlocking        
2000906d  memccpy                       
20009089  GPIOIntDisable                
200090a3  GPIOIntEnable                 
200090bd  PinTypeSPI                    
200090d7  PinTypeUART                   
200090f1  SPICSDisable                  
20009109  SPICSEnable                   
20009121  SPIEnable                     
20009139  TimerIntDisable               
20009151  TimerIntEnable                
20009169  UARTCharsAvail                
20009199  PRCMHIBRegRead                
200091af  PRCMHIBRegWrite               
200091c5  strchr                        
200091db  CPUcpsie                      
200091ef  GPIOIntClear                  
20009205  IntVTableBaseSet              
20009219  strcpy                        
2000922d  strlen                        
20009241  TimerIntClear                 
20009253  wcslen                        
20009265  __TI_decompress_none          
20009273  ResetISR                      
20009281  copysign                      
20009281  copysignl                     
2000928d  __TI_zero_init                
20009299  IntMasterEnable               
200092a5  __aeabi_errno_addr            
200092ad  malloc                        
200092b5  UtilsDelay                    
200092bb  _system_pre_init              
200092bf  C$$EXIT                       
200092bf  abort                         
200097bf  _ctypes_                      
20009b98  __TI_static_base__            
20009be4  __TI_Handler_Table_Base       
20009bf0  __TI_Handler_Table_Limit      
20009bf8  __TI_CINIT_Base               
20009c08  __TI_CINIT_Limit              
2001d000  _sys_memory                   
2001d800  eight                         
2001d850  five                          
2001d8a0  four                          
2001d8f0  last                          
2001d940  mute                          
2001d990  nine                          
2001d9e0  one                           
2001da30  seven                         
2001da80  six                           
2001dad0  three                         
2001db20  two                           
2001db70  zero                          
2001dbc0  arr                           
2001dc10  bitBufferPos                  
2001dc14  buffer                        
2001dc18  buffer_Position               
2001dc1c  button                        
2001dc20  numPresses                    
2001dc24  prevButton                    
2001dc28  recvBuffer                    
2001dc2c  recv_buffer_Position          
2001dc30  timerCount                    
2001dc34  numPad                        
2001dc5c  cursor_x                      
2001dc60  cursor_y                      
2001dc64  textsize                      
2001dc68  textcolor                     
2001dc6c  textbgcolor                   
2001dc70  wrap                          
2001dc74  _lock                         
2001dc78  _unlock                       
2001dc88  errno                         
2003f800  __stack                       
20040000  __STACK_END                   
ffffffff  __TI_pprof_out_hndl           
ffffffff  __TI_prof_data_size           
ffffffff  __TI_prof_data_start          
ffffffff  __binit__                     
ffffffff  __c_args__                    
ffffffff  binit                         
UNDEFED   __mpu_init                    
UNDEFED   _system_post_cinit            

[226 symbols]
